UI Workbench
  checkout: /home/destin/youcoded-dev/worktrees/sessions/files-drawer-honesty/youcoded
  open this in a local browser:
    http://localhost:5553/?mode=workbench

  scenarios: &scenario=default|empty|no-providers|refused|stress
  latency:   &latency=0|150|2000   (ms of fake IPC delay; default 150)

npm notice run youcoded@1.2.4 dev:renderer
npm notice run vite --port 5553
(!) Your Vite config uses features that are unsupported by `configLoader: 'native'`, which is planned to become the default in a future major version of Vite:
  - ESM syntax in a file loaded as CommonJS (vite.config.ts:1:1). Use a `.mjs` extension or set `"type": "module"` in the closest package.json
Set `VITE_CONFIG_NATIVE_IGNORE_WARNING=true` to suppress this warning.

  VITE v8.2.2  ready in 72 ms

  ➜  Local:   http://127.0.0.1:5553/
5:42:54 PM [vite] (client) [console.warn] [workbench] unimplemented channel zoom.get []
5:42:54 PM [vite] (client) [console.warn] [workbench] unimplemented channel attention.getSummary []
5:42:54 PM [vite] (client) [console.warn] [workbench] unimplemented channel system.notifyStackState [true]
5:42:54 PM [vite] (client) [console.warn] [workbench] unimplemented channel remote.getClientCount []
5:42:54 PM [vite] (client) [console.warn] [workbench] unimplemented channel commands.list []
5:42:54 PM [vite] (client) [console.warn] [workbench] unimplemented channel skills.getCuratedDefaults []
5:42:54 PM [vite] (client) [console.warn] [workbench] unimplemented channel window.setIcon [null]
5:42:55 PM [vite] (client) [console.warn] [workbench] unimplemented channel remote.preview []
5:42:55 PM [vite] (client) [console.warn] [workbench] unimplemented channel session.signalReady ["wb-1"]
5:42:55 PM [vite] (client) [console.warn] [workbench] unimplemented channel performance.get []
5:42:55 PM [vite] (client) [console.warn] [workbench] unimplemented channel attention.report [{"sessionId":"wb-1","attentionState":"ok","awaitingApproval":false,"status":"green"}]
5:43:00 PM [vite] (client) [console.warn] [workbench] unimplemented channel zoom.get []
5:43:00 PM [vite] (client) [console.warn] [workbench] unimplemented channel attention.getSummary []
5:43:00 PM [vite] (client) [console.warn] [workbench] unimplemented channel system.notifyStackState [true]
5:43:00 PM [vite] (client) [console.warn] [workbench] unimplemented channel remote.getClientCount []
5:43:00 PM [vite] (client) [console.warn] [workbench] unimplemented channel commands.list []
5:43:00 PM [vite] (client) [console.warn] [workbench] unimplemented channel skills.getCuratedDefaults []
5:43:00 PM [vite] (client) [console.warn] [workbench] unimplemented channel window.setIcon [null]
5:43:00 PM [vite] (client) [console.warn] [workbench] unimplemented channel remote.preview []
5:43:00 PM [vite] (client) [console.warn] [workbench] unimplemented channel session.signalReady ["wb-1"]
5:43:00 PM [vite] (client) [console.warn] [workbench] unimplemented channel performance.get []
5:43:00 PM [vite] (client) [console.warn] [workbench] unimplemented channel attention.report [{"sessionId":"wb-1","attentionState":"ok","awaitingApproval":false,"status":"green"}]
5:43:06 PM [vite] (client) [console.warn] [workbench] unimplemented channel zoom.get []
5:43:06 PM [vite] (client) [console.warn] [workbench] unimplemented channel attention.getSummary []
5:43:06 PM [vite] (client) [console.warn] [workbench] unimplemented channel system.notifyStackState [true]
5:43:06 PM [vite] (client) [console.warn] [workbench] unimplemented channel remote.getClientCount []
5:43:06 PM [vite] (client) [console.warn] [workbench] unimplemented channel commands.list []
5:43:06 PM [vite] (client) [console.warn] [workbench] unimplemented channel skills.getCuratedDefaults []
5:43:06 PM [vite] (client) [console.warn] [workbench] unimplemented channel window.setIcon [null]
5:43:06 PM [vite] (client) [console.warn] [workbench] unimplemented channel remote.preview []
5:43:06 PM [vite] (client) [console.warn] [workbench] unimplemented channel performance.get []
5:43:12 PM [vite] (client) [console.warn] [workbench] unimplemented channel zoom.get []
5:43:12 PM [vite] (client) [console.warn] [workbench] unimplemented channel attention.getSummary []
5:43:12 PM [vite] (client) [console.warn] [workbench] unimplemented channel system.notifyStackState [true]
5:43:12 PM [vite] (client) [console.warn] [workbench] unimplemented channel remote.getClientCount []
5:43:12 PM [vite] (client) [console.warn] [workbench] unimplemented channel commands.list []
5:43:12 PM [vite] (client) [console.warn] [workbench] unimplemented channel skills.getCuratedDefaults []
5:43:12 PM [vite] (client) [console.warn] [workbench] unimplemented channel window.setIcon [null]
5:43:12 PM [vite] (client) [console.warn] [workbench] unimplemented channel remote.preview []
5:43:12 PM [vite] (client) [console.warn] [workbench] unimplemented channel session.signalReady ["wb-1"]
5:43:12 PM [vite] (client) [console.warn] [workbench] unimplemented channel performance.get []
5:43:12 PM [vite] (client) [console.warn] [workbench] unimplemented channel attention.report [{"sessionId":"wb-1","attentionState":"ok","awaitingApproval":false,"status":"green"}]
5:43:18 PM [vite] (client) [console.warn] [workbench] unimplemented channel zoom.get []
5:43:18 PM [vite] (client) [console.warn] [workbench] unimplemented channel attention.getSummary []
5:43:18 PM [vite] (client) [console.warn] [workbench] unimplemented channel system.notifyStackState [true]
5:43:18 PM [vite] (client) [console.warn] [workbench] unimplemented channel remote.getClientCount []
5:43:18 PM [vite] (client) [console.warn] [workbench] unimplemented channel commands.list []
5:43:18 PM [vite] (client) [console.warn] [workbench] unimplemented channel skills.getCuratedDefaults []
5:43:18 PM [vite] (client) [console.warn] [workbench] unimplemented channel window.setIcon [null]
5:43:18 PM [vite] (client) [console.warn] [workbench] unimplemented channel remote.preview []
5:43:18 PM [vite] (client) [console.warn] [workbench] unimplemented channel session.signalReady ["wb-1"]
5:43:18 PM [vite] (client) [console.warn] [workbench] unimplemented channel performance.get []
5:43:18 PM [vite] (client) [console.warn] [workbench] unimplemented channel attention.report [{"sessionId":"wb-1","attentionState":"ok","awaitingApproval":false,"status":"green"}]
5:43:24 PM [vite] (client) [console.warn] [workbench] unimplemented channel zoom.get []
5:43:24 PM [vite] (client) [console.warn] [workbench] unimplemented channel attention.getSummary []
5:43:24 PM [vite] (client) [console.warn] [workbench] unimplemented channel system.notifyStackState [true]
5:43:24 PM [vite] (client) [console.warn] [workbench] unimplemented channel remote.getClientCount []
5:43:24 PM [vite] (client) [console.warn] [workbench] unimplemented channel commands.list []
5:43:24 PM [vite] (client) [console.warn] [workbench] unimplemented channel skills.getCuratedDefaults []
5:43:24 PM [vite] (client) [console.warn] [workbench] unimplemented channel window.setIcon [null]
5:43:24 PM [vite] (client) [console.warn] [workbench] unimplemented channel remote.preview []
5:43:24 PM [vite] (client) [console.warn] [workbench] unimplemented channel session.signalReady ["wb-1"]
5:43:24 PM [vite] (client) [console.warn] [workbench] unimplemented channel performance.get []
5:43:24 PM [vite] (client) [console.warn] [workbench] unimplemented channel attention.report [{"sessionId":"wb-1","attentionState":"ok","awaitingApproval":false,"status":"green"}]
5:43:30 PM [vite] (client) [console.warn] [workbench] unimplemented channel zoom.get []
5:43:30 PM [vite] (client) [console.warn] [workbench] unimplemented channel attention.getSummary []
5:43:30 PM [vite] (client) [console.warn] [workbench] unimplemented channel system.notifyStackState [true]
5:43:30 PM [vite] (client) [console.warn] [workbench] unimplemented channel remote.getClientCount []
5:43:30 PM [vite] (client) [console.warn] [workbench] unimplemented channel commands.list []
5:43:30 PM [vite] (client) [console.warn] [workbench] unimplemented channel skills.getCuratedDefaults []
5:43:30 PM [vite] (client) [console.warn] [workbench] unimplemented channel window.setIcon [null]
5:43:30 PM [vite] (client) [console.warn] [workbench] unimplemented channel remote.preview []
5:43:30 PM [vite] (client) [console.warn] [workbench] unimplemented channel session.signalReady ["site-1"]
5:43:30 PM [vite] (client) [console.warn] [workbench] unimplemented channel performance.get []
5:43:30 PM [vite] (client) [console.warn] [workbench] unimplemented channel attention.report [{"sessionId":"site-1","attentionState":"ok","awaitingApproval":false,"status":"gray"}]
5:43:36 PM [vite] (client) [console.warn] [workbench] unimplemented channel window.setIcon [null]
5:43:42 PM [vite] (client) [console.warn] [workbench] unimplemented channel commands.list []
5:43:42 PM [vite] (client) [console.warn] [workbench] unimplemented channel skills.getCuratedDefaults []
5:43:42 PM [vite] (client) [console.warn] [workbench] unimplemented channel window.setIcon [null]
5:43:48 PM [vite] (client) [console.warn] [workbench] unimplemented channel window.setIcon [null]
5:43:54 PM [vite] (client) [console.warn] [workbench] unimplemented channel zoom.get []
5:43:54 PM [vite] (client) [console.warn] [workbench] unimplemented channel attention.getSummary []
5:43:54 PM [vite] (client) [console.warn] [workbench] unimplemented channel system.notifyStackState [true]
5:43:54 PM [vite] (client) [console.warn] [workbench] unimplemented channel remote.getClientCount []
5:43:54 PM [vite] (client) [console.warn] [workbench] unimplemented channel commands.list []
5:43:54 PM [vite] (client) [console.warn] [workbench] unimplemented channel skills.getCuratedDefaults []
5:43:54 PM [vite] (client) [console.warn] [workbench] unimplemented channel window.setIcon [null]
5:43:54 PM [vite] (client) [console.warn] [workbench] unimplemented channel remote.preview []
5:43:55 PM [vite] (client) [console.warn] [workbench] unimplemented channel session.signalReady ["wb-1"]
5:43:55 PM [vite] (client) [console.warn] [workbench] unimplemented channel performance.get []
5:43:55 PM [vite] (client) [console.warn] [workbench] unimplemented channel attention.report [{"sessionId":"wb-1","attentionState":"ok","awaitingApproval":false,"status":"green"}]
5:44:00 PM [vite] (client) [console.warn] [workbench] unimplemented channel window.setIcon [null]
5:44:06 PM [vite] (client) [console.warn] [workbench] unimplemented channel window.setIcon [null]
5:44:13 PM [vite] (client) [console.warn] [workbench] unimplemented channel zoom.get []
5:44:13 PM [vite] (client) [console.warn] [workbench] unimplemented channel attention.getSummary []
5:44:13 PM [vite] (client) [console.warn] [workbench] unimplemented channel system.notifyStackState [true]
5:44:13 PM [vite] (client) [console.warn] [workbench] unimplemented channel remote.getClientCount []
5:44:13 PM [vite] (client) [console.warn] [workbench] unimplemented channel commands.list []
5:44:13 PM [vite] (client) [console.warn] [workbench] unimplemented channel skills.getCuratedDefaults []
5:44:13 PM [vite] (client) [console.warn] [workbench] unimplemented channel window.setIcon [null]
5:44:13 PM [vite] (client) [console.warn] [workbench] unimplemented channel remote.preview []
5:44:13 PM [vite] (client) [console.warn] [workbench] unimplemented channel session.signalReady ["wb-1"]
5:44:13 PM [vite] (client) [console.warn] [workbench] unimplemented channel performance.get []
5:44:13 PM [vite] (client) [console.warn] [workbench] unimplemented channel attention.report [{"sessionId":"wb-1","attentionState":"ok","awaitingApproval":false,"status":"green"}]
5:44:18 PM [vite] (client) [console.warn] [workbench] unimplemented channel zoom.get []
5:44:18 PM [vite] (client) [console.warn] [workbench] unimplemented channel attention.getSummary []
5:44:18 PM [vite] (client) [console.warn] [workbench] unimplemented channel system.notifyStackState [true]
5:44:18 PM [vite] (client) [console.warn] [workbench] unimplemented channel remote.getClientCount []
5:44:18 PM [vite] (client) [console.warn] [workbench] unimplemented channel commands.list []
5:44:18 PM [vite] (client) [console.warn] [workbench] unimplemented channel skills.getCuratedDefaults []
5:44:18 PM [vite] (client) [console.warn] [workbench] unimplemented channel window.setIcon [null]
5:44:19 PM [vite] (client) [console.warn] [workbench] unimplemented channel remote.preview []
5:44:19 PM [vite] (client) [console.warn] [workbench] unimplemented channel session.signalReady ["wb-1"]
5:44:19 PM [vite] (client) [console.warn] [workbench] unimplemented channel performance.get []
5:44:19 PM [vite] (client) [console.warn] [workbench] unimplemented channel attention.report [{"sessionId":"wb-1","attentionState":"ok","awaitingApproval":false,"status":"green"}]
5:44:24 PM [vite] (client) [console.warn] [workbench] unimplemented channel zoom.get []
5:44:24 PM [vite] (client) [console.warn] [workbench] unimplemented channel attention.getSummary []
5:44:24 PM [vite] (client) [console.warn] [workbench] unimplemented channel system.notifyStackState [true]
5:44:24 PM [vite] (client) [console.warn] [workbench] unimplemented channel remote.getClientCount []
5:44:24 PM [vite] (client) [console.warn] [workbench] unimplemented channel commands.list []
5:44:24 PM [vite] (client) [console.warn] [workbench] unimplemented channel skills.getCuratedDefaults []
5:44:24 PM [vite] (client) [console.warn] [workbench] unimplemented channel window.setIcon [null]
5:44:25 PM [vite] (client) [console.warn] [workbench] unimplemented channel attention.report [{"sessionId":"wb-1","attentionState":"ok","awaitingApproval":false,"status":"green"}]
5:44:31 PM [vite] (client) [console.warn] [workbench] unimplemented channel zoom.get []
5:44:31 PM [vite] (client) [console.warn] [workbench] unimplemented channel attention.getSummary []
5:44:31 PM [vite] (client) [console.warn] [workbench] unimplemented channel system.notifyStackState [true]
5:44:31 PM [vite] (client) [console.warn] [workbench] unimplemented channel remote.getClientCount []
5:44:31 PM [vite] (client) [console.warn] [workbench] unimplemented channel commands.list []
5:44:31 PM [vite] (client) [console.warn] [workbench] unimplemented channel skills.getCuratedDefaults []
5:44:31 PM [vite] (client) [console.warn] [workbench] unimplemented channel window.setIcon [null]
5:44:31 PM [vite] (client) [console.warn] [workbench] unimplemented channel zoom.get []
5:44:31 PM [vite] (client) [console.warn] [workbench] unimplemented channel attention.getSummary []
5:44:31 PM [vite] (client) [console.warn] [workbench] unimplemented channel system.notifyStackState [true]
5:44:31 PM [vite] (client) [console.warn] [workbench] unimplemented channel remote.getClientCount []
5:44:31 PM [vite] (client) [console.warn] [workbench] unimplemented channel commands.list []
5:44:31 PM [vite] (client) [console.warn] [workbench] unimplemented channel skills.getCuratedDefaults []
5:44:31 PM [vite] (client) [console.warn] [workbench] unimplemented channel window.setIcon [null]
5:44:31 PM [vite] (client) [console.warn] [workbench] unimplemented channel remote.preview []
5:44:31 PM [vite] (client) [console.warn] [workbench] unimplemented channel remote.preview []
5:44:31 PM [vite] (client) [console.warn] [workbench] unimplemented channel session.signalReady ["wb-1"]
5:44:31 PM [vite] (client) [console.warn] [workbench] unimplemented channel session.signalReady ["wb-1"]
5:44:31 PM [vite] (client) [console.warn] [workbench] unimplemented channel performance.get []
5:44:31 PM [vite] (client) [console.warn] [workbench] unimplemented channel performance.get []
5:44:31 PM [vite] (client) [console.warn] [workbench] unimplemented channel attention.report [{"sessionId":"wb-1","attentionState":"ok","awaitingApproval":false,"status":"green"}]
5:44:31 PM [vite] (client) [console.warn] [workbench] unimplemented channel attention.report [{"sessionId":"wb-1","attentionState":"ok","awaitingApproval":false,"status":"green"}]
5:44:35 PM [vite] (client) [console.warn] [workbench] unimplemented channel zoom.get []
5:44:35 PM [vite] (client) [console.warn] [workbench] unimplemented channel attention.getSummary []
5:44:35 PM [vite] (client) [console.warn] [workbench] unimplemented channel system.notifyStackState [true]
5:44:35 PM [vite] (client) [console.warn] [workbench] unimplemented channel remote.getClientCount []
5:44:35 PM [vite] (client) [console.warn] [workbench] unimplemented channel commands.list []
5:44:35 PM [vite] (client) [console.warn] [workbench] unimplemented channel skills.getCuratedDefaults []
5:44:35 PM [vite] (client) [console.warn] [workbench] unimplemented channel window.setIcon [null]
5:44:35 PM [vite] (client) [console.warn] [workbench] unimplemented channel zoom.get []
5:44:35 PM [vite] (client) [console.warn] [workbench] unimplemented channel attention.getSummary []
5:44:35 PM [vite] (client) [console.warn] [workbench] unimplemented channel system.notifyStackState [true]
5:44:35 PM [vite] (client) [console.warn] [workbench] unimplemented channel remote.getClientCount []
5:44:35 PM [vite] (client) [console.warn] [workbench] unimplemented channel commands.list []
5:44:35 PM [vite] (client) [console.warn] [workbench] unimplemented channel skills.getCuratedDefaults []
5:44:35 PM [vite] (client) [console.warn] [workbench] unimplemented channel window.setIcon [null]
5:44:36 PM [vite] (client) [console.warn] [workbench] unimplemented channel remote.preview []
5:44:36 PM [vite] (client) [console.warn] [workbench] unimplemented channel remote.preview []
5:44:36 PM [vite] (client) [console.warn] [workbench] unimplemented channel session.signalReady ["wb-1"]
5:44:36 PM [vite] (client) [console.warn] [workbench] unimplemented channel session.signalReady ["wb-1"]
5:44:36 PM [vite] (client) [console.warn] [workbench] unimplemented channel performance.get []
5:44:36 PM [vite] (client) [console.warn] [workbench] unimplemented channel attention.report [{"sessionId":"wb-1","attentionState":"ok","awaitingApproval":false,"status":"green"}]
5:44:36 PM [vite] (client) [console.warn] [workbench] unimplemented channel performance.get []
5:44:36 PM [vite] (client) [console.warn] [workbench] unimplemented channel attention.report [{"sessionId":"wb-1","attentionState":"ok","awaitingApproval":false,"status":"green"}]
5:44:43 PM [vite] (client) [console.warn] [workbench] unimplemented channel zoom.get []
5:44:43 PM [vite] (client) [console.warn] [workbench] unimplemented channel attention.getSummary []
5:44:43 PM [vite] (client) [console.warn] [workbench] unimplemented channel system.notifyStackState [true]
5:44:43 PM [vite] (client) [console.warn] [workbench] unimplemented channel remote.getClientCount []
5:44:43 PM [vite] (client) [console.warn] [workbench] unimplemented channel commands.list []
5:44:43 PM [vite] (client) [console.warn] [workbench] unimplemented channel skills.getCuratedDefaults []
5:44:43 PM [vite] (client) [console.warn] [workbench] unimplemented channel window.setIcon [null]
5:44:43 PM [vite] (client) [console.warn] [workbench] unimplemented channel zoom.get []
5:44:43 PM [vite] (client) [console.warn] [workbench] unimplemented channel attention.getSummary []
5:44:43 PM [vite] (client) [console.warn] [workbench] unimplemented channel system.notifyStackState [true]
5:44:43 PM [vite] (client) [console.warn] [workbench] unimplemented channel remote.getClientCount []
5:44:43 PM [vite] (client) [console.warn] [workbench] unimplemented channel commands.list []
5:44:43 PM [vite] (client) [console.warn] [workbench] unimplemented channel skills.getCuratedDefaults []
5:44:43 PM [vite] (client) [console.warn] [workbench] unimplemented channel window.setIcon [null]
5:44:43 PM [vite] (client) [console.warn] [workbench] unimplemented channel remote.preview []
5:44:43 PM [vite] (client) [console.warn] [workbench] unimplemented channel remote.preview []
5:44:43 PM [vite] (client) [console.warn] [workbench] unimplemented channel session.signalReady ["wb-1"]
5:44:43 PM [vite] (client) [console.warn] [workbench] unimplemented channel session.signalReady ["wb-1"]
5:44:43 PM [vite] (client) [console.warn] [workbench] unimplemented channel performance.get []
5:44:43 PM [vite] (client) [console.warn] [workbench] unimplemented channel performance.get []
5:44:43 PM [vite] (client) [console.warn] [workbench] unimplemented channel attention.report [{"sessionId":"wb-1","attentionState":"ok","awaitingApproval":false,"status":"green"}]
5:44:43 PM [vite] (client) [console.warn] [workbench] unimplemented channel attention.report [{"sessionId":"wb-1","attentionState":"ok","awaitingApproval":false,"status":"green"}]
5:44:48 PM [vite] (client) [console.warn] [workbench] unimplemented channel zoom.get []
5:44:48 PM [vite] (client) [console.warn] [workbench] unimplemented channel attention.getSummary []
5:44:48 PM [vite] (client) [console.warn] [workbench] unimplemented channel system.notifyStackState [true]
5:44:48 PM [vite] (client) [console.warn] [workbench] unimplemented channel remote.getClientCount []
5:44:48 PM [vite] (client) [console.warn] [workbench] unimplemented channel commands.list []
5:44:48 PM [vite] (client) [console.warn] [workbench] unimplemented channel skills.getCuratedDefaults []
5:44:48 PM [vite] (client) [console.warn] [workbench] unimplemented channel window.setIcon [null]
5:44:48 PM [vite] (client) [console.warn] [workbench] unimplemented channel zoom.get []
5:44:48 PM [vite] (client) [console.warn] [workbench] unimplemented channel attention.getSummary []
5:44:48 PM [vite] (client) [console.warn] [workbench] unimplemented channel system.notifyStackState [true]
5:44:48 PM [vite] (client) [console.warn] [workbench] unimplemented channel remote.getClientCount []
5:44:48 PM [vite] (client) [console.warn] [workbench] unimplemented channel commands.list []
5:44:48 PM [vite] (client) [console.warn] [workbench] unimplemented channel skills.getCuratedDefaults []
5:44:48 PM [vite] (client) [console.warn] [workbench] unimplemented channel window.setIcon [null]
5:44:48 PM [vite] (client) [console.warn] [workbench] unimplemented channel remote.preview []
5:44:48 PM [vite] (client) [console.warn] [workbench] unimplemented channel remote.preview []
5:44:48 PM [vite] (client) [console.warn] [workbench] unimplemented channel session.signalReady ["wb-1"]
5:44:48 PM [vite] (client) [console.warn] [workbench] unimplemented channel session.signalReady ["wb-1"]
5:44:48 PM [vite] (client) [console.warn] [workbench] unimplemented channel performance.get []
5:44:48 PM [vite] (client) [console.warn] [workbench] unimplemented channel attention.report [{"sessionId":"wb-1","attentionState":"ok","awaitingApproval":false,"status":"green"}]
5:44:48 PM [vite] (client) [console.warn] [workbench] unimplemented channel performance.get []
5:44:48 PM [vite] (client) [console.warn] [workbench] unimplemented channel attention.report [{"sessionId":"wb-1","attentionState":"ok","awaitingApproval":false,"status":"green"}]
5:44:55 PM [vite] (client) [console.warn] [workbench] unimplemented channel zoom.get []
5:44:55 PM [vite] (client) [console.warn] [workbench] unimplemented channel attention.getSummary []
5:44:55 PM [vite] (client) [console.warn] [workbench] unimplemented channel system.notifyStackState [true]
5:44:55 PM [vite] (client) [console.warn] [workbench] unimplemented channel remote.getClientCount []
5:44:55 PM [vite] (client) [console.warn] [workbench] unimplemented channel commands.list []
5:44:55 PM [vite] (client) [console.warn] [workbench] unimplemented channel skills.getCuratedDefaults []
5:44:55 PM [vite] (client) [console.warn] [workbench] unimplemented channel window.setIcon [null]
5:44:55 PM [vite] (client) [console.warn] [workbench] unimplemented channel zoom.get []
5:44:55 PM [vite] (client) [console.warn] [workbench] unimplemented channel attention.getSummary []
5:44:55 PM [vite] (client) [console.warn] [workbench] unimplemented channel system.notifyStackState [true]
5:44:55 PM [vite] (client) [console.warn] [workbench] unimplemented channel remote.getClientCount []
5:44:55 PM [vite] (client) [console.warn] [workbench] unimplemented channel commands.list []
5:44:55 PM [vite] (client) [console.warn] [workbench] unimplemented channel skills.getCuratedDefaults []
5:44:55 PM [vite] (client) [console.warn] [workbench] unimplemented channel window.setIcon [null]
5:44:55 PM [vite] (client) [console.warn] [workbench] unimplemented channel remote.preview []
5:44:55 PM [vite] (client) [console.warn] [workbench] unimplemented channel remote.preview []
5:44:55 PM [vite] (client) [console.warn] [workbench] unimplemented channel session.signalReady ["wb-1"]
5:44:55 PM [vite] (client) [console.warn] [workbench] unimplemented channel session.signalReady ["wb-1"]
5:44:55 PM [vite] (client) [console.warn] [workbench] unimplemented channel performance.get []
5:44:55 PM [vite] (client) [console.warn] [workbench] unimplemented channel attention.report [{"sessionId":"wb-1","attentionState":"ok","awaitingApproval":false,"status":"green"}]
5:44:55 PM [vite] (client) [console.warn] [workbench] unimplemented channel performance.get []
5:44:55 PM [vite] (client) [console.warn] [workbench] unimplemented channel attention.report [{"sessionId":"wb-1","attentionState":"ok","awaitingApproval":false,"status":"green"}]
5:44:59 PM [vite] (client) [console.warn] [workbench] unimplemented channel zoom.get []
5:44:59 PM [vite] (client) [console.warn] [workbench] unimplemented channel zoom.get []
5:44:59 PM [vite] (client) [console.warn] [workbench] unimplemented channel attention.getSummary []
5:44:59 PM [vite] (client) [console.warn] [workbench] unimplemented channel attention.getSummary []
5:44:59 PM [vite] (client) [console.warn] [workbench] unimplemented channel system.notifyStackState [true]
5:44:59 PM [vite] (client) [console.warn] [workbench] unimplemented channel system.notifyStackState [true]
5:44:59 PM [vite] (client) [console.warn] [workbench] unimplemented channel remote.getClientCount []
5:44:59 PM [vite] (client) [console.warn] [workbench] unimplemented channel remote.getClientCount []
5:44:59 PM [vite] (client) [console.warn] [workbench] unimplemented channel commands.list []
5:44:59 PM [vite] (client) [console.warn] [workbench] unimplemented channel skills.getCuratedDefaults []
5:44:59 PM [vite] (client) [console.warn] [workbench] unimplemented channel commands.list []
5:44:59 PM [vite] (client) [console.warn] [workbench] unimplemented channel skills.getCuratedDefaults []
5:44:59 PM [vite] (client) [console.warn] [workbench] unimplemented channel window.setIcon [null]
5:44:59 PM [vite] (client) [console.warn] [workbench] unimplemented channel window.setIcon [null]
5:44:59 PM [vite] (client) [console.warn] [workbench] unimplemented channel remote.preview []
5:44:59 PM [vite] (client) [console.warn] [workbench] unimplemented channel remote.preview []
5:44:59 PM [vite] (client) [console.warn] [workbench] unimplemented channel session.signalReady ["wb-1"]
5:44:59 PM [vite] (client) [console.warn] [workbench] unimplemented channel session.signalReady ["wb-1"]
5:44:59 PM [vite] (client) [console.warn] [workbench] unimplemented channel performance.get []
5:44:59 PM [vite] (client) [console.warn] [workbench] unimplemented channel attention.report [{"sessionId":"wb-1","attentionState":"ok","awaitingApproval":false,"status":"green"}]
5:44:59 PM [vite] (client) [console.warn] [workbench] unimplemented channel performance.get []
5:44:59 PM [vite] (client) [console.warn] [workbench] unimplemented channel attention.report [{"sessionId":"wb-1","attentionState":"ok","awaitingApproval":false,"status":"green"}]
5:45:04 PM [vite] (client) [console.warn] [workbench] unimplemented channel git.fileStatus ["/home/destin/youcoded-dev/youcoded","docs/scroll-stick-notes.md"]
5:45:04 PM [vite] (client) [console.warn] [workbench] unimplemented channel git.watch ["/home/destin/youcoded-dev/youcoded"]
5:45:04 PM [vite] (client) [console.warn] [workbench] unimplemented channel git.fileStatus ["/home/destin/youcoded-dev/youcoded","docs/scroll-stick-notes.md"]
5:45:04 PM [vite] (client) [console.warn] [workbench] unimplemented channel git.watch ["/home/destin/youcoded-dev/youcoded"]
5:45:08 PM [vite] (client) [console.warn] [workbench] unimplemented channel zoom.get []
5:45:08 PM [vite] (client) [console.warn] [workbench] unimplemented channel zoom.get []
5:45:08 PM [vite] (client) [console.warn] [workbench] unimplemented channel attention.getSummary []
5:45:08 PM [vite] (client) [console.warn] [workbench] unimplemented channel attention.getSummary []
5:45:08 PM [vite] (client) [console.warn] [workbench] unimplemented channel system.notifyStackState [true]
5:45:08 PM [vite] (client) [console.warn] [workbench] unimplemented channel system.notifyStackState [true]
5:45:08 PM [vite] (client) [console.warn] [workbench] unimplemented channel remote.getClientCount []
5:45:08 PM [vite] (client) [console.warn] [workbench] unimplemented channel remote.getClientCount []
5:45:08 PM [vite] (client) [console.warn] [workbench] unimplemented channel commands.list []
5:45:08 PM [vite] (client) [console.warn] [workbench] unimplemented channel commands.list []
5:45:08 PM [vite] (client) [console.warn] [workbench] unimplemented channel skills.getCuratedDefaults []
5:45:08 PM [vite] (client) [console.warn] [workbench] unimplemented channel skills.getCuratedDefaults []
5:45:08 PM [vite] (client) [console.warn] [workbench] unimplemented channel window.setIcon [null]
5:45:08 PM [vite] (client) [console.warn] [workbench] unimplemented channel window.setIcon [null]
5:45:08 PM [vite] (client) [console.warn] [workbench] unimplemented channel remote.preview []
5:45:08 PM [vite] (client) [console.warn] [workbench] unimplemented channel remote.preview []
5:45:08 PM [vite] (client) [console.warn] [workbench] unimplemented channel session.signalReady ["wb-1"]
5:45:08 PM [vite] (client) [console.warn] [workbench] unimplemented channel session.signalReady ["wb-1"]
5:45:08 PM [vite] (client) [console.warn] [workbench] unimplemented channel performance.get []
5:45:08 PM [vite] (client) [console.warn] [workbench] unimplemented channel attention.report [{"sessionId":"wb-1","attentionState":"ok","awaitingApproval":false,"status":"green"}]
5:45:08 PM [vite] (client) [console.warn] [workbench] unimplemented channel performance.get []
5:45:08 PM [vite] (client) [console.warn] [workbench] unimplemented channel attention.report [{"sessionId":"wb-1","attentionState":"ok","awaitingApproval":false,"status":"green"}]
5:45:12 PM [vite] (client) [console.warn] [workbench] unimplemented channel zoom.get []
5:45:12 PM [vite] (client) [console.warn] [workbench] unimplemented channel attention.getSummary []
5:45:12 PM [vite] (client) [console.warn] [workbench] unimplemented channel system.notifyStackState [true]
5:45:12 PM [vite] (client) [console.warn] [workbench] unimplemented channel zoom.get []
5:45:12 PM [vite] (client) [console.warn] [workbench] unimplemented channel remote.getClientCount []
5:45:12 PM [vite] (client) [console.warn] [workbench] unimplemented channel commands.list []
5:45:12 PM [vite] (client) [console.warn] [workbench] unimplemented channel attention.getSummary []
5:45:12 PM [vite] (client) [console.warn] [workbench] unimplemented channel skills.getCuratedDefaults []
5:45:12 PM [vite] (client) [console.warn] [workbench] unimplemented channel system.notifyStackState [true]
5:45:12 PM [vite] (client) [console.warn] [workbench] unimplemented channel window.setIcon [null]
5:45:12 PM [vite] (client) [console.warn] [workbench] unimplemented channel remote.getClientCount []
5:45:12 PM [vite] (client) [console.warn] [workbench] unimplemented channel commands.list []
5:45:12 PM [vite] (client) [console.warn] [workbench] unimplemented channel skills.getCuratedDefaults []
5:45:12 PM [vite] (client) [console.warn] [workbench] unimplemented channel window.setIcon [null]
5:45:12 PM [vite] (client) [console.warn] [workbench] unimplemented channel remote.preview []
5:45:12 PM [vite] (client) [console.warn] [workbench] unimplemented channel remote.preview []
5:45:12 PM [vite] (client) [console.warn] [workbench] unimplemented channel session.signalReady ["wb-1"]
5:45:12 PM [vite] (client) [console.warn] [workbench] unimplemented channel session.signalReady ["wb-1"]
5:45:12 PM [vite] (client) [console.warn] [workbench] unimplemented channel performance.get []
5:45:12 PM [vite] (client) [console.warn] [workbench] unimplemented channel attention.report [{"sessionId":"wb-1","attentionState":"ok","awaitingApproval":false,"status":"green"}]
5:45:12 PM [vite] (client) [console.warn] [workbench] unimplemented channel performance.get []
5:45:12 PM [vite] (client) [console.warn] [workbench] unimplemented channel attention.report [{"sessionId":"wb-1","attentionState":"ok","awaitingApproval":false,"status":"green"}]
5:45:17 PM [vite] (client) [console.warn] [workbench] unimplemented channel git.fileStatus ["/home/destin/youcoded-dev/youcoded","docs/scroll-stick-notes.md"]
5:45:17 PM [vite] (client) [console.warn] [workbench] unimplemented channel git.watch ["/home/destin/youcoded-dev/youcoded"]
5:45:17 PM [vite] (client) [console.warn] [workbench] unimplemented channel git.fileStatus ["/home/destin/youcoded-dev/youcoded","docs/scroll-stick-notes.md"]
5:45:17 PM [vite] (client) [console.warn] [workbench] unimplemented channel git.watch ["/home/destin/youcoded-dev/youcoded"]
