UI Workbench
  checkout: /home/destin/youcoded-dev/worktrees/sessions/plugin-project-controls/youcoded
  open this in a local browser:
    http://localhost:5473/?mode=workbench

  scenarios: &scenario=default|empty|no-providers|refused|stress
  latency:   &latency=0|150|2000   (ms of fake IPC delay; default 150)

npm notice run youcoded@1.3.0 dev:renderer
npm notice run vite --port 5473
(!) Your Vite config uses features that are unsupported by `configLoader: 'native'`, which is planned to become the default in a future major version of Vite:
  - ESM syntax in a file loaded as CommonJS (vite.config.ts:1:1). Use a `.mjs` extension or set `"type": "module"` in the closest package.json
Set `VITE_CONFIG_NATIVE_IGNORE_WARNING=true` to suppress this warning.
11:34:15 PM [vite] (client) Re-optimizing dependencies because vite config has changed

  VITE v8.2.2  ready in 159 ms

  ➜  Local:   http://127.0.0.1:5473/
11:34:17 PM [vite] (client) [console.warn] [workbench] unimplemented channel session.noteSelected [null]
11:34:17 PM [vite] (client) [console.warn] [workbench] unimplemented channel zoom.get []
11:34:17 PM [vite] (client) [console.warn] [workbench] unimplemented channel attention.getSummary []
11:34:17 PM [vite] (client) [console.warn] [workbench] unimplemented channel system.notifyStackState [true]
11:34:17 PM [vite] (client) [console.warn] [workbench] unimplemented channel remote.reportHydrate [{"kept":[]}]
11:34:17 PM [vite] (client) [console.warn] [workbench] unimplemented channel remote.getClientCount []
11:34:17 PM [vite] (client) [console.warn] [workbench] unimplemented channel commands.list []
11:34:17 PM [vite] (client) [console.warn] [workbench] unimplemented channel skills.getCuratedDefaults []
11:34:17 PM [vite] (client) [console.warn] [workbench] unimplemented channel window.setIcon [null]
11:34:17 PM [vite] (client) [console.warn] [workbench] unimplemented channel native.getPermissionMode ["wb-2"]
11:34:17 PM [vite] (client) [console.warn] [workbench] unimplemented channel remote.preview []
11:34:17 PM [vite] (client) [console.warn] [workbench] unimplemented channel session.signalReady ["wb-1"]
11:34:17 PM [vite] (client) [console.warn] [workbench] unimplemented channel performance.get []
11:34:18 PM [vite] (client) [console.warn] [workbench] unimplemented channel attention.report [{"sessionId":"wb-1","attentionState":"ok","awaitingApproval":false,"status":"green"}]
11:34:22 PM [vite] (client) [console.warn] [workbench] unimplemented channel session.noteSelected [null]
11:34:22 PM [vite] (client) [console.warn] [workbench] unimplemented channel zoom.get []
11:34:22 PM [vite] (client) [console.warn] [workbench] unimplemented channel attention.getSummary []
11:34:22 PM [vite] (client) [console.warn] [workbench] unimplemented channel system.notifyStackState [true]
11:34:22 PM [vite] (client) [console.warn] [workbench] unimplemented channel remote.reportHydrate [{"kept":[]}]
11:34:22 PM [vite] (client) [console.warn] [workbench] unimplemented channel remote.getClientCount []
11:34:22 PM [vite] (client) [console.warn] [workbench] unimplemented channel commands.list []
11:34:22 PM [vite] (client) [console.warn] [workbench] unimplemented channel skills.getCuratedDefaults []
11:34:22 PM [vite] (client) [console.warn] [workbench] unimplemented channel window.setIcon [null]
11:34:23 PM [vite] (client) [console.warn] [workbench] unimplemented channel native.getPermissionMode ["wb-2"]
11:34:23 PM [vite] (client) [console.warn] [workbench] unimplemented channel remote.preview []
11:34:23 PM [vite] (client) [console.warn] [workbench] unimplemented channel session.signalReady ["wb-1"]
11:34:23 PM [vite] (client) [console.warn] [workbench] unimplemented channel performance.get []
11:34:23 PM [vite] (client) [console.warn] [workbench] unimplemented channel attention.report [{"sessionId":"wb-1","attentionState":"ok","awaitingApproval":false,"status":"green"}]
11:34:28 PM [vite] (client) [console.warn] [workbench] unimplemented channel session.noteSelected [null]
11:34:28 PM [vite] (client) [console.warn] [workbench] unimplemented channel zoom.get []
11:34:28 PM [vite] (client) [console.warn] [workbench] unimplemented channel attention.getSummary []
11:34:28 PM [vite] (client) [console.warn] [workbench] unimplemented channel system.notifyStackState [true]
11:34:28 PM [vite] (client) [console.warn] [workbench] unimplemented channel remote.reportHydrate [{"kept":[]}]
11:34:28 PM [vite] (client) [console.warn] [workbench] unimplemented channel remote.getClientCount []
11:34:28 PM [vite] (client) [console.warn] [workbench] unimplemented channel commands.list []
11:34:28 PM [vite] (client) [console.warn] [workbench] unimplemented channel skills.getCuratedDefaults []
11:34:28 PM [vite] (client) [console.warn] [workbench] unimplemented channel window.setIcon [null]
11:34:29 PM [vite] (client) [console.warn] [workbench] unimplemented channel remote.preview []
11:34:29 PM [vite] (client) [console.warn] [workbench] unimplemented channel performance.get []
11:34:34 PM [vite] (client) [console.warn] [workbench] unimplemented channel session.noteSelected [null]
11:34:34 PM [vite] (client) [console.warn] [workbench] unimplemented channel zoom.get []
11:34:34 PM [vite] (client) [console.warn] [workbench] unimplemented channel attention.getSummary []
11:34:34 PM [vite] (client) [console.warn] [workbench] unimplemented channel system.notifyStackState [true]
11:34:34 PM [vite] (client) [console.warn] [workbench] unimplemented channel remote.reportHydrate [{"kept":[]}]
11:34:34 PM [vite] (client) [console.warn] [workbench] unimplemented channel remote.getClientCount []
11:34:34 PM [vite] (client) [console.warn] [workbench] unimplemented channel commands.list []
11:34:34 PM [vite] (client) [console.warn] [workbench] unimplemented channel skills.getCuratedDefaults []
11:34:34 PM [vite] (client) [console.warn] [workbench] unimplemented channel window.setIcon [null]
11:34:35 PM [vite] (client) [console.warn] [workbench] unimplemented channel native.getPermissionMode ["wb-2"]
11:34:35 PM [vite] (client) [console.warn] [workbench] unimplemented channel remote.preview []
11:34:35 PM [vite] (client) [console.warn] [workbench] unimplemented channel session.signalReady ["wb-1"]
11:34:35 PM [vite] (client) [console.warn] [workbench] unimplemented channel performance.get []
11:34:35 PM [vite] (client) [console.warn] [workbench] unimplemented channel attention.report [{"sessionId":"wb-1","attentionState":"ok","awaitingApproval":false,"status":"green"}]
11:34:41 PM [vite] (client) [console.warn] [workbench] unimplemented channel session.noteSelected [null]
11:34:41 PM [vite] (client) [console.warn] [workbench] unimplemented channel zoom.get []
11:34:41 PM [vite] (client) [console.warn] [workbench] unimplemented channel attention.getSummary []
11:34:41 PM [vite] (client) [console.warn] [workbench] unimplemented channel system.notifyStackState [true]
11:34:41 PM [vite] (client) [console.warn] [workbench] unimplemented channel remote.reportHydrate [{"kept":[]}]
11:34:41 PM [vite] (client) [console.warn] [workbench] unimplemented channel remote.getClientCount []
11:34:41 PM [vite] (client) [console.warn] [workbench] unimplemented channel commands.list []
11:34:41 PM [vite] (client) [console.warn] [workbench] unimplemented channel skills.getCuratedDefaults []
11:34:41 PM [vite] (client) [console.warn] [workbench] unimplemented channel window.setIcon [null]
11:34:41 PM [vite] (client) [console.warn] [workbench] unimplemented channel native.getPermissionMode ["wb-2"]
11:34:41 PM [vite] (client) [console.warn] [workbench] unimplemented channel remote.preview []
11:34:41 PM [vite] (client) [console.warn] [workbench] unimplemented channel session.signalReady ["wb-1"]
11:34:41 PM [vite] (client) [console.warn] [workbench] unimplemented channel performance.get []
11:34:41 PM [vite] (client) [console.warn] [workbench] unimplemented channel attention.report [{"sessionId":"wb-1","attentionState":"ok","awaitingApproval":false,"status":"green"}]
11:34:47 PM [vite] (client) [console.warn] [workbench] unimplemented channel session.noteSelected [null]
11:34:47 PM [vite] (client) [console.warn] [workbench] unimplemented channel zoom.get []
11:34:47 PM [vite] (client) [console.warn] [workbench] unimplemented channel attention.getSummary []
11:34:47 PM [vite] (client) [console.warn] [workbench] unimplemented channel system.notifyStackState [true]
11:34:47 PM [vite] (client) [console.warn] [workbench] unimplemented channel remote.reportHydrate [{"kept":[]}]
11:34:47 PM [vite] (client) [console.warn] [workbench] unimplemented channel remote.getClientCount []
11:34:47 PM [vite] (client) [console.warn] [workbench] unimplemented channel commands.list []
11:34:47 PM [vite] (client) [console.warn] [workbench] unimplemented channel skills.getCuratedDefaults []
11:34:47 PM [vite] (client) [console.warn] [workbench] unimplemented channel window.setIcon [null]
11:34:47 PM [vite] (client) [console.warn] [workbench] unimplemented channel native.getPermissionMode ["wb-2"]
11:34:47 PM [vite] (client) [console.warn] [workbench] unimplemented channel remote.preview []
11:34:47 PM [vite] (client) [console.warn] [workbench] unimplemented channel session.signalReady ["wb-1"]
11:34:47 PM [vite] (client) [console.warn] [workbench] unimplemented channel performance.get []
11:34:47 PM [vite] (client) [console.warn] [workbench] unimplemented channel attention.report [{"sessionId":"wb-1","attentionState":"ok","awaitingApproval":false,"status":"green"}]
11:34:53 PM [vite] (client) [console.warn] [workbench] unimplemented channel session.noteSelected [null]
11:34:53 PM [vite] (client) [console.warn] [workbench] unimplemented channel zoom.get []
11:34:53 PM [vite] (client) [console.warn] [workbench] unimplemented channel attention.getSummary []
11:34:53 PM [vite] (client) [console.warn] [workbench] unimplemented channel system.notifyStackState [true]
11:34:53 PM [vite] (client) [console.warn] [workbench] unimplemented channel remote.reportHydrate [{"kept":[]}]
11:34:53 PM [vite] (client) [console.warn] [workbench] unimplemented channel remote.getClientCount []
11:34:53 PM [vite] (client) [console.warn] [workbench] unimplemented channel commands.list []
11:34:53 PM [vite] (client) [console.warn] [workbench] unimplemented channel skills.getCuratedDefaults []
11:34:53 PM [vite] (client) [console.warn] [workbench] unimplemented channel window.setIcon [null]
11:34:53 PM [vite] (client) [console.warn] [workbench] unimplemented channel native.getPermissionMode ["site-1"]
11:34:53 PM [vite] (client) [console.warn] [workbench] unimplemented channel remote.preview []
11:34:53 PM [vite] (client) [console.warn] [workbench] unimplemented channel performance.get []
11:34:53 PM [vite] (client) [console.warn] [workbench] unimplemented channel attention.report [{"sessionId":"site-1","attentionState":"ok","awaitingApproval":false,"status":"gray"}]
11:34:59 PM [vite] (client) [console.warn] [workbench] unimplemented channel window.setIcon [null]
11:35:05 PM [vite] (client) [console.warn] [workbench] unimplemented channel commands.list []
11:35:05 PM [vite] (client) [console.warn] [workbench] unimplemented channel skills.getCuratedDefaults []
11:35:05 PM [vite] (client) [console.warn] [workbench] unimplemented channel window.setIcon [null]
11:35:11 PM [vite] (client) [console.warn] [workbench] unimplemented channel window.setIcon [null]
11:35:17 PM [vite] (client) [console.warn] [workbench] unimplemented channel session.noteSelected [null]
11:35:17 PM [vite] (client) [console.warn] [workbench] unimplemented channel zoom.get []
11:35:17 PM [vite] (client) [console.warn] [workbench] unimplemented channel attention.getSummary []
11:35:17 PM [vite] (client) [console.warn] [workbench] unimplemented channel system.notifyStackState [true]
11:35:17 PM [vite] (client) [console.warn] [workbench] unimplemented channel remote.reportHydrate [{"kept":[]}]
11:35:17 PM [vite] (client) [console.warn] [workbench] unimplemented channel remote.getClientCount []
11:35:17 PM [vite] (client) [console.warn] [workbench] unimplemented channel commands.list []
11:35:17 PM [vite] (client) [console.warn] [workbench] unimplemented channel skills.getCuratedDefaults []
11:35:17 PM [vite] (client) [console.warn] [workbench] unimplemented channel window.setIcon [null]
11:35:17 PM [vite] (client) [console.warn] [workbench] unimplemented channel native.getPermissionMode ["wb-2"]
11:35:17 PM [vite] (client) [console.warn] [workbench] unimplemented channel remote.preview []
11:35:17 PM [vite] (client) [console.warn] [workbench] unimplemented channel session.signalReady ["wb-1"]
11:35:17 PM [vite] (client) [console.warn] [workbench] unimplemented channel performance.get []
11:35:17 PM [vite] (client) [console.warn] [workbench] unimplemented channel attention.report [{"sessionId":"wb-1","attentionState":"ok","awaitingApproval":false,"status":"green"}]
11:35:23 PM [vite] (client) [console.warn] [workbench] unimplemented channel window.setIcon [null]
11:35:29 PM [vite] (client) [console.warn] [workbench] unimplemented channel window.setIcon [null]
11:35:35 PM [vite] (client) [console.warn] [workbench] unimplemented channel session.noteSelected [null]
11:35:35 PM [vite] (client) [console.warn] [workbench] unimplemented channel zoom.get []
11:35:35 PM [vite] (client) [console.warn] [workbench] unimplemented channel attention.getSummary []
11:35:35 PM [vite] (client) [console.warn] [workbench] unimplemented channel system.notifyStackState [true]
11:35:35 PM [vite] (client) [console.warn] [workbench] unimplemented channel remote.reportHydrate [{"kept":[]}]
11:35:35 PM [vite] (client) [console.warn] [workbench] unimplemented channel remote.getClientCount []
11:35:35 PM [vite] (client) [console.warn] [workbench] unimplemented channel commands.list []
11:35:35 PM [vite] (client) [console.warn] [workbench] unimplemented channel skills.getCuratedDefaults []
11:35:35 PM [vite] (client) [console.warn] [workbench] unimplemented channel window.setIcon [null]
11:35:36 PM [vite] (client) [console.warn] [workbench] unimplemented channel native.getPermissionMode ["wb-2"]
11:35:36 PM [vite] (client) [console.warn] [workbench] unimplemented channel remote.preview []
11:35:36 PM [vite] (client) [console.warn] [workbench] unimplemented channel session.signalReady ["wb-1"]
11:35:36 PM [vite] (client) [console.warn] [workbench] unimplemented channel performance.get []
11:35:36 PM [vite] (client) [console.warn] [workbench] unimplemented channel attention.report [{"sessionId":"wb-1","attentionState":"ok","awaitingApproval":false,"status":"green"}]
11:35:41 PM [vite] (client) [console.warn] [workbench] unimplemented channel session.noteSelected [null]
11:35:41 PM [vite] (client) [console.warn] [workbench] unimplemented channel zoom.get []
11:35:41 PM [vite] (client) [console.warn] [workbench] unimplemented channel attention.getSummary []
11:35:41 PM [vite] (client) [console.warn] [workbench] unimplemented channel system.notifyStackState [true]
11:35:41 PM [vite] (client) [console.warn] [workbench] unimplemented channel remote.reportHydrate [{"kept":[]}]
11:35:41 PM [vite] (client) [console.warn] [workbench] unimplemented channel remote.getClientCount []
11:35:41 PM [vite] (client) [console.warn] [workbench] unimplemented channel commands.list []
11:35:41 PM [vite] (client) [console.warn] [workbench] unimplemented channel skills.getCuratedDefaults []
11:35:41 PM [vite] (client) [console.warn] [workbench] unimplemented channel window.setIcon [null]
11:35:41 PM [vite] (client) [console.warn] [workbench] unimplemented channel native.getPermissionMode ["wb-2"]
11:35:41 PM [vite] (client) [console.warn] [workbench] unimplemented channel remote.preview []
11:35:42 PM [vite] (client) [console.warn] [workbench] unimplemented channel session.signalReady ["wb-1"]
11:35:42 PM [vite] (client) [console.warn] [workbench] unimplemented channel performance.get []
11:35:42 PM [vite] (client) [console.warn] [workbench] unimplemented channel attention.report [{"sessionId":"wb-1","attentionState":"ok","awaitingApproval":false,"status":"green"}]
11:35:47 PM [vite] (client) [console.warn] [workbench] unimplemented channel session.noteSelected [null]
11:35:47 PM [vite] (client) [console.warn] [workbench] unimplemented channel zoom.get []
11:35:47 PM [vite] (client) [console.warn] [workbench] unimplemented channel attention.getSummary []
11:35:47 PM [vite] (client) [console.warn] [workbench] unimplemented channel system.notifyStackState [true]
11:35:47 PM [vite] (client) [console.warn] [workbench] unimplemented channel remote.reportHydrate [{"kept":[]}]
11:35:47 PM [vite] (client) [console.warn] [workbench] unimplemented channel remote.getClientCount []
11:35:47 PM [vite] (client) [console.warn] [workbench] unimplemented channel commands.list []
11:35:47 PM [vite] (client) [console.warn] [workbench] unimplemented channel skills.getCuratedDefaults []
11:35:47 PM [vite] (client) [console.warn] [workbench] unimplemented channel window.setIcon [null]
11:35:47 PM [vite] (client) [console.warn] [workbench] unimplemented channel native.getPermissionMode ["wb-2"]
11:35:47 PM [vite] (client) [console.warn] [workbench] unimplemented channel attention.report [{"sessionId":"wb-1","attentionState":"ok","awaitingApproval":false,"status":"green"}]
11:35:54 PM [vite] (client) [console.warn] [workbench] unimplemented channel session.noteSelected [null]
11:35:54 PM [vite] (client) [console.warn] [workbench] unimplemented channel zoom.get []
11:35:54 PM [vite] (client) [console.warn] [workbench] unimplemented channel attention.getSummary []
11:35:54 PM [vite] (client) [console.warn] [workbench] unimplemented channel system.notifyStackState [true]
11:35:54 PM [vite] (client) [console.warn] [workbench] unimplemented channel remote.reportHydrate [{"kept":[]}]
11:35:54 PM [vite] (client) [console.warn] [workbench] unimplemented channel remote.getClientCount []
11:35:54 PM [vite] (client) [console.warn] [workbench] unimplemented channel session.noteSelected [null]
11:35:54 PM [vite] (client) [console.warn] [workbench] unimplemented channel commands.list []
11:35:54 PM [vite] (client) [console.warn] [workbench] unimplemented channel skills.getCuratedDefaults []
11:35:54 PM [vite] (client) [console.warn] [workbench] unimplemented channel zoom.get []
11:35:54 PM [vite] (client) [console.warn] [workbench] unimplemented channel attention.getSummary []
11:35:54 PM [vite] (client) [console.warn] [workbench] unimplemented channel system.notifyStackState [true]
11:35:54 PM [vite] (client) [console.warn] [workbench] unimplemented channel window.setIcon [null]
11:35:54 PM [vite] (client) [console.warn] [workbench] unimplemented channel session.noteSelected [null]
11:35:54 PM [vite] (client) [console.warn] [workbench] unimplemented channel zoom.get []
11:35:54 PM [vite] (client) [console.warn] [workbench] unimplemented channel attention.getSummary []
11:35:54 PM [vite] (client) [console.warn] [workbench] unimplemented channel session.noteSelected [null]
11:35:54 PM [vite] (client) [console.warn] [workbench] unimplemented channel system.notifyStackState [true]
11:35:54 PM [vite] (client) [console.warn] [workbench] unimplemented channel zoom.get []
11:35:54 PM [vite] (client) [console.warn] [workbench] unimplemented channel attention.getSummary []
11:35:54 PM [vite] (client) [console.warn] [workbench] unimplemented channel system.notifyStackState [true]
11:35:54 PM [vite] (client) [console.warn] [workbench] unimplemented channel remote.reportHydrate [{"kept":[]}]
11:35:54 PM [vite] (client) [console.warn] [workbench] unimplemented channel remote.getClientCount []
11:35:54 PM [vite] (client) [console.warn] [workbench] unimplemented channel commands.list []
11:35:54 PM [vite] (client) [console.warn] [workbench] unimplemented channel skills.getCuratedDefaults []
11:35:54 PM [vite] (client) [console.warn] [workbench] unimplemented channel window.setIcon [null]
11:35:54 PM [vite] (client) [console.warn] [workbench] unimplemented channel remote.reportHydrate [{"kept":[]}]
11:35:54 PM [vite] (client) [console.warn] [workbench] unimplemented channel remote.getClientCount []
11:35:54 PM [vite] (client) [console.warn] [workbench] unimplemented channel commands.list []
11:35:54 PM [vite] (client) [console.warn] [workbench] unimplemented channel skills.getCuratedDefaults []
11:35:54 PM [vite] (client) [console.warn] [workbench] unimplemented channel remote.reportHydrate [{"kept":[]}]
11:35:54 PM [vite] (client) [console.warn] [workbench] unimplemented channel remote.getClientCount []
11:35:54 PM [vite] (client) [console.warn] [workbench] unimplemented channel window.setIcon [null]
11:35:54 PM [vite] (client) [console.warn] [workbench] unimplemented channel commands.list []
11:35:54 PM [vite] (client) [console.warn] [workbench] unimplemented channel skills.getCuratedDefaults []
11:35:54 PM [vite] (client) [console.warn] [workbench] unimplemented channel window.setIcon [null]
11:35:54 PM [vite] (client) [console.warn] [workbench] unimplemented channel native.getPermissionMode ["wb-2"]
11:35:54 PM [vite] (client) [console.warn] [workbench] unimplemented channel native.getPermissionMode ["wb-2"]
11:35:54 PM [vite] (client) [console.warn] [workbench] unimplemented channel native.getPermissionMode ["wb-2"]
11:35:54 PM [vite] (client) [console.warn] [workbench] unimplemented channel native.getPermissionMode ["wb-2"]
11:35:54 PM [vite] (client) [console.warn] [workbench] unimplemented channel remote.preview []
11:35:54 PM [vite] (client) [console.warn] [workbench] unimplemented channel remote.preview []
11:35:54 PM [vite] (client) [console.warn] [workbench] unimplemented channel remote.preview []
11:35:54 PM [vite] (client) [console.warn] [workbench] unimplemented channel remote.preview []
11:35:54 PM [vite] (client) [console.warn] [workbench] unimplemented channel session.signalReady ["wb-1"]
11:35:54 PM [vite] (client) [console.warn] [workbench] unimplemented channel performance.get []
11:35:54 PM [vite] (client) [console.warn] [workbench] unimplemented channel session.signalReady ["wb-1"]
11:35:54 PM [vite] (client) [console.warn] [workbench] unimplemented channel session.signalReady ["wb-1"]
11:35:54 PM [vite] (client) [console.warn] [workbench] unimplemented channel performance.get []
11:35:54 PM [vite] (client) [console.warn] [workbench] unimplemented channel performance.get []
11:35:54 PM [vite] (client) [console.warn] [workbench] unimplemented channel attention.report [{"sessionId":"wb-1","attentionState":"ok","awaitingApproval":false,"status":"green"}]
11:35:54 PM [vite] (client) [console.warn] [workbench] unimplemented channel session.signalReady ["wb-1"]
11:35:54 PM [vite] (client) [console.warn] [workbench] unimplemented channel performance.get []
11:35:54 PM [vite] (client) [console.warn] [workbench] unimplemented channel attention.report [{"sessionId":"wb-1","attentionState":"ok","awaitingApproval":false,"status":"green"}]
11:35:54 PM [vite] (client) [console.warn] [workbench] unimplemented channel attention.report [{"sessionId":"wb-1","attentionState":"ok","awaitingApproval":false,"status":"green"}]
11:35:54 PM [vite] (client) [console.warn] [workbench] unimplemented channel attention.report [{"sessionId":"wb-1","attentionState":"ok","awaitingApproval":false,"status":"green"}]
11:36:01 PM [vite] (client) [console.warn] [workbench] unimplemented channel session.noteSelected [null]
11:36:01 PM [vite] (client) [console.warn] [workbench] unimplemented channel zoom.get []
11:36:01 PM [vite] (client) [console.warn] [workbench] unimplemented channel attention.getSummary []
11:36:01 PM [vite] (client) [console.warn] [workbench] unimplemented channel system.notifyStackState [true]
11:36:01 PM [vite] (client) [console.warn] [workbench] unimplemented channel remote.reportHydrate [{"kept":[]}]
11:36:01 PM [vite] (client) [console.warn] [workbench] unimplemented channel remote.getClientCount []
11:36:01 PM [vite] (client) [console.warn] [workbench] unimplemented channel commands.list []
11:36:01 PM [vite] (client) [console.warn] [workbench] unimplemented channel skills.getCuratedDefaults []
11:36:01 PM [vite] (client) [console.warn] [workbench] unimplemented channel window.setIcon [null]
11:36:01 PM [vite] (client) [console.warn] [workbench] unimplemented channel native.getPermissionMode ["wb-2"]
11:36:01 PM [vite] (client) [console.warn] [workbench] unimplemented channel remote.preview []
11:36:01 PM [vite] (client) [console.warn] [workbench] unimplemented channel session.signalReady ["wb-1"]
11:36:01 PM [vite] (client) [console.warn] [workbench] unimplemented channel performance.get []
11:36:01 PM [vite] (client) [console.warn] [workbench] unimplemented channel attention.report [{"sessionId":"wb-1","attentionState":"ok","awaitingApproval":false,"status":"green"}]
11:36:10 PM [vite] (client) [console.warn] [workbench] unimplemented channel session.noteSelected [null]
11:36:10 PM [vite] (client) [console.warn] [workbench] unimplemented channel zoom.get []
11:36:10 PM [vite] (client) [console.warn] [workbench] unimplemented channel attention.getSummary []
11:36:10 PM [vite] (client) [console.warn] [workbench] unimplemented channel system.notifyStackState [true]
11:36:10 PM [vite] (client) [console.warn] [workbench] unimplemented channel remote.reportHydrate [{"kept":[]}]
11:36:10 PM [vite] (client) [console.warn] [workbench] unimplemented channel remote.getClientCount []
11:36:10 PM [vite] (client) [console.warn] [workbench] unimplemented channel commands.list []
11:36:10 PM [vite] (client) [console.warn] [workbench] unimplemented channel skills.getCuratedDefaults []
11:36:10 PM [vite] (client) [console.warn] [workbench] unimplemented channel window.setIcon [null]
11:36:10 PM [vite] (client) [console.warn] [workbench] unimplemented channel native.getPermissionMode ["wb-2"]
11:36:10 PM [vite] (client) [console.warn] [workbench] unimplemented channel remote.preview []
11:36:10 PM [vite] (client) [console.warn] [workbench] unimplemented channel session.signalReady ["wb-1"]
11:36:10 PM [vite] (client) [console.warn] [workbench] unimplemented channel performance.get []
11:36:10 PM [vite] (client) [console.warn] [workbench] unimplemented channel attention.report [{"sessionId":"wb-1","attentionState":"ok","awaitingApproval":false,"status":"green"}]
11:36:15 PM [vite] (client) [console.warn] [workbench] unimplemented channel session.noteSelected [null]
11:36:15 PM [vite] (client) [console.warn] [workbench] unimplemented channel zoom.get []
11:36:15 PM [vite] (client) [console.warn] [workbench] unimplemented channel attention.getSummary []
11:36:15 PM [vite] (client) [console.warn] [workbench] unimplemented channel system.notifyStackState [true]
11:36:15 PM [vite] (client) [console.warn] [workbench] unimplemented channel remote.reportHydrate [{"kept":[]}]
11:36:15 PM [vite] (client) [console.warn] [workbench] unimplemented channel remote.getClientCount []
11:36:15 PM [vite] (client) [console.warn] [workbench] unimplemented channel commands.list []
11:36:15 PM [vite] (client) [console.warn] [workbench] unimplemented channel skills.getCuratedDefaults []
11:36:15 PM [vite] (client) [console.warn] [workbench] unimplemented channel window.setIcon [null]
11:36:15 PM [vite] (client) [console.warn] [workbench] unimplemented channel native.getPermissionMode ["wb-2"]
11:36:15 PM [vite] (client) [console.warn] [workbench] unimplemented channel remote.preview []
11:36:15 PM [vite] (client) [console.warn] [workbench] unimplemented channel session.signalReady ["wb-1"]
11:36:15 PM [vite] (client) [console.warn] [workbench] unimplemented channel performance.get []
11:36:15 PM [vite] (client) [console.warn] [workbench] unimplemented channel attention.report [{"sessionId":"wb-1","attentionState":"ok","awaitingApproval":false,"status":"green"}]
11:36:21 PM [vite] (client) [console.warn] [workbench] unimplemented channel session.noteSelected [null]
11:36:21 PM [vite] (client) [console.warn] [workbench] unimplemented channel zoom.get []
11:36:21 PM [vite] (client) [console.warn] [workbench] unimplemented channel attention.getSummary []
11:36:21 PM [vite] (client) [console.warn] [workbench] unimplemented channel system.notifyStackState [true]
11:36:21 PM [vite] (client) [console.warn] [workbench] unimplemented channel remote.reportHydrate [{"kept":[]}]
11:36:21 PM [vite] (client) [console.warn] [workbench] unimplemented channel remote.getClientCount []
11:36:21 PM [vite] (client) [console.warn] [workbench] unimplemented channel commands.list []
11:36:21 PM [vite] (client) [console.warn] [workbench] unimplemented channel skills.getCuratedDefaults []
11:36:21 PM [vite] (client) [console.warn] [workbench] unimplemented channel window.setIcon [null]
11:36:21 PM [vite] (client) [console.warn] [workbench] unimplemented channel native.getPermissionMode ["wb-2"]
11:36:21 PM [vite] (client) [console.warn] [workbench] unimplemented channel remote.preview []
11:36:21 PM [vite] (client) [console.warn] [workbench] unimplemented channel session.signalReady ["wb-1"]
11:36:21 PM [vite] (client) [console.warn] [workbench] unimplemented channel performance.get []
11:36:21 PM [vite] (client) [console.warn] [workbench] unimplemented channel attention.report [{"sessionId":"wb-1","attentionState":"ok","awaitingApproval":false,"status":"green"}]
11:36:28 PM [vite] (client) [console.warn] [workbench] unimplemented channel session.noteSelected [null]
11:36:28 PM [vite] (client) [console.warn] [workbench] unimplemented channel zoom.get []
11:36:28 PM [vite] (client) [console.warn] [workbench] unimplemented channel attention.getSummary []
11:36:28 PM [vite] (client) [console.warn] [workbench] unimplemented channel system.notifyStackState [true]
11:36:28 PM [vite] (client) [console.warn] [workbench] unimplemented channel remote.reportHydrate [{"kept":[]}]
11:36:28 PM [vite] (client) [console.warn] [workbench] unimplemented channel remote.getClientCount []
11:36:28 PM [vite] (client) [console.warn] [workbench] unimplemented channel commands.list []
11:36:28 PM [vite] (client) [console.warn] [workbench] unimplemented channel skills.getCuratedDefaults []
11:36:28 PM [vite] (client) [console.warn] [workbench] unimplemented channel window.setIcon [null]
11:36:28 PM [vite] (client) [console.warn] [workbench] unimplemented channel native.getPermissionMode ["wb-2"]
11:36:28 PM [vite] (client) [console.warn] [workbench] unimplemented channel remote.preview []
11:36:29 PM [vite] (client) [console.warn] [workbench] unimplemented channel session.signalReady ["wb-1"]
11:36:29 PM [vite] (client) [console.warn] [workbench] unimplemented channel performance.get []
11:36:29 PM [vite] (client) [console.warn] [workbench] unimplemented channel attention.report [{"sessionId":"wb-1","attentionState":"ok","awaitingApproval":false,"status":"green"}]
11:36:35 PM [vite] (client) [console.warn] [workbench] unimplemented channel session.noteSelected [null]
11:36:35 PM [vite] (client) [console.warn] [workbench] unimplemented channel zoom.get []
11:36:35 PM [vite] (client) [console.warn] [workbench] unimplemented channel attention.getSummary []
11:36:35 PM [vite] (client) [console.warn] [workbench] unimplemented channel system.notifyStackState [true]
11:36:35 PM [vite] (client) [console.warn] [workbench] unimplemented channel remote.reportHydrate [{"kept":[]}]
11:36:35 PM [vite] (client) [console.warn] [workbench] unimplemented channel remote.getClientCount []
11:36:35 PM [vite] (client) [console.warn] [workbench] unimplemented channel commands.list []
11:36:35 PM [vite] (client) [console.warn] [workbench] unimplemented channel skills.getCuratedDefaults []
11:36:35 PM [vite] (client) [console.warn] [workbench] unimplemented channel window.setIcon [null]
11:36:35 PM [vite] (client) [console.warn] [workbench] unimplemented channel native.getPermissionMode ["wb-2"]
11:36:35 PM [vite] (client) [console.warn] [workbench] unimplemented channel remote.preview []
11:36:35 PM [vite] (client) [console.warn] [workbench] unimplemented channel session.signalReady ["wb-1"]
11:36:35 PM [vite] (client) [console.warn] [workbench] unimplemented channel performance.get []
11:36:35 PM [vite] (client) [console.warn] [workbench] unimplemented channel attention.report [{"sessionId":"wb-1","attentionState":"ok","awaitingApproval":false,"status":"green"}]
11:36:38 PM [vite] (client) [console.warn] [workbench] unimplemented channel integrations.list []
11:36:41 PM [vite] (client) [console.warn] [workbench] unimplemented channel session.noteSelected [null]
11:36:41 PM [vite] (client) [console.warn] [workbench] unimplemented channel zoom.get []
11:36:41 PM [vite] (client) [console.warn] [workbench] unimplemented channel attention.getSummary []
11:36:41 PM [vite] (client) [console.warn] [workbench] unimplemented channel system.notifyStackState [true]
11:36:41 PM [vite] (client) [console.warn] [workbench] unimplemented channel remote.reportHydrate [{"kept":[]}]
11:36:41 PM [vite] (client) [console.warn] [workbench] unimplemented channel remote.getClientCount []
11:36:41 PM [vite] (client) [console.warn] [workbench] unimplemented channel commands.list []
11:36:41 PM [vite] (client) [console.warn] [workbench] unimplemented channel skills.getCuratedDefaults []
11:36:41 PM [vite] (client) [console.warn] [workbench] unimplemented channel window.setIcon [null]
11:36:41 PM [vite] (client) [console.warn] [workbench] unimplemented channel native.getPermissionMode ["wb-2"]
11:36:41 PM [vite] (client) [console.warn] [workbench] unimplemented channel remote.preview []
11:36:41 PM [vite] (client) [console.warn] [workbench] unimplemented channel session.signalReady ["wb-1"]
11:36:41 PM [vite] (client) [console.warn] [workbench] unimplemented channel performance.get []
11:36:41 PM [vite] (client) [console.warn] [workbench] unimplemented channel attention.report [{"sessionId":"wb-1","attentionState":"ok","awaitingApproval":false,"status":"green"}]
11:36:43 PM [vite] (client) [console.warn] [workbench] unimplemented channel session.switch ["wb-5"]
11:36:44 PM [vite] (client) [console.warn] [workbench] unimplemented channel native.sessionsList []
11:36:48 PM [vite] (client) [console.warn] [workbench] unimplemented channel session.noteSelected [null]
11:36:48 PM [vite] (client) [console.warn] [workbench] unimplemented channel zoom.get []
11:36:48 PM [vite] (client) [console.warn] [workbench] unimplemented channel attention.getSummary []
11:36:48 PM [vite] (client) [console.warn] [workbench] unimplemented channel system.notifyStackState [true]
11:36:48 PM [vite] (client) [console.warn] [workbench] unimplemented channel remote.reportHydrate [{"kept":[]}]
11:36:48 PM [vite] (client) [console.warn] [workbench] unimplemented channel remote.getClientCount []
11:36:48 PM [vite] (client) [console.warn] [workbench] unimplemented channel commands.list []
11:36:48 PM [vite] (client) [console.warn] [workbench] unimplemented channel skills.getCuratedDefaults []
11:36:48 PM [vite] (client) [console.warn] [workbench] unimplemented channel window.setIcon [null]
11:36:48 PM [vite] (client) [console.warn] [workbench] unimplemented channel native.getPermissionMode ["wb-2"]
11:36:48 PM [vite] (client) [console.warn] [workbench] unimplemented channel remote.preview []
11:36:48 PM [vite] (client) [console.warn] [workbench] unimplemented channel session.signalReady ["wb-1"]
11:36:48 PM [vite] (client) [console.warn] [workbench] unimplemented channel performance.get []
11:36:48 PM [vite] (client) [console.warn] [workbench] unimplemented channel attention.report [{"sessionId":"wb-1","attentionState":"ok","awaitingApproval":false,"status":"green"}]
11:36:56 PM [vite] (client) [console.warn] [workbench] unimplemented channel session.noteSelected [null]
11:36:56 PM [vite] (client) [console.warn] [workbench] unimplemented channel zoom.get []
11:36:56 PM [vite] (client) [console.warn] [workbench] unimplemented channel attention.getSummary []
11:36:56 PM [vite] (client) [console.warn] [workbench] unimplemented channel system.notifyStackState [true]
11:36:56 PM [vite] (client) [console.warn] [workbench] unimplemented channel remote.reportHydrate [{"kept":[]}]
11:36:56 PM [vite] (client) [console.warn] [workbench] unimplemented channel remote.getClientCount []
11:36:56 PM [vite] (client) [console.warn] [workbench] unimplemented channel commands.list []
11:36:56 PM [vite] (client) [console.warn] [workbench] unimplemented channel skills.getCuratedDefaults []
11:36:56 PM [vite] (client) [console.warn] [workbench] unimplemented channel window.setIcon [null]
11:36:56 PM [vite] (client) [console.warn] [workbench] unimplemented channel native.getPermissionMode ["wb-2"]
11:36:56 PM [vite] (client) [console.warn] [workbench] unimplemented channel remote.preview []
11:36:56 PM [vite] (client) [console.warn] [workbench] unimplemented channel session.signalReady ["wb-1"]
11:36:56 PM [vite] (client) [console.warn] [workbench] unimplemented channel performance.get []
11:36:56 PM [vite] (client) [console.warn] [workbench] unimplemented channel attention.report [{"sessionId":"wb-1","attentionState":"ok","awaitingApproval":false,"status":"green"}]
