UI Workbench
  checkout: /home/destin/youcoded-dev/worktrees/sessions/sudo-prompt/youcoded
  open this in a local browser:
    http://localhost:5473/?mode=workbench

  scenarios: &scenario=default|empty|no-providers|refused|stress
  latency:   &latency=0|150|2000   (ms of fake IPC delay; default 150)

npm notice run youcoded@1.3.0 dev:renderer
npm notice run vite --port 5473
(!) Your Vite config uses features that are unsupported by `configLoader: 'native'`, which is planned to become the default in a future major version of Vite:
  - ESM syntax in a file loaded as CommonJS (vite.config.ts:1:1). Use a `.mjs` extension or set `"type": "module"` in the closest package.json
Set `VITE_CONFIG_NATIVE_IGNORE_WARNING=true` to suppress this warning.

  VITE v8.2.2  ready in 121 ms

  ➜  Local:   http://127.0.0.1:5473/
11:51:51 PM [vite] (client) [console.warn] [workbench] unimplemented channel session.noteSelected [null]
11:51:51 PM [vite] (client) [console.warn] [workbench] unimplemented channel zoom.get []
11:51:51 PM [vite] (client) [console.warn] [workbench] unimplemented channel attention.getSummary []
11:51:51 PM [vite] (client) [console.warn] [workbench] unimplemented channel system.notifyStackState [true]
11:51:51 PM [vite] (client) [console.warn] [workbench] unimplemented channel remote.reportHydrate [{"kept":[]}]
11:51:51 PM [vite] (client) [console.warn] [workbench] unimplemented channel remote.getClientCount []
11:51:51 PM [vite] (client) [console.warn] [workbench] unimplemented channel commands.list []
11:51:51 PM [vite] (client) [console.warn] [workbench] unimplemented channel skills.getCuratedDefaults []
11:51:51 PM [vite] (client) [console.warn] [workbench] unimplemented channel window.setIcon [null]
11:51:51 PM [vite] (client) [console.warn] [workbench] unimplemented channel remote.preview []
11:51:51 PM [vite] (client) [console.warn] [workbench] unimplemented channel session.signalReady ["wb-1"]
11:51:51 PM [vite] (client) [console.warn] [workbench] unimplemented channel performance.get []
11:51:51 PM [vite] (client) [console.warn] [workbench] unimplemented channel attention.report [{"sessionId":"wb-1","attentionState":"ok","awaitingApproval":false,"status":"green"}]
11:51:56 PM [vite] (client) [console.warn] [workbench] unimplemented channel session.noteSelected [null]
11:51:56 PM [vite] (client) [console.warn] [workbench] unimplemented channel zoom.get []
11:51:56 PM [vite] (client) [console.warn] [workbench] unimplemented channel attention.getSummary []
11:51:56 PM [vite] (client) [console.warn] [workbench] unimplemented channel system.notifyStackState [true]
11:51:56 PM [vite] (client) [console.warn] [workbench] unimplemented channel remote.reportHydrate [{"kept":[]}]
11:51:56 PM [vite] (client) [console.warn] [workbench] unimplemented channel remote.getClientCount []
11:51:56 PM [vite] (client) [console.warn] [workbench] unimplemented channel commands.list []
11:51:56 PM [vite] (client) [console.warn] [workbench] unimplemented channel skills.getCuratedDefaults []
11:51:56 PM [vite] (client) [console.warn] [workbench] unimplemented channel window.setIcon [null]
11:51:56 PM [vite] (client) [console.warn] [workbench] unimplemented channel remote.preview []
11:51:56 PM [vite] (client) [console.warn] [workbench] unimplemented channel session.signalReady ["wb-1"]
11:51:56 PM [vite] (client) [console.warn] [workbench] unimplemented channel performance.get []
11:51:56 PM [vite] (client) [console.warn] [workbench] unimplemented channel attention.report [{"sessionId":"wb-1","attentionState":"ok","awaitingApproval":false,"status":"green"}]
11:52:02 PM [vite] (client) [console.warn] [workbench] unimplemented channel session.noteSelected [null]
11:52:02 PM [vite] (client) [console.warn] [workbench] unimplemented channel zoom.get []
11:52:02 PM [vite] (client) [console.warn] [workbench] unimplemented channel attention.getSummary []
11:52:02 PM [vite] (client) [console.warn] [workbench] unimplemented channel system.notifyStackState [true]
11:52:02 PM [vite] (client) [console.warn] [workbench] unimplemented channel remote.reportHydrate [{"kept":[]}]
11:52:02 PM [vite] (client) [console.warn] [workbench] unimplemented channel remote.getClientCount []
11:52:02 PM [vite] (client) [console.warn] [workbench] unimplemented channel commands.list []
11:52:02 PM [vite] (client) [console.warn] [workbench] unimplemented channel skills.getCuratedDefaults []
11:52:02 PM [vite] (client) [console.warn] [workbench] unimplemented channel window.setIcon [null]
11:52:02 PM [vite] (client) [console.warn] [workbench] unimplemented channel remote.preview []
11:52:02 PM [vite] (client) [console.warn] [workbench] unimplemented channel performance.get []
11:52:08 PM [vite] (client) [console.warn] [workbench] unimplemented channel session.noteSelected [null]
11:52:08 PM [vite] (client) [console.warn] [workbench] unimplemented channel zoom.get []
11:52:08 PM [vite] (client) [console.warn] [workbench] unimplemented channel attention.getSummary []
11:52:08 PM [vite] (client) [console.warn] [workbench] unimplemented channel system.notifyStackState [true]
11:52:08 PM [vite] (client) [console.warn] [workbench] unimplemented channel remote.reportHydrate [{"kept":[]}]
11:52:08 PM [vite] (client) [console.warn] [workbench] unimplemented channel remote.getClientCount []
11:52:08 PM [vite] (client) [console.warn] [workbench] unimplemented channel commands.list []
11:52:08 PM [vite] (client) [console.warn] [workbench] unimplemented channel skills.getCuratedDefaults []
11:52:08 PM [vite] (client) [console.warn] [workbench] unimplemented channel window.setIcon [null]
11:52:08 PM [vite] (client) [console.warn] [workbench] unimplemented channel remote.preview []
11:52:09 PM [vite] (client) [console.warn] [workbench] unimplemented channel session.signalReady ["wb-1"]
11:52:09 PM [vite] (client) [console.warn] [workbench] unimplemented channel performance.get []
11:52:09 PM [vite] (client) [console.warn] [workbench] unimplemented channel attention.report [{"sessionId":"wb-1","attentionState":"ok","awaitingApproval":false,"status":"green"}]
11:52:15 PM [vite] (client) [console.warn] [workbench] unimplemented channel session.noteSelected [null]
11:52:15 PM [vite] (client) [console.warn] [workbench] unimplemented channel zoom.get []
11:52:15 PM [vite] (client) [console.warn] [workbench] unimplemented channel attention.getSummary []
11:52:15 PM [vite] (client) [console.warn] [workbench] unimplemented channel system.notifyStackState [true]
11:52:15 PM [vite] (client) [console.warn] [workbench] unimplemented channel remote.reportHydrate [{"kept":[]}]
11:52:15 PM [vite] (client) [console.warn] [workbench] unimplemented channel remote.getClientCount []
11:52:15 PM [vite] (client) [console.warn] [workbench] unimplemented channel commands.list []
11:52:15 PM [vite] (client) [console.warn] [workbench] unimplemented channel skills.getCuratedDefaults []
11:52:15 PM [vite] (client) [console.warn] [workbench] unimplemented channel window.setIcon [null]
11:52:15 PM [vite] (client) [console.warn] [workbench] unimplemented channel remote.preview []
11:52:16 PM [vite] (client) [console.warn] [workbench] unimplemented channel session.signalReady ["wb-1"]
11:52:16 PM [vite] (client) [console.warn] [workbench] unimplemented channel performance.get []
11:52:16 PM [vite] (client) [console.warn] [workbench] unimplemented channel attention.report [{"sessionId":"wb-1","attentionState":"ok","awaitingApproval":false,"status":"green"}]
11:52:21 PM [vite] (client) [console.warn] [workbench] unimplemented channel session.noteSelected [null]
11:52:21 PM [vite] (client) [console.warn] [workbench] unimplemented channel zoom.get []
11:52:21 PM [vite] (client) [console.warn] [workbench] unimplemented channel attention.getSummary []
11:52:21 PM [vite] (client) [console.warn] [workbench] unimplemented channel system.notifyStackState [true]
11:52:21 PM [vite] (client) [console.warn] [workbench] unimplemented channel remote.reportHydrate [{"kept":[]}]
11:52:21 PM [vite] (client) [console.warn] [workbench] unimplemented channel remote.getClientCount []
11:52:21 PM [vite] (client) [console.warn] [workbench] unimplemented channel commands.list []
11:52:21 PM [vite] (client) [console.warn] [workbench] unimplemented channel skills.getCuratedDefaults []
11:52:21 PM [vite] (client) [console.warn] [workbench] unimplemented channel window.setIcon [null]
11:52:22 PM [vite] (client) [console.warn] [workbench] unimplemented channel remote.preview []
11:52:22 PM [vite] (client) [console.warn] [workbench] unimplemented channel session.signalReady ["wb-1"]
11:52:22 PM [vite] (client) [console.warn] [workbench] unimplemented channel performance.get []
11:52:22 PM [vite] (client) [console.warn] [workbench] unimplemented channel attention.report [{"sessionId":"wb-1","attentionState":"ok","awaitingApproval":false,"status":"green"}]
11:52:27 PM [vite] (client) [console.warn] [workbench] unimplemented channel session.noteSelected [null]
11:52:27 PM [vite] (client) [console.warn] [workbench] unimplemented channel zoom.get []
11:52:27 PM [vite] (client) [console.warn] [workbench] unimplemented channel attention.getSummary []
11:52:27 PM [vite] (client) [console.warn] [workbench] unimplemented channel system.notifyStackState [true]
11:52:27 PM [vite] (client) [console.warn] [workbench] unimplemented channel remote.reportHydrate [{"kept":[]}]
11:52:27 PM [vite] (client) [console.warn] [workbench] unimplemented channel remote.getClientCount []
11:52:27 PM [vite] (client) [console.warn] [workbench] unimplemented channel commands.list []
11:52:27 PM [vite] (client) [console.warn] [workbench] unimplemented channel skills.getCuratedDefaults []
11:52:27 PM [vite] (client) [console.warn] [workbench] unimplemented channel window.setIcon [null]
11:52:28 PM [vite] (client) [console.warn] [workbench] unimplemented channel remote.preview []
11:52:28 PM [vite] (client) [console.warn] [workbench] unimplemented channel performance.get []
11:52:28 PM [vite] (client) [console.warn] [workbench] unimplemented channel attention.report [{"sessionId":"site-1","attentionState":"ok","awaitingApproval":false,"status":"gray"}]
11:52:33 PM [vite] (client) [console.warn] [workbench] unimplemented channel window.setIcon [null]
11:52:39 PM [vite] (client) [console.warn] [workbench] unimplemented channel commands.list []
11:52:39 PM [vite] (client) [console.warn] [workbench] unimplemented channel skills.getCuratedDefaults []
11:52:39 PM [vite] (client) [console.warn] [workbench] unimplemented channel window.setIcon [null]
11:52:45 PM [vite] (client) [console.warn] [workbench] unimplemented channel window.setIcon [null]
11:52:51 PM [vite] (client) [console.warn] [workbench] unimplemented channel session.noteSelected [null]
11:52:51 PM [vite] (client) [console.warn] [workbench] unimplemented channel zoom.get []
11:52:51 PM [vite] (client) [console.warn] [workbench] unimplemented channel attention.getSummary []
11:52:51 PM [vite] (client) [console.warn] [workbench] unimplemented channel system.notifyStackState [true]
11:52:51 PM [vite] (client) [console.warn] [workbench] unimplemented channel remote.reportHydrate [{"kept":[]}]
11:52:51 PM [vite] (client) [console.warn] [workbench] unimplemented channel remote.getClientCount []
11:52:51 PM [vite] (client) [console.warn] [workbench] unimplemented channel commands.list []
11:52:51 PM [vite] (client) [console.warn] [workbench] unimplemented channel skills.getCuratedDefaults []
11:52:51 PM [vite] (client) [console.warn] [workbench] unimplemented channel window.setIcon [null]
11:52:51 PM [vite] (client) [console.warn] [workbench] unimplemented channel remote.preview []
11:52:51 PM [vite] (client) [console.warn] [workbench] unimplemented channel session.signalReady ["wb-1"]
11:52:51 PM [vite] (client) [console.warn] [workbench] unimplemented channel performance.get []
11:52:51 PM [vite] (client) [console.warn] [workbench] unimplemented channel attention.report [{"sessionId":"wb-1","attentionState":"ok","awaitingApproval":false,"status":"green"}]
11:52:57 PM [vite] (client) [console.warn] [workbench] unimplemented channel window.setIcon [null]
11:53:03 PM [vite] (client) [console.warn] [workbench] unimplemented channel window.setIcon [null]
11:53:09 PM [vite] (client) [console.warn] [workbench] unimplemented channel session.noteSelected [null]
11:53:09 PM [vite] (client) [console.warn] [workbench] unimplemented channel zoom.get []
11:53:09 PM [vite] (client) [console.warn] [workbench] unimplemented channel attention.getSummary []
11:53:09 PM [vite] (client) [console.warn] [workbench] unimplemented channel system.notifyStackState [true]
11:53:09 PM [vite] (client) [console.warn] [workbench] unimplemented channel remote.reportHydrate [{"kept":[]}]
11:53:09 PM [vite] (client) [console.warn] [workbench] unimplemented channel remote.getClientCount []
11:53:09 PM [vite] (client) [console.warn] [workbench] unimplemented channel commands.list []
11:53:09 PM [vite] (client) [console.warn] [workbench] unimplemented channel skills.getCuratedDefaults []
11:53:09 PM [vite] (client) [console.warn] [workbench] unimplemented channel window.setIcon [null]
11:53:10 PM [vite] (client) [console.warn] [workbench] unimplemented channel remote.preview []
11:53:10 PM [vite] (client) [console.warn] [workbench] unimplemented channel session.signalReady ["wb-1"]
11:53:10 PM [vite] (client) [console.warn] [workbench] unimplemented channel performance.get []
11:53:10 PM [vite] (client) [console.warn] [workbench] unimplemented channel attention.report [{"sessionId":"wb-1","attentionState":"ok","awaitingApproval":false,"status":"green"}]
11:53:16 PM [vite] (client) [console.warn] [workbench] unimplemented channel session.noteSelected [null]
11:53:16 PM [vite] (client) [console.warn] [workbench] unimplemented channel zoom.get []
11:53:16 PM [vite] (client) [console.warn] [workbench] unimplemented channel attention.getSummary []
11:53:16 PM [vite] (client) [console.warn] [workbench] unimplemented channel system.notifyStackState [true]
11:53:16 PM [vite] (client) [console.warn] [workbench] unimplemented channel remote.reportHydrate [{"kept":[]}]
11:53:16 PM [vite] (client) [console.warn] [workbench] unimplemented channel remote.getClientCount []
11:53:16 PM [vite] (client) [console.warn] [workbench] unimplemented channel commands.list []
11:53:16 PM [vite] (client) [console.warn] [workbench] unimplemented channel skills.getCuratedDefaults []
11:53:16 PM [vite] (client) [console.warn] [workbench] unimplemented channel window.setIcon [null]
11:53:16 PM [vite] (client) [console.warn] [workbench] unimplemented channel remote.preview []
11:53:16 PM [vite] (client) [console.warn] [workbench] unimplemented channel session.signalReady ["wb-1"]
11:53:17 PM [vite] (client) [console.warn] [workbench] unimplemented channel performance.get []
11:53:17 PM [vite] (client) [console.warn] [workbench] unimplemented channel attention.report [{"sessionId":"wb-1","attentionState":"ok","awaitingApproval":false,"status":"green"}]
11:53:22 PM [vite] (client) [console.warn] [workbench] unimplemented channel session.noteSelected [null]
11:53:22 PM [vite] (client) [console.warn] [workbench] unimplemented channel zoom.get []
11:53:22 PM [vite] (client) [console.warn] [workbench] unimplemented channel attention.getSummary []
11:53:22 PM [vite] (client) [console.warn] [workbench] unimplemented channel system.notifyStackState [true]
11:53:22 PM [vite] (client) [console.warn] [workbench] unimplemented channel remote.reportHydrate [{"kept":[]}]
11:53:22 PM [vite] (client) [console.warn] [workbench] unimplemented channel remote.getClientCount []
11:53:22 PM [vite] (client) [console.warn] [workbench] unimplemented channel commands.list []
11:53:22 PM [vite] (client) [console.warn] [workbench] unimplemented channel skills.getCuratedDefaults []
11:53:22 PM [vite] (client) [console.warn] [workbench] unimplemented channel window.setIcon [null]
11:53:22 PM [vite] (client) [console.warn] [workbench] unimplemented channel attention.report [{"sessionId":"wb-1","attentionState":"ok","awaitingApproval":false,"status":"green"}]
11:53:30 PM [vite] (client) [console.warn] [workbench] unimplemented channel window.setIcon [null]
11:53:30 PM [vite] (client) [console.warn] [workbench] unimplemented channel window.setIcon [null]
11:53:30 PM [vite] (client) [console.warn] [workbench] unimplemented channel window.setIcon [null]
11:53:30 PM [vite] (client) [console.warn] [workbench] unimplemented channel window.setIcon [null]
11:53:36 PM [vite] (client) [console.warn] [workbench] unimplemented channel window.setIcon [null]
11:53:36 PM [vite] (client) [console.warn] [workbench] unimplemented channel window.setIcon [null]
11:53:36 PM [vite] (client) [console.warn] [workbench] unimplemented channel window.setIcon [null]
11:53:36 PM [vite] (client) [console.warn] [workbench] unimplemented channel window.setIcon [null]
11:53:42 PM [vite] (client) [console.warn] [workbench] unimplemented channel window.setIcon [null]
11:53:42 PM [vite] (client) [console.warn] [workbench] unimplemented channel window.setIcon [null]
11:53:42 PM [vite] (client) [console.warn] [workbench] unimplemented channel window.setIcon [null]
11:53:42 PM [vite] (client) [console.warn] [workbench] unimplemented channel window.setIcon [null]
11:53:48 PM [vite] (client) [console.warn] [workbench] unimplemented channel window.setIcon [null]
11:53:48 PM [vite] (client) [console.warn] [workbench] unimplemented channel window.setIcon [null]
11:53:48 PM [vite] (client) [console.warn] [workbench] unimplemented channel window.setIcon [null]
11:53:48 PM [vite] (client) [console.warn] [workbench] unimplemented channel window.setIcon [null]
11:53:54 PM [vite] (client) [console.warn] [workbench] unimplemented channel window.setIcon [null]
11:53:54 PM [vite] (client) [console.warn] [workbench] unimplemented channel window.setIcon [null]
11:53:54 PM [vite] (client) [console.warn] [workbench] unimplemented channel window.setIcon [null]
11:53:54 PM [vite] (client) [console.warn] [workbench] unimplemented channel window.setIcon [null]
11:54:00 PM [vite] (client) [console.warn] [workbench] unimplemented channel window.setIcon [null]
11:54:00 PM [vite] (client) [console.warn] [workbench] unimplemented channel window.setIcon [null]
11:54:00 PM [vite] (client) [console.warn] [workbench] unimplemented channel window.setIcon [null]
11:54:00 PM [vite] (client) [console.warn] [workbench] unimplemented channel window.setIcon [null]
11:54:08 PM [vite] (client) [console.warn] [workbench] unimplemented channel session.noteSelected [null]
11:54:08 PM [vite] (client) [console.warn] [workbench] unimplemented channel zoom.get []
11:54:08 PM [vite] (client) [console.warn] [workbench] unimplemented channel attention.getSummary []
11:54:08 PM [vite] (client) [console.warn] [workbench] unimplemented channel system.notifyStackState [true]
11:54:08 PM [vite] (client) [console.warn] [workbench] unimplemented channel remote.reportHydrate [{"kept":[]}]
11:54:08 PM [vite] (client) [console.warn] [workbench] unimplemented channel remote.getClientCount []
11:54:08 PM [vite] (client) [console.warn] [workbench] unimplemented channel commands.list []
11:54:08 PM [vite] (client) [console.warn] [workbench] unimplemented channel skills.getCuratedDefaults []
11:54:08 PM [vite] (client) [console.warn] [workbench] unimplemented channel window.setIcon [null]
11:54:08 PM [vite] (client) [console.warn] [workbench] unimplemented channel remote.preview []
11:54:08 PM [vite] (client) [console.warn] [workbench] unimplemented channel session.signalReady ["wb-1"]
11:54:09 PM [vite] (client) [console.warn] [workbench] unimplemented channel performance.get []
11:54:09 PM [vite] (client) [console.warn] [workbench] unimplemented channel attention.report [{"sessionId":"wb-1","attentionState":"ok","awaitingApproval":false,"status":"green"}]
11:54:14 PM [vite] (client) [console.warn] [workbench] unimplemented channel session.noteSelected [null]
11:54:14 PM [vite] (client) [console.warn] [workbench] unimplemented channel zoom.get []
11:54:14 PM [vite] (client) [console.warn] [workbench] unimplemented channel attention.getSummary []
11:54:14 PM [vite] (client) [console.warn] [workbench] unimplemented channel system.notifyStackState [true]
11:54:15 PM [vite] (client) [console.warn] [workbench] unimplemented channel remote.reportHydrate [{"kept":[]}]
11:54:15 PM [vite] (client) [console.warn] [workbench] unimplemented channel remote.getClientCount []
11:54:15 PM [vite] (client) [console.warn] [workbench] unimplemented channel commands.list []
11:54:15 PM [vite] (client) [console.warn] [workbench] unimplemented channel skills.getCuratedDefaults []
11:54:15 PM [vite] (client) [console.warn] [workbench] unimplemented channel window.setIcon [null]
11:54:15 PM [vite] (client) [console.warn] [workbench] unimplemented channel remote.preview []
11:54:15 PM [vite] (client) [console.warn] [workbench] unimplemented channel session.signalReady ["wb-1"]
11:54:15 PM [vite] (client) [console.warn] [workbench] unimplemented channel performance.get []
11:54:15 PM [vite] (client) [console.warn] [workbench] unimplemented channel attention.report [{"sessionId":"wb-1","attentionState":"ok","awaitingApproval":false,"status":"green"}]
11:54:21 PM [vite] (client) [console.warn] [workbench] unimplemented channel session.noteSelected [null]
11:54:21 PM [vite] (client) [console.warn] [workbench] unimplemented channel zoom.get []
11:54:21 PM [vite] (client) [console.warn] [workbench] unimplemented channel attention.getSummary []
11:54:21 PM [vite] (client) [console.warn] [workbench] unimplemented channel system.notifyStackState [true]
11:54:21 PM [vite] (client) [console.warn] [workbench] unimplemented channel remote.reportHydrate [{"kept":[]}]
11:54:21 PM [vite] (client) [console.warn] [workbench] unimplemented channel remote.getClientCount []
11:54:21 PM [vite] (client) [console.warn] [workbench] unimplemented channel commands.list []
11:54:21 PM [vite] (client) [console.warn] [workbench] unimplemented channel skills.getCuratedDefaults []
11:54:21 PM [vite] (client) [console.warn] [workbench] unimplemented channel window.setIcon [null]
11:54:21 PM [vite] (client) [console.warn] [workbench] unimplemented channel remote.preview []
11:54:21 PM [vite] (client) [console.warn] [workbench] unimplemented channel session.signalReady ["wb-1"]
11:54:21 PM [vite] (client) [console.warn] [workbench] unimplemented channel performance.get []
11:54:21 PM [vite] (client) [console.warn] [workbench] unimplemented channel attention.report [{"sessionId":"wb-1","attentionState":"ok","awaitingApproval":false,"status":"green"}]
11:54:28 PM [vite] (client) [console.warn] [workbench] unimplemented channel session.noteSelected [null]
11:54:28 PM [vite] (client) [console.warn] [workbench] unimplemented channel zoom.get []
11:54:28 PM [vite] (client) [console.warn] [workbench] unimplemented channel attention.getSummary []
11:54:28 PM [vite] (client) [console.warn] [workbench] unimplemented channel system.notifyStackState [true]
11:54:28 PM [vite] (client) [console.warn] [workbench] unimplemented channel remote.reportHydrate [{"kept":[]}]
11:54:28 PM [vite] (client) [console.warn] [workbench] unimplemented channel remote.getClientCount []
11:54:28 PM [vite] (client) [console.warn] [workbench] unimplemented channel commands.list []
11:54:28 PM [vite] (client) [console.warn] [workbench] unimplemented channel skills.getCuratedDefaults []
11:54:28 PM [vite] (client) [console.warn] [workbench] unimplemented channel window.setIcon [null]
11:54:28 PM [vite] (client) [console.warn] [workbench] unimplemented channel remote.preview []
11:54:28 PM [vite] (client) [console.warn] [workbench] unimplemented channel session.signalReady ["wb-1"]
11:54:28 PM [vite] (client) [console.warn] [workbench] unimplemented channel performance.get []
11:54:28 PM [vite] (client) [console.warn] [workbench] unimplemented channel attention.report [{"sessionId":"wb-1","attentionState":"ok","awaitingApproval":false,"status":"green"}]
11:54:34 PM [vite] (client) [console.warn] [workbench] unimplemented channel session.noteSelected [null]
11:54:34 PM [vite] (client) [console.warn] [workbench] unimplemented channel zoom.get []
11:54:34 PM [vite] (client) [console.warn] [workbench] unimplemented channel attention.getSummary []
11:54:34 PM [vite] (client) [console.warn] [workbench] unimplemented channel system.notifyStackState [true]
11:54:34 PM [vite] (client) [console.warn] [workbench] unimplemented channel remote.reportHydrate [{"kept":[]}]
11:54:34 PM [vite] (client) [console.warn] [workbench] unimplemented channel remote.getClientCount []
11:54:34 PM [vite] (client) [console.warn] [workbench] unimplemented channel commands.list []
11:54:34 PM [vite] (client) [console.warn] [workbench] unimplemented channel skills.getCuratedDefaults []
11:54:34 PM [vite] (client) [console.warn] [workbench] unimplemented channel window.setIcon [null]
11:54:34 PM [vite] (client) [console.warn] [workbench] unimplemented channel remote.preview []
11:54:34 PM [vite] (client) [console.warn] [workbench] unimplemented channel session.signalReady ["wb-1"]
11:54:34 PM [vite] (client) [console.warn] [workbench] unimplemented channel performance.get []
11:54:34 PM [vite] (client) [console.warn] [workbench] unimplemented channel attention.report [{"sessionId":"wb-1","attentionState":"ok","awaitingApproval":false,"status":"green"}]
11:54:37 PM [vite] (client) [console.warn] [workbench] unimplemented channel integrations.list []
11:54:40 PM [vite] (client) [console.warn] [workbench] unimplemented channel session.noteSelected [null]
11:54:40 PM [vite] (client) [console.warn] [workbench] unimplemented channel zoom.get []
11:54:40 PM [vite] (client) [console.warn] [workbench] unimplemented channel attention.getSummary []
11:54:40 PM [vite] (client) [console.warn] [workbench] unimplemented channel system.notifyStackState [true]
11:54:40 PM [vite] (client) [console.warn] [workbench] unimplemented channel remote.reportHydrate [{"kept":[]}]
11:54:40 PM [vite] (client) [console.warn] [workbench] unimplemented channel remote.getClientCount []
11:54:40 PM [vite] (client) [console.warn] [workbench] unimplemented channel commands.list []
11:54:40 PM [vite] (client) [console.warn] [workbench] unimplemented channel skills.getCuratedDefaults []
11:54:40 PM [vite] (client) [console.warn] [workbench] unimplemented channel window.setIcon [null]
11:54:41 PM [vite] (client) [console.warn] [workbench] unimplemented channel remote.preview []
11:54:41 PM [vite] (client) [console.warn] [workbench] unimplemented channel session.signalReady ["wb-1"]
11:54:41 PM [vite] (client) [console.warn] [workbench] unimplemented channel performance.get []
11:54:41 PM [vite] (client) [console.warn] [workbench] unimplemented channel attention.report [{"sessionId":"wb-1","attentionState":"ok","awaitingApproval":false,"status":"green"}]
11:54:43 PM [vite] (client) [console.warn] [workbench] unimplemented channel session.switch ["wb-5"]
11:54:44 PM [vite] (client) [console.warn] [workbench] unimplemented channel native.sessionsList []
11:54:48 PM [vite] (client) [console.warn] [workbench] unimplemented channel session.noteSelected [null]
11:54:48 PM [vite] (client) [console.warn] [workbench] unimplemented channel zoom.get []
11:54:48 PM [vite] (client) [console.warn] [workbench] unimplemented channel attention.getSummary []
11:54:48 PM [vite] (client) [console.warn] [workbench] unimplemented channel system.notifyStackState [true]
11:54:48 PM [vite] (client) [console.warn] [workbench] unimplemented channel remote.reportHydrate [{"kept":[]}]
11:54:48 PM [vite] (client) [console.warn] [workbench] unimplemented channel remote.getClientCount []
11:54:48 PM [vite] (client) [console.warn] [workbench] unimplemented channel commands.list []
11:54:48 PM [vite] (client) [console.warn] [workbench] unimplemented channel skills.getCuratedDefaults []
11:54:48 PM [vite] (client) [console.warn] [workbench] unimplemented channel window.setIcon [null]
11:54:48 PM [vite] (client) [console.warn] [workbench] unimplemented channel remote.preview []
11:54:48 PM [vite] (client) [console.warn] [workbench] unimplemented channel session.signalReady ["wb-1"]
11:54:48 PM [vite] (client) [console.warn] [workbench] unimplemented channel performance.get []
11:54:48 PM [vite] (client) [console.warn] [workbench] unimplemented channel attention.report [{"sessionId":"wb-1","attentionState":"ok","awaitingApproval":false,"status":"green"}]
11:54:57 PM [vite] (client) [console.warn] [workbench] unimplemented channel session.noteSelected [null]
11:54:57 PM [vite] (client) [console.warn] [workbench] unimplemented channel zoom.get []
11:54:57 PM [vite] (client) [console.warn] [workbench] unimplemented channel attention.getSummary []
11:54:57 PM [vite] (client) [console.warn] [workbench] unimplemented channel system.notifyStackState [true]
11:54:57 PM [vite] (client) [console.warn] [workbench] unimplemented channel remote.reportHydrate [{"kept":[]}]
11:54:57 PM [vite] (client) [console.warn] [workbench] unimplemented channel remote.getClientCount []
11:54:57 PM [vite] (client) [console.warn] [workbench] unimplemented channel commands.list []
11:54:57 PM [vite] (client) [console.warn] [workbench] unimplemented channel skills.getCuratedDefaults []
11:54:57 PM [vite] (client) [console.warn] [workbench] unimplemented channel window.setIcon [null]
11:54:57 PM [vite] (client) [console.warn] [workbench] unimplemented channel remote.preview []
11:54:57 PM [vite] (client) [console.warn] [workbench] unimplemented channel session.signalReady ["wb-1"]
11:54:57 PM [vite] (client) [console.warn] [workbench] unimplemented channel performance.get []
11:54:57 PM [vite] (client) [console.warn] [workbench] unimplemented channel attention.report [{"sessionId":"wb-1","attentionState":"ok","awaitingApproval":false,"status":"green"}]
