UI Workbench
  checkout: /home/destin/youcoded-dev/worktrees/sessions/plugin-project-controls/youcoded
  open this in a local browser:
    http://localhost:5473/?mode=workbench

  scenarios: &scenario=default|empty|no-providers|refused|stress
  latency:   &latency=0|150|2000   (ms of fake IPC delay; default 150)

npm notice run youcoded@1.3.0 dev:renderer
npm notice run vite --port 5473
(!) Your Vite config uses features that are unsupported by `configLoader: 'native'`, which is planned to become the default in a future major version of Vite:
  - ESM syntax in a file loaded as CommonJS (vite.config.ts:1:1). Use a `.mjs` extension or set `"type": "module"` in the closest package.json
Set `VITE_CONFIG_NATIVE_IGNORE_WARNING=true` to suppress this warning.

  VITE v8.2.2  ready in 182 ms

  ➜  Local:   http://127.0.0.1:5473/
11:50:08 PM [vite] (client) [console.warn] [workbench] unimplemented channel session.noteSelected [null]
11:50:08 PM [vite] (client) [console.warn] [workbench] unimplemented channel zoom.get []
11:50:08 PM [vite] (client) [console.warn] [workbench] unimplemented channel attention.getSummary []
11:50:08 PM [vite] (client) [console.warn] [workbench] unimplemented channel system.notifyStackState [true]
11:50:08 PM [vite] (client) [console.warn] [workbench] unimplemented channel remote.reportHydrate [{"kept":[]}]
11:50:08 PM [vite] (client) [console.warn] [workbench] unimplemented channel remote.getClientCount []
11:50:08 PM [vite] (client) [console.warn] [workbench] unimplemented channel commands.list []
11:50:08 PM [vite] (client) [console.warn] [workbench] unimplemented channel skills.getCuratedDefaults []
11:50:08 PM [vite] (client) [console.warn] [workbench] unimplemented channel window.setIcon [null]
11:50:09 PM [vite] (client) [console.warn] [workbench] unimplemented channel native.getPermissionMode ["wb-2"]
11:50:09 PM [vite] (client) [console.warn] [workbench] unimplemented channel remote.preview []
11:50:09 PM [vite] (client) [console.warn] [workbench] unimplemented channel session.signalReady ["wb-1"]
11:50:09 PM [vite] (client) [console.warn] [workbench] unimplemented channel performance.get []
11:50:09 PM [vite] (client) [console.warn] [workbench] unimplemented channel attention.report [{"sessionId":"wb-1","attentionState":"ok","awaitingApproval":false,"status":"green"}]
11:50:13 PM [vite] (client) [console.warn] [workbench] unimplemented channel session.noteSelected [null]
11:50:13 PM [vite] (client) [console.warn] [workbench] unimplemented channel zoom.get []
11:50:13 PM [vite] (client) [console.warn] [workbench] unimplemented channel attention.getSummary []
11:50:13 PM [vite] (client) [console.warn] [workbench] unimplemented channel system.notifyStackState [true]
11:50:13 PM [vite] (client) [console.warn] [workbench] unimplemented channel remote.reportHydrate [{"kept":[]}]
11:50:13 PM [vite] (client) [console.warn] [workbench] unimplemented channel remote.getClientCount []
11:50:13 PM [vite] (client) [console.warn] [workbench] unimplemented channel commands.list []
11:50:13 PM [vite] (client) [console.warn] [workbench] unimplemented channel skills.getCuratedDefaults []
11:50:13 PM [vite] (client) [console.warn] [workbench] unimplemented channel window.setIcon [null]
11:50:14 PM [vite] (client) [console.warn] [workbench] unimplemented channel native.getPermissionMode ["wb-2"]
11:50:14 PM [vite] (client) [console.warn] [workbench] unimplemented channel remote.preview []
11:50:14 PM [vite] (client) [console.warn] [workbench] unimplemented channel session.signalReady ["wb-1"]
11:50:14 PM [vite] (client) [console.warn] [workbench] unimplemented channel performance.get []
11:50:14 PM [vite] (client) [console.warn] [workbench] unimplemented channel attention.report [{"sessionId":"wb-1","attentionState":"ok","awaitingApproval":false,"status":"green"}]
11:50:20 PM [vite] (client) [console.warn] [workbench] unimplemented channel session.noteSelected [null]
11:50:20 PM [vite] (client) [console.warn] [workbench] unimplemented channel zoom.get []
11:50:20 PM [vite] (client) [console.warn] [workbench] unimplemented channel attention.getSummary []
11:50:20 PM [vite] (client) [console.warn] [workbench] unimplemented channel system.notifyStackState [true]
11:50:20 PM [vite] (client) [console.warn] [workbench] unimplemented channel remote.reportHydrate [{"kept":[]}]
11:50:20 PM [vite] (client) [console.warn] [workbench] unimplemented channel remote.getClientCount []
11:50:20 PM [vite] (client) [console.warn] [workbench] unimplemented channel commands.list []
11:50:20 PM [vite] (client) [console.warn] [workbench] unimplemented channel skills.getCuratedDefaults []
11:50:20 PM [vite] (client) [console.warn] [workbench] unimplemented channel window.setIcon [null]
11:50:20 PM [vite] (client) [console.warn] [workbench] unimplemented channel remote.preview []
11:50:20 PM [vite] (client) [console.warn] [workbench] unimplemented channel performance.get []
11:50:25 PM [vite] (client) [console.warn] [workbench] unimplemented channel session.noteSelected [null]
11:50:25 PM [vite] (client) [console.warn] [workbench] unimplemented channel zoom.get []
11:50:25 PM [vite] (client) [console.warn] [workbench] unimplemented channel attention.getSummary []
11:50:25 PM [vite] (client) [console.warn] [workbench] unimplemented channel system.notifyStackState [true]
11:50:25 PM [vite] (client) [console.warn] [workbench] unimplemented channel remote.reportHydrate [{"kept":[]}]
11:50:25 PM [vite] (client) [console.warn] [workbench] unimplemented channel remote.getClientCount []
11:50:25 PM [vite] (client) [console.warn] [workbench] unimplemented channel commands.list []
11:50:25 PM [vite] (client) [console.warn] [workbench] unimplemented channel skills.getCuratedDefaults []
11:50:25 PM [vite] (client) [console.warn] [workbench] unimplemented channel window.setIcon [null]
11:50:25 PM [vite] (client) [console.warn] [workbench] unimplemented channel native.getPermissionMode ["wb-2"]
11:50:25 PM [vite] (client) [console.warn] [workbench] unimplemented channel remote.preview []
11:50:25 PM [vite] (client) [console.warn] [workbench] unimplemented channel session.signalReady ["wb-1"]
11:50:25 PM [vite] (client) [console.warn] [workbench] unimplemented channel performance.get []
11:50:25 PM [vite] (client) [console.warn] [workbench] unimplemented channel attention.report [{"sessionId":"wb-1","attentionState":"ok","awaitingApproval":false,"status":"green"}]
11:50:31 PM [vite] (client) [console.warn] [workbench] unimplemented channel session.noteSelected [null]
11:50:31 PM [vite] (client) [console.warn] [workbench] unimplemented channel zoom.get []
11:50:31 PM [vite] (client) [console.warn] [workbench] unimplemented channel attention.getSummary []
11:50:31 PM [vite] (client) [console.warn] [workbench] unimplemented channel system.notifyStackState [true]
11:50:31 PM [vite] (client) [console.warn] [workbench] unimplemented channel remote.reportHydrate [{"kept":[]}]
11:50:31 PM [vite] (client) [console.warn] [workbench] unimplemented channel remote.getClientCount []
11:50:31 PM [vite] (client) [console.warn] [workbench] unimplemented channel commands.list []
11:50:31 PM [vite] (client) [console.warn] [workbench] unimplemented channel skills.getCuratedDefaults []
11:50:31 PM [vite] (client) [console.warn] [workbench] unimplemented channel window.setIcon [null]
11:50:31 PM [vite] (client) [console.warn] [workbench] unimplemented channel native.getPermissionMode ["wb-2"]
11:50:31 PM [vite] (client) [console.warn] [workbench] unimplemented channel remote.preview []
11:50:31 PM [vite] (client) [console.warn] [workbench] unimplemented channel session.signalReady ["wb-1"]
11:50:31 PM [vite] (client) [console.warn] [workbench] unimplemented channel performance.get []
11:50:31 PM [vite] (client) [console.warn] [workbench] unimplemented channel attention.report [{"sessionId":"wb-1","attentionState":"ok","awaitingApproval":false,"status":"green"}]
11:50:37 PM [vite] (client) [console.warn] [workbench] unimplemented channel session.noteSelected [null]
11:50:37 PM [vite] (client) [console.warn] [workbench] unimplemented channel zoom.get []
11:50:37 PM [vite] (client) [console.warn] [workbench] unimplemented channel attention.getSummary []
11:50:37 PM [vite] (client) [console.warn] [workbench] unimplemented channel system.notifyStackState [true]
11:50:37 PM [vite] (client) [console.warn] [workbench] unimplemented channel remote.reportHydrate [{"kept":[]}]
11:50:37 PM [vite] (client) [console.warn] [workbench] unimplemented channel remote.getClientCount []
11:50:37 PM [vite] (client) [console.warn] [workbench] unimplemented channel commands.list []
11:50:37 PM [vite] (client) [console.warn] [workbench] unimplemented channel skills.getCuratedDefaults []
11:50:37 PM [vite] (client) [console.warn] [workbench] unimplemented channel window.setIcon [null]
11:50:37 PM [vite] (client) [console.warn] [workbench] unimplemented channel native.getPermissionMode ["wb-2"]
11:50:37 PM [vite] (client) [console.warn] [workbench] unimplemented channel remote.preview []
11:50:37 PM [vite] (client) [console.warn] [workbench] unimplemented channel session.signalReady ["wb-1"]
11:50:37 PM [vite] (client) [console.warn] [workbench] unimplemented channel performance.get []
11:50:37 PM [vite] (client) [console.warn] [workbench] unimplemented channel attention.report [{"sessionId":"wb-1","attentionState":"ok","awaitingApproval":false,"status":"green"}]
11:50:43 PM [vite] (client) [console.warn] [workbench] unimplemented channel session.noteSelected [null]
11:50:43 PM [vite] (client) [console.warn] [workbench] unimplemented channel zoom.get []
11:50:43 PM [vite] (client) [console.warn] [workbench] unimplemented channel attention.getSummary []
11:50:43 PM [vite] (client) [console.warn] [workbench] unimplemented channel system.notifyStackState [true]
11:50:43 PM [vite] (client) [console.warn] [workbench] unimplemented channel remote.reportHydrate [{"kept":[]}]
11:50:43 PM [vite] (client) [console.warn] [workbench] unimplemented channel remote.getClientCount []
11:50:43 PM [vite] (client) [console.warn] [workbench] unimplemented channel commands.list []
11:50:43 PM [vite] (client) [console.warn] [workbench] unimplemented channel skills.getCuratedDefaults []
11:50:43 PM [vite] (client) [console.warn] [workbench] unimplemented channel window.setIcon [null]
11:50:43 PM [vite] (client) [console.warn] [workbench] unimplemented channel remote.preview []
11:50:43 PM [vite] (client) [console.warn] [workbench] unimplemented channel native.getPermissionMode ["site-1"]
11:50:43 PM [vite] (client) [console.warn] [workbench] unimplemented channel performance.get []
11:50:43 PM [vite] (client) [console.warn] [workbench] unimplemented channel attention.report [{"sessionId":"site-1","attentionState":"ok","awaitingApproval":false,"status":"gray"}]
11:50:50 PM [vite] (client) [console.warn] [workbench] unimplemented channel window.setIcon [null]
11:50:56 PM [vite] (client) [console.warn] [workbench] unimplemented channel commands.list []
11:50:56 PM [vite] (client) [console.warn] [workbench] unimplemented channel skills.getCuratedDefaults []
11:50:56 PM [vite] (client) [console.warn] [workbench] unimplemented channel window.setIcon [null]
11:51:01 PM [vite] (client) [console.warn] [workbench] unimplemented channel window.setIcon [null]
11:51:07 PM [vite] (client) [console.warn] [workbench] unimplemented channel session.noteSelected [null]
11:51:07 PM [vite] (client) [console.warn] [workbench] unimplemented channel zoom.get []
11:51:07 PM [vite] (client) [console.warn] [workbench] unimplemented channel attention.getSummary []
11:51:07 PM [vite] (client) [console.warn] [workbench] unimplemented channel system.notifyStackState [true]
11:51:07 PM [vite] (client) [console.warn] [workbench] unimplemented channel remote.reportHydrate [{"kept":[]}]
11:51:07 PM [vite] (client) [console.warn] [workbench] unimplemented channel remote.getClientCount []
11:51:07 PM [vite] (client) [console.warn] [workbench] unimplemented channel commands.list []
11:51:07 PM [vite] (client) [console.warn] [workbench] unimplemented channel skills.getCuratedDefaults []
11:51:07 PM [vite] (client) [console.warn] [workbench] unimplemented channel window.setIcon [null]
11:51:07 PM [vite] (client) [console.warn] [workbench] unimplemented channel native.getPermissionMode ["wb-2"]
11:51:07 PM [vite] (client) [console.warn] [workbench] unimplemented channel remote.preview []
11:51:07 PM [vite] (client) [console.warn] [workbench] unimplemented channel session.signalReady ["wb-1"]
11:51:07 PM [vite] (client) [console.warn] [workbench] unimplemented channel performance.get []
11:51:07 PM [vite] (client) [console.warn] [workbench] unimplemented channel attention.report [{"sessionId":"wb-1","attentionState":"ok","awaitingApproval":false,"status":"green"}]
11:51:13 PM [vite] (client) [console.warn] [workbench] unimplemented channel window.setIcon [null]
11:51:19 PM [vite] (client) [console.warn] [workbench] unimplemented channel window.setIcon [null]
11:51:26 PM [vite] (client) [console.warn] [workbench] unimplemented channel session.noteSelected [null]
11:51:26 PM [vite] (client) [console.warn] [workbench] unimplemented channel zoom.get []
11:51:26 PM [vite] (client) [console.warn] [workbench] unimplemented channel attention.getSummary []
11:51:26 PM [vite] (client) [console.warn] [workbench] unimplemented channel system.notifyStackState [true]
11:51:26 PM [vite] (client) [console.warn] [workbench] unimplemented channel remote.reportHydrate [{"kept":[]}]
11:51:26 PM [vite] (client) [console.warn] [workbench] unimplemented channel remote.getClientCount []
11:51:26 PM [vite] (client) [console.warn] [workbench] unimplemented channel commands.list []
11:51:26 PM [vite] (client) [console.warn] [workbench] unimplemented channel skills.getCuratedDefaults []
11:51:26 PM [vite] (client) [console.warn] [workbench] unimplemented channel window.setIcon [null]
11:51:26 PM [vite] (client) [console.warn] [workbench] unimplemented channel native.getPermissionMode ["wb-2"]
11:51:26 PM [vite] (client) [console.warn] [workbench] unimplemented channel remote.preview []
11:51:26 PM [vite] (client) [console.warn] [workbench] unimplemented channel session.signalReady ["wb-1"]
11:51:26 PM [vite] (client) [console.warn] [workbench] unimplemented channel performance.get []
11:51:26 PM [vite] (client) [console.warn] [workbench] unimplemented channel attention.report [{"sessionId":"wb-1","attentionState":"ok","awaitingApproval":false,"status":"green"}]
11:51:31 PM [vite] (client) [console.warn] [workbench] unimplemented channel session.noteSelected [null]
11:51:31 PM [vite] (client) [console.warn] [workbench] unimplemented channel zoom.get []
11:51:31 PM [vite] (client) [console.warn] [workbench] unimplemented channel attention.getSummary []
11:51:31 PM [vite] (client) [console.warn] [workbench] unimplemented channel system.notifyStackState [true]
11:51:31 PM [vite] (client) [console.warn] [workbench] unimplemented channel remote.reportHydrate [{"kept":[]}]
11:51:31 PM [vite] (client) [console.warn] [workbench] unimplemented channel remote.getClientCount []
11:51:31 PM [vite] (client) [console.warn] [workbench] unimplemented channel commands.list []
11:51:31 PM [vite] (client) [console.warn] [workbench] unimplemented channel skills.getCuratedDefaults []
11:51:31 PM [vite] (client) [console.warn] [workbench] unimplemented channel window.setIcon [null]
11:51:31 PM [vite] (client) [console.warn] [workbench] unimplemented channel native.getPermissionMode ["wb-2"]
11:51:32 PM [vite] (client) [console.warn] [workbench] unimplemented channel remote.preview []
11:51:32 PM [vite] (client) [console.warn] [workbench] unimplemented channel session.signalReady ["wb-1"]
11:51:32 PM [vite] (client) [console.warn] [workbench] unimplemented channel performance.get []
11:51:32 PM [vite] (client) [console.warn] [workbench] unimplemented channel attention.report [{"sessionId":"wb-1","attentionState":"ok","awaitingApproval":false,"status":"green"}]
11:51:37 PM [vite] (client) [console.warn] [workbench] unimplemented channel session.noteSelected [null]
11:51:37 PM [vite] (client) [console.warn] [workbench] unimplemented channel zoom.get []
11:51:37 PM [vite] (client) [console.warn] [workbench] unimplemented channel attention.getSummary []
11:51:37 PM [vite] (client) [console.warn] [workbench] unimplemented channel system.notifyStackState [true]
11:51:37 PM [vite] (client) [console.warn] [workbench] unimplemented channel remote.reportHydrate [{"kept":[]}]
11:51:37 PM [vite] (client) [console.warn] [workbench] unimplemented channel remote.getClientCount []
11:51:37 PM [vite] (client) [console.warn] [workbench] unimplemented channel commands.list []
11:51:37 PM [vite] (client) [console.warn] [workbench] unimplemented channel skills.getCuratedDefaults []
11:51:37 PM [vite] (client) [console.warn] [workbench] unimplemented channel window.setIcon [null]
11:51:37 PM [vite] (client) [console.warn] [workbench] unimplemented channel native.getPermissionMode ["wb-2"]
11:51:38 PM [vite] (client) [console.warn] [workbench] unimplemented channel attention.report [{"sessionId":"wb-1","attentionState":"ok","awaitingApproval":false,"status":"green"}]
11:51:44 PM [vite] (client) [console.warn] [workbench] unimplemented channel session.noteSelected [null]
11:51:44 PM [vite] (client) [console.warn] [workbench] unimplemented channel zoom.get []
11:51:44 PM [vite] (client) [console.warn] [workbench] unimplemented channel attention.getSummary []
11:51:44 PM [vite] (client) [console.warn] [workbench] unimplemented channel system.notifyStackState [true]
11:51:44 PM [vite] (client) [console.warn] [workbench] unimplemented channel session.noteSelected [null]
11:51:44 PM [vite] (client) [console.warn] [workbench] unimplemented channel zoom.get []
11:51:44 PM [vite] (client) [console.warn] [workbench] unimplemented channel attention.getSummary []
11:51:44 PM [vite] (client) [console.warn] [workbench] unimplemented channel system.notifyStackState [true]
11:51:44 PM [vite] (client) [console.warn] [workbench] unimplemented channel remote.reportHydrate [{"kept":[]}]
11:51:44 PM [vite] (client) [console.warn] [workbench] unimplemented channel remote.getClientCount []
11:51:44 PM [vite] (client) [console.warn] [workbench] unimplemented channel commands.list []
11:51:44 PM [vite] (client) [console.warn] [workbench] unimplemented channel skills.getCuratedDefaults []
11:51:44 PM [vite] (client) [console.warn] [workbench] unimplemented channel remote.reportHydrate [{"kept":[]}]
11:51:44 PM [vite] (client) [console.warn] [workbench] unimplemented channel remote.getClientCount []
11:51:44 PM [vite] (client) [console.warn] [workbench] unimplemented channel window.setIcon [null]
11:51:44 PM [vite] (client) [console.warn] [workbench] unimplemented channel commands.list []
11:51:44 PM [vite] (client) [console.warn] [workbench] unimplemented channel skills.getCuratedDefaults []
11:51:44 PM [vite] (client) [console.warn] [workbench] unimplemented channel window.setIcon [null]
11:51:44 PM [vite] (client) [console.warn] [workbench] unimplemented channel session.noteSelected [null]
11:51:44 PM [vite] (client) [console.warn] [workbench] unimplemented channel zoom.get []
11:51:44 PM [vite] (client) [console.warn] [workbench] unimplemented channel attention.getSummary []
11:51:44 PM [vite] (client) [console.warn] [workbench] unimplemented channel system.notifyStackState [true]
11:51:44 PM [vite] (client) [console.warn] [workbench] unimplemented channel remote.reportHydrate [{"kept":[]}]
11:51:44 PM [vite] (client) [console.warn] [workbench] unimplemented channel remote.getClientCount []
11:51:44 PM [vite] (client) [console.warn] [workbench] unimplemented channel commands.list []
11:51:44 PM [vite] (client) [console.warn] [workbench] unimplemented channel skills.getCuratedDefaults []
11:51:44 PM [vite] (client) [console.warn] [workbench] unimplemented channel window.setIcon [null]
11:51:44 PM [vite] (client) [console.warn] [workbench] unimplemented channel native.getPermissionMode ["wb-2"]
11:51:44 PM [vite] (client) [console.warn] [workbench] unimplemented channel native.getPermissionMode ["wb-2"]
11:51:44 PM [vite] (client) [console.warn] [workbench] unimplemented channel native.getPermissionMode ["wb-2"]
11:51:44 PM [vite] (client) [console.warn] [workbench] unimplemented channel remote.preview []
11:51:44 PM [vite] (client) [console.warn] [workbench] unimplemented channel remote.preview []
11:51:44 PM [vite] (client) [console.warn] [workbench] unimplemented channel remote.preview []
11:51:44 PM [vite] (client) [console.warn] [workbench] unimplemented channel session.signalReady ["wb-1"]
11:51:44 PM [vite] (client) [console.warn] [workbench] unimplemented channel session.signalReady ["wb-1"]
11:51:44 PM [vite] (client) [console.warn] [workbench] unimplemented channel performance.get []
11:51:44 PM [vite] (client) [console.warn] [workbench] unimplemented channel performance.get []
11:51:44 PM [vite] (client) [console.warn] [workbench] unimplemented channel session.signalReady ["wb-1"]
11:51:44 PM [vite] (client) [console.warn] [workbench] unimplemented channel attention.report [{"sessionId":"wb-1","attentionState":"ok","awaitingApproval":false,"status":"green"}]
11:51:44 PM [vite] (client) [console.warn] [workbench] unimplemented channel attention.report [{"sessionId":"wb-1","attentionState":"ok","awaitingApproval":false,"status":"green"}]
11:51:44 PM [vite] (client) [console.warn] [workbench] unimplemented channel performance.get []
11:51:44 PM [vite] (client) [console.warn] [workbench] unimplemented channel attention.report [{"sessionId":"wb-1","attentionState":"ok","awaitingApproval":false,"status":"green"}]
11:51:49 PM [vite] (client) [console.warn] [workbench] unimplemented channel integrations.list []
11:51:53 PM [vite] (client) [console.warn] [workbench] unimplemented channel session.noteSelected [null]
11:51:53 PM [vite] (client) [console.warn] [workbench] unimplemented channel zoom.get []
11:51:53 PM [vite] (client) [console.warn] [workbench] unimplemented channel attention.getSummary []
11:51:53 PM [vite] (client) [console.warn] [workbench] unimplemented channel system.notifyStackState [true]
11:51:53 PM [vite] (client) [console.warn] [workbench] unimplemented channel remote.reportHydrate [{"kept":[]}]
11:51:53 PM [vite] (client) [console.warn] [workbench] unimplemented channel remote.getClientCount []
11:51:53 PM [vite] (client) [console.warn] [workbench] unimplemented channel commands.list []
11:51:53 PM [vite] (client) [console.warn] [workbench] unimplemented channel skills.getCuratedDefaults []
11:51:53 PM [vite] (client) [console.warn] [workbench] unimplemented channel window.setIcon [null]
11:51:53 PM [vite] (client) [console.warn] [workbench] unimplemented channel native.getPermissionMode ["wb-2"]
11:51:53 PM [vite] (client) [console.warn] [workbench] unimplemented channel remote.preview []
11:51:53 PM [vite] (client) [console.warn] [workbench] unimplemented channel session.signalReady ["wb-1"]
11:51:53 PM [vite] (client) [console.warn] [workbench] unimplemented channel performance.get []
11:51:53 PM [vite] (client) [console.warn] [workbench] unimplemented channel attention.report [{"sessionId":"wb-1","attentionState":"ok","awaitingApproval":false,"status":"green"}]
11:51:58 PM [vite] (client) [console.warn] [workbench] unimplemented channel integrations.list []
11:52:05 PM [vite] (client) [console.warn] [workbench] unimplemented channel session.noteSelected [null]
11:52:05 PM [vite] (client) [console.warn] [workbench] unimplemented channel zoom.get []
11:52:05 PM [vite] (client) [console.warn] [workbench] unimplemented channel attention.getSummary []
11:52:05 PM [vite] (client) [console.warn] [workbench] unimplemented channel system.notifyStackState [true]
11:52:05 PM [vite] (client) [console.warn] [workbench] unimplemented channel remote.reportHydrate [{"kept":[]}]
11:52:05 PM [vite] (client) [console.warn] [workbench] unimplemented channel remote.getClientCount []
11:52:05 PM [vite] (client) [console.warn] [workbench] unimplemented channel commands.list []
11:52:05 PM [vite] (client) [console.warn] [workbench] unimplemented channel skills.getCuratedDefaults []
11:52:05 PM [vite] (client) [console.warn] [workbench] unimplemented channel window.setIcon [null]
11:52:05 PM [vite] (client) [console.warn] [workbench] unimplemented channel native.getPermissionMode ["wb-2"]
11:52:05 PM [vite] (client) [console.warn] [workbench] unimplemented channel remote.preview []
11:52:05 PM [vite] (client) [console.warn] [workbench] unimplemented channel session.signalReady ["wb-1"]
11:52:05 PM [vite] (client) [console.warn] [workbench] unimplemented channel performance.get []
11:52:05 PM [vite] (client) [console.warn] [workbench] unimplemented channel attention.report [{"sessionId":"wb-1","attentionState":"ok","awaitingApproval":false,"status":"green"}]
11:52:10 PM [vite] (client) [console.warn] [workbench] unimplemented channel session.noteSelected [null]
11:52:10 PM [vite] (client) [console.warn] [workbench] unimplemented channel zoom.get []
11:52:10 PM [vite] (client) [console.warn] [workbench] unimplemented channel attention.getSummary []
11:52:10 PM [vite] (client) [console.warn] [workbench] unimplemented channel system.notifyStackState [true]
11:52:10 PM [vite] (client) [console.warn] [workbench] unimplemented channel remote.reportHydrate [{"kept":[]}]
11:52:10 PM [vite] (client) [console.warn] [workbench] unimplemented channel remote.getClientCount []
11:52:10 PM [vite] (client) [console.warn] [workbench] unimplemented channel commands.list []
11:52:10 PM [vite] (client) [console.warn] [workbench] unimplemented channel skills.getCuratedDefaults []
11:52:10 PM [vite] (client) [console.warn] [workbench] unimplemented channel window.setIcon [null]
11:52:10 PM [vite] (client) [console.warn] [workbench] unimplemented channel native.getPermissionMode ["wb-2"]
11:52:10 PM [vite] (client) [console.warn] [workbench] unimplemented channel remote.preview []
11:52:10 PM [vite] (client) [console.warn] [workbench] unimplemented channel session.signalReady ["wb-1"]
11:52:10 PM [vite] (client) [console.warn] [workbench] unimplemented channel performance.get []
11:52:10 PM [vite] (client) [console.warn] [workbench] unimplemented channel attention.report [{"sessionId":"wb-1","attentionState":"ok","awaitingApproval":false,"status":"green"}]
11:52:16 PM [vite] (client) [console.warn] [workbench] unimplemented channel session.noteSelected [null]
11:52:16 PM [vite] (client) [console.warn] [workbench] unimplemented channel zoom.get []
11:52:16 PM [vite] (client) [console.warn] [workbench] unimplemented channel attention.getSummary []
11:52:16 PM [vite] (client) [console.warn] [workbench] unimplemented channel system.notifyStackState [true]
11:52:16 PM [vite] (client) [console.warn] [workbench] unimplemented channel remote.reportHydrate [{"kept":[]}]
11:52:16 PM [vite] (client) [console.warn] [workbench] unimplemented channel remote.getClientCount []
11:52:16 PM [vite] (client) [console.warn] [workbench] unimplemented channel commands.list []
11:52:16 PM [vite] (client) [console.warn] [workbench] unimplemented channel skills.getCuratedDefaults []
11:52:16 PM [vite] (client) [console.warn] [workbench] unimplemented channel window.setIcon [null]
11:52:16 PM [vite] (client) [console.warn] [workbench] unimplemented channel native.getPermissionMode ["wb-2"]
11:52:16 PM [vite] (client) [console.warn] [workbench] unimplemented channel remote.preview []
11:52:16 PM [vite] (client) [console.warn] [workbench] unimplemented channel session.signalReady ["wb-1"]
11:52:16 PM [vite] (client) [console.warn] [workbench] unimplemented channel performance.get []
11:52:16 PM [vite] (client) [console.warn] [workbench] unimplemented channel attention.report [{"sessionId":"wb-1","attentionState":"ok","awaitingApproval":false,"status":"green"}]
11:52:22 PM [vite] (client) [console.warn] [workbench] unimplemented channel session.noteSelected [null]
11:52:22 PM [vite] (client) [console.warn] [workbench] unimplemented channel zoom.get []
11:52:22 PM [vite] (client) [console.warn] [workbench] unimplemented channel attention.getSummary []
11:52:22 PM [vite] (client) [console.warn] [workbench] unimplemented channel system.notifyStackState [true]
11:52:22 PM [vite] (client) [console.warn] [workbench] unimplemented channel remote.reportHydrate [{"kept":[]}]
11:52:22 PM [vite] (client) [console.warn] [workbench] unimplemented channel remote.getClientCount []
11:52:22 PM [vite] (client) [console.warn] [workbench] unimplemented channel commands.list []
11:52:22 PM [vite] (client) [console.warn] [workbench] unimplemented channel skills.getCuratedDefaults []
11:52:22 PM [vite] (client) [console.warn] [workbench] unimplemented channel window.setIcon [null]
11:52:22 PM [vite] (client) [console.warn] [workbench] unimplemented channel native.getPermissionMode ["wb-2"]
11:52:22 PM [vite] (client) [console.warn] [workbench] unimplemented channel remote.preview []
11:52:22 PM [vite] (client) [console.warn] [workbench] unimplemented channel session.signalReady ["wb-1"]
11:52:22 PM [vite] (client) [console.warn] [workbench] unimplemented channel performance.get []
11:52:22 PM [vite] (client) [console.warn] [workbench] unimplemented channel attention.report [{"sessionId":"wb-1","attentionState":"ok","awaitingApproval":false,"status":"green"}]
11:52:28 PM [vite] (client) [console.warn] [workbench] unimplemented channel session.noteSelected [null]
11:52:28 PM [vite] (client) [console.warn] [workbench] unimplemented channel zoom.get []
11:52:28 PM [vite] (client) [console.warn] [workbench] unimplemented channel attention.getSummary []
11:52:28 PM [vite] (client) [console.warn] [workbench] unimplemented channel system.notifyStackState [true]
11:52:28 PM [vite] (client) [console.warn] [workbench] unimplemented channel remote.reportHydrate [{"kept":[]}]
11:52:28 PM [vite] (client) [console.warn] [workbench] unimplemented channel remote.getClientCount []
11:52:28 PM [vite] (client) [console.warn] [workbench] unimplemented channel commands.list []
11:52:28 PM [vite] (client) [console.warn] [workbench] unimplemented channel skills.getCuratedDefaults []
11:52:28 PM [vite] (client) [console.warn] [workbench] unimplemented channel window.setIcon [null]
11:52:28 PM [vite] (client) [console.warn] [workbench] unimplemented channel native.getPermissionMode ["wb-2"]
11:52:28 PM [vite] (client) [console.warn] [workbench] unimplemented channel remote.preview []
11:52:28 PM [vite] (client) [console.warn] [workbench] unimplemented channel session.signalReady ["wb-1"]
11:52:28 PM [vite] (client) [console.warn] [workbench] unimplemented channel performance.get []
11:52:28 PM [vite] (client) [console.warn] [workbench] unimplemented channel attention.report [{"sessionId":"wb-1","attentionState":"ok","awaitingApproval":false,"status":"green"}]
11:52:31 PM [vite] (client) [console.warn] [workbench] unimplemented channel integrations.list []
11:52:35 PM [vite] (client) [console.warn] [workbench] unimplemented channel session.noteSelected [null]
11:52:35 PM [vite] (client) [console.warn] [workbench] unimplemented channel zoom.get []
11:52:35 PM [vite] (client) [console.warn] [workbench] unimplemented channel attention.getSummary []
11:52:35 PM [vite] (client) [console.warn] [workbench] unimplemented channel system.notifyStackState [true]
11:52:35 PM [vite] (client) [console.warn] [workbench] unimplemented channel remote.reportHydrate [{"kept":[]}]
11:52:35 PM [vite] (client) [console.warn] [workbench] unimplemented channel remote.getClientCount []
11:52:35 PM [vite] (client) [console.warn] [workbench] unimplemented channel commands.list []
11:52:35 PM [vite] (client) [console.warn] [workbench] unimplemented channel skills.getCuratedDefaults []
11:52:35 PM [vite] (client) [console.warn] [workbench] unimplemented channel window.setIcon [null]
11:52:35 PM [vite] (client) [console.warn] [workbench] unimplemented channel native.getPermissionMode ["wb-2"]
11:52:35 PM [vite] (client) [console.warn] [workbench] unimplemented channel remote.preview []
11:52:35 PM [vite] (client) [console.warn] [workbench] unimplemented channel session.signalReady ["wb-1"]
11:52:35 PM [vite] (client) [console.warn] [workbench] unimplemented channel performance.get []
11:52:35 PM [vite] (client) [console.warn] [workbench] unimplemented channel attention.report [{"sessionId":"wb-1","attentionState":"ok","awaitingApproval":false,"status":"green"}]
11:52:37 PM [vite] (client) [console.warn] [workbench] unimplemented channel session.switch ["wb-5"]
11:52:38 PM [vite] (client) [console.warn] [workbench] unimplemented channel native.sessionsList []
11:52:43 PM [vite] (client) [console.warn] [workbench] unimplemented channel session.noteSelected [null]
11:52:43 PM [vite] (client) [console.warn] [workbench] unimplemented channel zoom.get []
11:52:43 PM [vite] (client) [console.warn] [workbench] unimplemented channel attention.getSummary []
11:52:43 PM [vite] (client) [console.warn] [workbench] unimplemented channel system.notifyStackState [true]
11:52:43 PM [vite] (client) [console.warn] [workbench] unimplemented channel remote.reportHydrate [{"kept":[]}]
11:52:43 PM [vite] (client) [console.warn] [workbench] unimplemented channel remote.getClientCount []
11:52:43 PM [vite] (client) [console.warn] [workbench] unimplemented channel commands.list []
11:52:43 PM [vite] (client) [console.warn] [workbench] unimplemented channel skills.getCuratedDefaults []
11:52:43 PM [vite] (client) [console.warn] [workbench] unimplemented channel window.setIcon [null]
11:52:43 PM [vite] (client) [console.warn] [workbench] unimplemented channel native.getPermissionMode ["wb-2"]
11:52:43 PM [vite] (client) [console.warn] [workbench] unimplemented channel remote.preview []
11:52:43 PM [vite] (client) [console.warn] [workbench] unimplemented channel session.signalReady ["wb-1"]
11:52:43 PM [vite] (client) [console.warn] [workbench] unimplemented channel performance.get []
11:52:43 PM [vite] (client) [console.warn] [workbench] unimplemented channel attention.report [{"sessionId":"wb-1","attentionState":"ok","awaitingApproval":false,"status":"green"}]
11:52:52 PM [vite] (client) [console.warn] [workbench] unimplemented channel session.noteSelected [null]
11:52:52 PM [vite] (client) [console.warn] [workbench] unimplemented channel zoom.get []
11:52:52 PM [vite] (client) [console.warn] [workbench] unimplemented channel attention.getSummary []
11:52:52 PM [vite] (client) [console.warn] [workbench] unimplemented channel system.notifyStackState [true]
11:52:52 PM [vite] (client) [console.warn] [workbench] unimplemented channel remote.reportHydrate [{"kept":[]}]
11:52:52 PM [vite] (client) [console.warn] [workbench] unimplemented channel remote.getClientCount []
11:52:52 PM [vite] (client) [console.warn] [workbench] unimplemented channel commands.list []
11:52:52 PM [vite] (client) [console.warn] [workbench] unimplemented channel skills.getCuratedDefaults []
11:52:52 PM [vite] (client) [console.warn] [workbench] unimplemented channel window.setIcon [null]
11:52:52 PM [vite] (client) [console.warn] [workbench] unimplemented channel native.getPermissionMode ["wb-2"]
11:52:52 PM [vite] (client) [console.warn] [workbench] unimplemented channel remote.preview []
11:52:53 PM [vite] (client) [console.warn] [workbench] unimplemented channel session.signalReady ["wb-1"]
11:52:53 PM [vite] (client) [console.warn] [workbench] unimplemented channel performance.get []
11:52:53 PM [vite] (client) [console.warn] [workbench] unimplemented channel attention.report [{"sessionId":"wb-1","attentionState":"ok","awaitingApproval":false,"status":"green"}]
