UI Workbench
  checkout: /home/destin/youcoded-dev/worktrees/sessions/helper-approval-wait/youcoded
  open this in a local browser:
    http://localhost:5473/?mode=workbench

  scenarios: &scenario=default|empty|no-providers|refused|stress
  latency:   &latency=0|150|2000   (ms of fake IPC delay; default 150)

npm notice run youcoded@1.2.4 dev:renderer
npm notice run vite --port 5473
(!) Your Vite config uses features that are unsupported by `configLoader: 'native'`, which is planned to become the default in a future major version of Vite:
  - ESM syntax in a file loaded as CommonJS (vite.config.ts:1:1). Use a `.mjs` extension or set `"type": "module"` in the closest package.json
Set `VITE_CONFIG_NATIVE_IGNORE_WARNING=true` to suppress this warning.

  VITE v8.2.2  ready in 122 ms

  ➜  Local:   http://127.0.0.1:5473/
3:39:51 AM [vite] (client) [console.warn] [workbench] unimplemented channel session.noteSelected [null]
3:39:51 AM [vite] (client) [console.warn] [workbench] unimplemented channel zoom.get []
3:39:51 AM [vite] (client) [console.warn] [workbench] unimplemented channel attention.getSummary []
3:39:51 AM [vite] (client) [console.warn] [workbench] unimplemented channel system.notifyStackState [true]
3:39:51 AM [vite] (client) [console.warn] [workbench] unimplemented channel remote.reportHydrate [{"kept":[]}]
3:39:51 AM [vite] (client) [console.warn] [workbench] unimplemented channel remote.getClientCount []
3:39:51 AM [vite] (client) [console.warn] [workbench] unimplemented channel commands.list []
3:39:51 AM [vite] (client) [console.warn] [workbench] unimplemented channel skills.getCuratedDefaults []
3:39:51 AM [vite] (client) [console.warn] [workbench] unimplemented channel window.setIcon [null]
3:39:51 AM [vite] (client) [console.warn] [workbench] unimplemented channel native.getPermissionMode ["wb-2"]
3:39:51 AM [vite] (client) [console.warn] [workbench] unimplemented channel remote.preview []
3:39:52 AM [vite] (client) [console.warn] [workbench] unimplemented channel session.signalReady ["wb-1"]
3:39:52 AM [vite] (client) [console.warn] [workbench] unimplemented channel performance.get []
3:39:52 AM [vite] (client) [console.warn] [workbench] unimplemented channel attention.report [{"sessionId":"wb-1","attentionState":"ok","awaitingApproval":false,"status":"green"}]
3:39:56 AM [vite] (client) [console.warn] [workbench] unimplemented channel session.noteSelected [null]
3:39:56 AM [vite] (client) [console.warn] [workbench] unimplemented channel zoom.get []
3:39:56 AM [vite] (client) [console.warn] [workbench] unimplemented channel attention.getSummary []
3:39:56 AM [vite] (client) [console.warn] [workbench] unimplemented channel system.notifyStackState [true]
3:39:56 AM [vite] (client) [console.warn] [workbench] unimplemented channel remote.reportHydrate [{"kept":[]}]
3:39:56 AM [vite] (client) [console.warn] [workbench] unimplemented channel remote.getClientCount []
3:39:56 AM [vite] (client) [console.warn] [workbench] unimplemented channel commands.list []
3:39:56 AM [vite] (client) [console.warn] [workbench] unimplemented channel skills.getCuratedDefaults []
3:39:56 AM [vite] (client) [console.warn] [workbench] unimplemented channel window.setIcon [null]
3:39:57 AM [vite] (client) [console.warn] [workbench] unimplemented channel native.getPermissionMode ["wb-2"]
3:39:57 AM [vite] (client) [console.warn] [workbench] unimplemented channel remote.preview []
3:39:57 AM [vite] (client) [console.warn] [workbench] unimplemented channel session.signalReady ["wb-1"]
3:39:57 AM [vite] (client) [console.warn] [workbench] unimplemented channel performance.get []
3:39:57 AM [vite] (client) [console.warn] [workbench] unimplemented channel attention.report [{"sessionId":"wb-1","attentionState":"ok","awaitingApproval":false,"status":"green"}]
3:40:02 AM [vite] (client) [console.warn] [workbench] unimplemented channel session.noteSelected [null]
3:40:02 AM [vite] (client) [console.warn] [workbench] unimplemented channel zoom.get []
3:40:02 AM [vite] (client) [console.warn] [workbench] unimplemented channel attention.getSummary []
3:40:02 AM [vite] (client) [console.warn] [workbench] unimplemented channel system.notifyStackState [true]
3:40:02 AM [vite] (client) [console.warn] [workbench] unimplemented channel remote.reportHydrate [{"kept":[]}]
3:40:02 AM [vite] (client) [console.warn] [workbench] unimplemented channel remote.getClientCount []
3:40:02 AM [vite] (client) [console.warn] [workbench] unimplemented channel commands.list []
3:40:02 AM [vite] (client) [console.warn] [workbench] unimplemented channel skills.getCuratedDefaults []
3:40:02 AM [vite] (client) [console.warn] [workbench] unimplemented channel window.setIcon [null]
3:40:03 AM [vite] (client) [console.warn] [workbench] unimplemented channel remote.preview []
3:40:03 AM [vite] (client) [console.warn] [workbench] unimplemented channel performance.get []
3:40:09 AM [vite] (client) [console.warn] [workbench] unimplemented channel session.noteSelected [null]
3:40:09 AM [vite] (client) [console.warn] [workbench] unimplemented channel zoom.get []
3:40:09 AM [vite] (client) [console.warn] [workbench] unimplemented channel attention.getSummary []
3:40:09 AM [vite] (client) [console.warn] [workbench] unimplemented channel system.notifyStackState [true]
3:40:09 AM [vite] (client) [console.warn] [workbench] unimplemented channel remote.reportHydrate [{"kept":[]}]
3:40:09 AM [vite] (client) [console.warn] [workbench] unimplemented channel remote.getClientCount []
3:40:09 AM [vite] (client) [console.warn] [workbench] unimplemented channel commands.list []
3:40:09 AM [vite] (client) [console.warn] [workbench] unimplemented channel skills.getCuratedDefaults []
3:40:09 AM [vite] (client) [console.warn] [workbench] unimplemented channel window.setIcon [null]
3:40:09 AM [vite] (client) [console.warn] [workbench] unimplemented channel native.getPermissionMode ["wb-2"]
3:40:09 AM [vite] (client) [console.warn] [workbench] unimplemented channel remote.preview []
3:40:09 AM [vite] (client) [console.warn] [workbench] unimplemented channel session.signalReady ["wb-1"]
3:40:09 AM [vite] (client) [console.warn] [workbench] unimplemented channel performance.get []
3:40:09 AM [vite] (client) [console.warn] [workbench] unimplemented channel attention.report [{"sessionId":"wb-1","attentionState":"ok","awaitingApproval":false,"status":"green"}]
3:40:15 AM [vite] (client) [console.warn] [workbench] unimplemented channel session.noteSelected [null]
3:40:15 AM [vite] (client) [console.warn] [workbench] unimplemented channel zoom.get []
3:40:15 AM [vite] (client) [console.warn] [workbench] unimplemented channel attention.getSummary []
3:40:15 AM [vite] (client) [console.warn] [workbench] unimplemented channel system.notifyStackState [true]
3:40:15 AM [vite] (client) [console.warn] [workbench] unimplemented channel remote.reportHydrate [{"kept":[]}]
3:40:15 AM [vite] (client) [console.warn] [workbench] unimplemented channel remote.getClientCount []
3:40:15 AM [vite] (client) [console.warn] [workbench] unimplemented channel commands.list []
3:40:15 AM [vite] (client) [console.warn] [workbench] unimplemented channel skills.getCuratedDefaults []
3:40:15 AM [vite] (client) [console.warn] [workbench] unimplemented channel window.setIcon [null]
3:40:15 AM [vite] (client) [console.warn] [workbench] unimplemented channel native.getPermissionMode ["wb-2"]
3:40:15 AM [vite] (client) [console.warn] [workbench] unimplemented channel remote.preview []
3:40:15 AM [vite] (client) [console.warn] [workbench] unimplemented channel session.signalReady ["wb-1"]
3:40:15 AM [vite] (client) [console.warn] [workbench] unimplemented channel performance.get []
3:40:15 AM [vite] (client) [console.warn] [workbench] unimplemented channel attention.report [{"sessionId":"wb-1","attentionState":"ok","awaitingApproval":false,"status":"green"}]
3:40:21 AM [vite] (client) [console.warn] [workbench] unimplemented channel session.noteSelected [null]
3:40:21 AM [vite] (client) [console.warn] [workbench] unimplemented channel zoom.get []
3:40:21 AM [vite] (client) [console.warn] [workbench] unimplemented channel attention.getSummary []
3:40:21 AM [vite] (client) [console.warn] [workbench] unimplemented channel system.notifyStackState [true]
3:40:21 AM [vite] (client) [console.warn] [workbench] unimplemented channel remote.reportHydrate [{"kept":[]}]
3:40:21 AM [vite] (client) [console.warn] [workbench] unimplemented channel remote.getClientCount []
3:40:21 AM [vite] (client) [console.warn] [workbench] unimplemented channel commands.list []
3:40:21 AM [vite] (client) [console.warn] [workbench] unimplemented channel skills.getCuratedDefaults []
3:40:21 AM [vite] (client) [console.warn] [workbench] unimplemented channel window.setIcon [null]
3:40:21 AM [vite] (client) [console.warn] [workbench] unimplemented channel native.getPermissionMode ["wb-2"]
3:40:21 AM [vite] (client) [console.warn] [workbench] unimplemented channel remote.preview []
3:40:21 AM [vite] (client) [console.warn] [workbench] unimplemented channel session.signalReady ["wb-1"]
3:40:21 AM [vite] (client) [console.warn] [workbench] unimplemented channel performance.get []
3:40:21 AM [vite] (client) [console.warn] [workbench] unimplemented channel attention.report [{"sessionId":"wb-1","attentionState":"ok","awaitingApproval":false,"status":"green"}]
3:40:27 AM [vite] (client) [console.warn] [workbench] unimplemented channel session.noteSelected [null]
3:40:27 AM [vite] (client) [console.warn] [workbench] unimplemented channel zoom.get []
3:40:27 AM [vite] (client) [console.warn] [workbench] unimplemented channel attention.getSummary []
3:40:27 AM [vite] (client) [console.warn] [workbench] unimplemented channel system.notifyStackState [true]
3:40:27 AM [vite] (client) [console.warn] [workbench] unimplemented channel remote.reportHydrate [{"kept":[]}]
3:40:27 AM [vite] (client) [console.warn] [workbench] unimplemented channel remote.getClientCount []
3:40:27 AM [vite] (client) [console.warn] [workbench] unimplemented channel commands.list []
3:40:27 AM [vite] (client) [console.warn] [workbench] unimplemented channel skills.getCuratedDefaults []
3:40:27 AM [vite] (client) [console.warn] [workbench] unimplemented channel window.setIcon [null]
3:40:27 AM [vite] (client) [console.warn] [workbench] unimplemented channel native.getPermissionMode ["site-1"]
3:40:27 AM [vite] (client) [console.warn] [workbench] unimplemented channel remote.preview []
3:40:27 AM [vite] (client) [console.warn] [workbench] unimplemented channel session.signalReady ["site-1"]
3:40:27 AM [vite] (client) [console.warn] [workbench] unimplemented channel performance.get []
3:40:27 AM [vite] (client) [console.warn] [workbench] unimplemented channel attention.report [{"sessionId":"site-1","attentionState":"ok","awaitingApproval":false,"status":"gray"}]
3:40:33 AM [vite] (client) [console.warn] [workbench] unimplemented channel window.setIcon [null]
3:40:40 AM [vite] (client) [console.warn] [workbench] unimplemented channel commands.list []
3:40:40 AM [vite] (client) [console.warn] [workbench] unimplemented channel skills.getCuratedDefaults []
3:40:40 AM [vite] (client) [console.warn] [workbench] unimplemented channel window.setIcon [null]
3:40:46 AM [vite] (client) [console.warn] [workbench] unimplemented channel window.setIcon [null]
3:40:52 AM [vite] (client) [console.warn] [workbench] unimplemented channel session.noteSelected [null]
3:40:52 AM [vite] (client) [console.warn] [workbench] unimplemented channel zoom.get []
3:40:52 AM [vite] (client) [console.warn] [workbench] unimplemented channel attention.getSummary []
3:40:52 AM [vite] (client) [console.warn] [workbench] unimplemented channel system.notifyStackState [true]
3:40:52 AM [vite] (client) [console.warn] [workbench] unimplemented channel remote.reportHydrate [{"kept":[]}]
3:40:52 AM [vite] (client) [console.warn] [workbench] unimplemented channel remote.getClientCount []
3:40:52 AM [vite] (client) [console.warn] [workbench] unimplemented channel commands.list []
3:40:52 AM [vite] (client) [console.warn] [workbench] unimplemented channel skills.getCuratedDefaults []
3:40:52 AM [vite] (client) [console.warn] [workbench] unimplemented channel window.setIcon [null]
3:40:52 AM [vite] (client) [console.warn] [workbench] unimplemented channel native.getPermissionMode ["wb-2"]
3:40:53 AM [vite] (client) [console.warn] [workbench] unimplemented channel remote.preview []
3:40:53 AM [vite] (client) [console.warn] [workbench] unimplemented channel session.signalReady ["wb-1"]
3:40:54 AM [vite] (client) [console.warn] [workbench] unimplemented channel performance.get []
3:40:54 AM [vite] (client) [console.warn] [workbench] unimplemented channel attention.report [{"sessionId":"wb-1","attentionState":"ok","awaitingApproval":false,"status":"green"}]
3:40:58 AM [vite] (client) [console.warn] [workbench] unimplemented channel window.setIcon [null]
3:41:05 AM [vite] (client) [console.warn] [workbench] unimplemented channel window.setIcon [null]
3:41:12 AM [vite] (client) [console.warn] [workbench] unimplemented channel session.noteSelected [null]
3:41:12 AM [vite] (client) [console.warn] [workbench] unimplemented channel zoom.get []
3:41:12 AM [vite] (client) [console.warn] [workbench] unimplemented channel attention.getSummary []
3:41:12 AM [vite] (client) [console.warn] [workbench] unimplemented channel system.notifyStackState [true]
3:41:12 AM [vite] (client) [console.warn] [workbench] unimplemented channel remote.reportHydrate [{"kept":[]}]
3:41:12 AM [vite] (client) [console.warn] [workbench] unimplemented channel remote.getClientCount []
3:41:12 AM [vite] (client) [console.warn] [workbench] unimplemented channel commands.list []
3:41:12 AM [vite] (client) [console.warn] [workbench] unimplemented channel skills.getCuratedDefaults []
3:41:12 AM [vite] (client) [console.warn] [workbench] unimplemented channel window.setIcon [null]
3:41:12 AM [vite] (client) [console.warn] [workbench] unimplemented channel native.getPermissionMode ["wb-2"]
3:41:12 AM [vite] (client) [console.warn] [workbench] unimplemented channel remote.preview []
3:41:13 AM [vite] (client) [console.warn] [workbench] unimplemented channel session.signalReady ["wb-1"]
3:41:13 AM [vite] (client) [console.warn] [workbench] unimplemented channel performance.get []
3:41:13 AM [vite] (client) [console.warn] [workbench] unimplemented channel attention.report [{"sessionId":"wb-1","attentionState":"ok","awaitingApproval":false,"status":"green"}]
3:41:16 AM [vite] (client) [console.warn] [workbench] unimplemented channel session.noteSelected [null]
3:41:16 AM [vite] (client) [console.warn] [workbench] unimplemented channel zoom.get []
3:41:16 AM [vite] (client) [console.warn] [workbench] unimplemented channel attention.getSummary []
3:41:16 AM [vite] (client) [console.warn] [workbench] unimplemented channel system.notifyStackState [true]
3:41:17 AM [vite] (client) [console.warn] [workbench] unimplemented channel remote.reportHydrate [{"kept":[]}]
3:41:17 AM [vite] (client) [console.warn] [workbench] unimplemented channel remote.getClientCount []
3:41:17 AM [vite] (client) [console.warn] [workbench] unimplemented channel commands.list []
3:41:17 AM [vite] (client) [console.warn] [workbench] unimplemented channel skills.getCuratedDefaults []
3:41:17 AM [vite] (client) [console.warn] [workbench] unimplemented channel window.setIcon [null]
3:41:17 AM [vite] (client) [console.warn] [workbench] unimplemented channel native.getPermissionMode ["wb-2"]
3:41:17 AM [vite] (client) [console.warn] [workbench] unimplemented channel remote.preview []
3:41:17 AM [vite] (client) [console.warn] [workbench] unimplemented channel session.signalReady ["wb-1"]
3:41:18 AM [vite] (client) [console.warn] [workbench] unimplemented channel performance.get []
3:41:18 AM [vite] (client) [console.warn] [workbench] unimplemented channel attention.report [{"sessionId":"wb-1","attentionState":"ok","awaitingApproval":false,"status":"green"}]
3:41:22 AM [vite] (client) [console.warn] [workbench] unimplemented channel session.noteSelected [null]
3:41:22 AM [vite] (client) [console.warn] [workbench] unimplemented channel zoom.get []
3:41:22 AM [vite] (client) [console.warn] [workbench] unimplemented channel attention.getSummary []
3:41:22 AM [vite] (client) [console.warn] [workbench] unimplemented channel system.notifyStackState [true]
3:41:22 AM [vite] (client) [console.warn] [workbench] unimplemented channel remote.reportHydrate [{"kept":[]}]
3:41:22 AM [vite] (client) [console.warn] [workbench] unimplemented channel remote.getClientCount []
3:41:22 AM [vite] (client) [console.warn] [workbench] unimplemented channel commands.list []
3:41:22 AM [vite] (client) [console.warn] [workbench] unimplemented channel skills.getCuratedDefaults []
3:41:22 AM [vite] (client) [console.warn] [workbench] unimplemented channel window.setIcon [null]
3:41:22 AM [vite] (client) [console.warn] [workbench] unimplemented channel native.getPermissionMode ["wb-2"]
3:41:22 AM [vite] (client) [console.warn] [workbench] unimplemented channel attention.report [{"sessionId":"wb-1","attentionState":"ok","awaitingApproval":false,"status":"green"}]
3:41:29 AM [vite] (client) [console.warn] [workbench] unimplemented channel session.noteSelected [null]
3:41:29 AM [vite] (client) [console.warn] [workbench] unimplemented channel zoom.get []
3:41:29 AM [vite] (client) [console.warn] [workbench] unimplemented channel attention.getSummary []
3:41:29 AM [vite] (client) [console.warn] [workbench] unimplemented channel system.notifyStackState [true]
3:41:29 AM [vite] (client) [console.warn] [workbench] unimplemented channel remote.reportHydrate [{"kept":[]}]
3:41:29 AM [vite] (client) [console.warn] [workbench] unimplemented channel remote.getClientCount []
3:41:29 AM [vite] (client) [console.warn] [workbench] unimplemented channel commands.list []
3:41:29 AM [vite] (client) [console.warn] [workbench] unimplemented channel skills.getCuratedDefaults []
3:41:29 AM [vite] (client) [console.warn] [workbench] unimplemented channel window.setIcon [null]
3:41:29 AM [vite] (client) [console.warn] [workbench] unimplemented channel session.noteSelected [null]
3:41:29 AM [vite] (client) [console.warn] [workbench] unimplemented channel session.noteSelected [null]
3:41:29 AM [vite] (client) [console.warn] [workbench] unimplemented channel zoom.get []
3:41:29 AM [vite] (client) [console.warn] [workbench] unimplemented channel zoom.get []
3:41:29 AM [vite] (client) [console.warn] [workbench] unimplemented channel attention.getSummary []
3:41:29 AM [vite] (client) [console.warn] [workbench] unimplemented channel system.notifyStackState [true]
3:41:29 AM [vite] (client) [console.warn] [workbench] unimplemented channel attention.getSummary []
3:41:29 AM [vite] (client) [console.warn] [workbench] unimplemented channel session.noteSelected [null]
3:41:29 AM [vite] (client) [console.warn] [workbench] unimplemented channel system.notifyStackState [true]
3:41:29 AM [vite] (client) [console.warn] [workbench] unimplemented channel zoom.get []
3:41:29 AM [vite] (client) [console.warn] [workbench] unimplemented channel attention.getSummary []
3:41:29 AM [vite] (client) [console.warn] [workbench] unimplemented channel system.notifyStackState [true]
3:41:29 AM [vite] (client) [console.warn] [workbench] unimplemented channel remote.reportHydrate [{"kept":[]}]
3:41:29 AM [vite] (client) [console.warn] [workbench] unimplemented channel remote.reportHydrate [{"kept":[]}]
3:41:29 AM [vite] (client) [console.warn] [workbench] unimplemented channel remote.getClientCount []
3:41:29 AM [vite] (client) [console.warn] [workbench] unimplemented channel remote.getClientCount []
3:41:29 AM [vite] (client) [console.warn] [workbench] unimplemented channel commands.list []
3:41:29 AM [vite] (client) [console.warn] [workbench] unimplemented channel remote.reportHydrate [{"kept":[]}]
3:41:29 AM [vite] (client) [console.warn] [workbench] unimplemented channel commands.list []
3:41:29 AM [vite] (client) [console.warn] [workbench] unimplemented channel skills.getCuratedDefaults []
3:41:29 AM [vite] (client) [console.warn] [workbench] unimplemented channel skills.getCuratedDefaults []
3:41:29 AM [vite] (client) [console.warn] [workbench] unimplemented channel remote.getClientCount []
3:41:29 AM [vite] (client) [console.warn] [workbench] unimplemented channel commands.list []
3:41:29 AM [vite] (client) [console.warn] [workbench] unimplemented channel window.setIcon [null]
3:41:29 AM [vite] (client) [console.warn] [workbench] unimplemented channel skills.getCuratedDefaults []
3:41:29 AM [vite] (client) [console.warn] [workbench] unimplemented channel window.setIcon [null]
3:41:29 AM [vite] (client) [console.warn] [workbench] unimplemented channel window.setIcon [null]
3:41:29 AM [vite] (client) [console.warn] [workbench] unimplemented channel native.getPermissionMode ["wb-2"]
3:41:29 AM [vite] (client) [console.warn] [workbench] unimplemented channel native.getPermissionMode ["wb-2"]
3:41:29 AM [vite] (client) [console.warn] [workbench] unimplemented channel native.getPermissionMode ["wb-2"]
3:41:29 AM [vite] (client) [console.warn] [workbench] unimplemented channel native.getPermissionMode ["wb-2"]
3:41:29 AM [vite] (client) [console.warn] [workbench] unimplemented channel remote.preview []
3:41:29 AM [vite] (client) [console.warn] [workbench] unimplemented channel remote.preview []
3:41:29 AM [vite] (client) [console.warn] [workbench] unimplemented channel remote.preview []
3:41:29 AM [vite] (client) [console.warn] [workbench] unimplemented channel remote.preview []
3:41:30 AM [vite] (client) [console.warn] [workbench] unimplemented channel session.signalReady ["wb-1"]
3:41:30 AM [vite] (client) [console.warn] [workbench] unimplemented channel session.signalReady ["wb-1"]
3:41:30 AM [vite] (client) [console.warn] [workbench] unimplemented channel session.signalReady ["wb-1"]
3:41:30 AM [vite] (client) [console.warn] [workbench] unimplemented channel session.signalReady ["wb-1"]
3:41:30 AM [vite] (client) [console.warn] [workbench] unimplemented channel performance.get []
3:41:30 AM [vite] (client) [console.warn] [workbench] unimplemented channel performance.get []
3:41:30 AM [vite] (client) [console.warn] [workbench] unimplemented channel performance.get []
3:41:30 AM [vite] (client) [console.warn] [workbench] unimplemented channel performance.get []
3:41:30 AM [vite] (client) [console.warn] [workbench] unimplemented channel attention.report [{"sessionId":"wb-1","attentionState":"ok","awaitingApproval":false,"status":"green"}]
3:41:30 AM [vite] (client) [console.warn] [workbench] unimplemented channel attention.report [{"sessionId":"wb-1","attentionState":"ok","awaitingApproval":false,"status":"green"}]
3:41:30 AM [vite] (client) [console.warn] [workbench] unimplemented channel attention.report [{"sessionId":"wb-1","attentionState":"ok","awaitingApproval":false,"status":"green"}]
3:41:30 AM [vite] (client) [console.warn] [workbench] unimplemented channel attention.report [{"sessionId":"wb-1","attentionState":"ok","awaitingApproval":false,"status":"green"}]
3:41:35 AM [vite] (client) [console.warn] [workbench] unimplemented channel session.switch ["wb-11"]
3:41:35 AM [vite] (client) [console.warn] [workbench] unimplemented channel session.switch ["wb-11"]
3:41:36 AM [vite] (client) [console.warn] [workbench] unimplemented channel session.switch ["wb-11"]
3:41:36 AM [vite] (client) [console.warn] [workbench] unimplemented channel session.switch ["wb-11"]
3:41:39 AM [vite] (client) [console.warn] [workbench] unimplemented channel session.noteSelected [null]
3:41:39 AM [vite] (client) [console.warn] [workbench] unimplemented channel zoom.get []
3:41:39 AM [vite] (client) [console.warn] [workbench] unimplemented channel attention.getSummary []
3:41:39 AM [vite] (client) [console.warn] [workbench] unimplemented channel session.noteSelected [null]
3:41:39 AM [vite] (client) [console.warn] [workbench] unimplemented channel system.notifyStackState [true]
3:41:39 AM [vite] (client) [console.warn] [workbench] unimplemented channel zoom.get []
3:41:39 AM [vite] (client) [console.warn] [workbench] unimplemented channel attention.getSummary []
3:41:39 AM [vite] (client) [console.warn] [workbench] unimplemented channel system.notifyStackState [true]
3:41:39 AM [vite] (client) [console.warn] [workbench] unimplemented channel remote.reportHydrate [{"kept":[]}]
3:41:39 AM [vite] (client) [console.warn] [workbench] unimplemented channel remote.getClientCount []
3:41:39 AM [vite] (client) [console.warn] [workbench] unimplemented channel remote.reportHydrate [{"kept":[]}]
3:41:39 AM [vite] (client) [console.warn] [workbench] unimplemented channel remote.getClientCount []
3:41:39 AM [vite] (client) [console.warn] [workbench] unimplemented channel commands.list []
3:41:39 AM [vite] (client) [console.warn] [workbench] unimplemented channel skills.getCuratedDefaults []
3:41:39 AM [vite] (client) [console.warn] [workbench] unimplemented channel commands.list []
3:41:39 AM [vite] (client) [console.warn] [workbench] unimplemented channel skills.getCuratedDefaults []
3:41:39 AM [vite] (client) [console.warn] [workbench] unimplemented channel window.setIcon [null]
3:41:39 AM [vite] (client) [console.warn] [workbench] unimplemented channel window.setIcon [null]
3:41:39 AM [vite] (client) [console.warn] [workbench] unimplemented channel native.getPermissionMode ["wb-2"]
3:41:39 AM [vite] (client) [console.warn] [workbench] unimplemented channel native.getPermissionMode ["wb-2"]
3:41:39 AM [vite] (client) [console.warn] [workbench] unimplemented channel remote.preview []
3:41:39 AM [vite] (client) [console.warn] [workbench] unimplemented channel remote.preview []
3:41:39 AM [vite] (client) [console.warn] [workbench] unimplemented channel session.signalReady ["wb-1"]
3:41:39 AM [vite] (client) [console.warn] [workbench] unimplemented channel session.signalReady ["wb-1"]
3:41:39 AM [vite] (client) [console.warn] [workbench] unimplemented channel performance.get []
3:41:39 AM [vite] (client) [console.warn] [workbench] unimplemented channel attention.report [{"sessionId":"wb-1","attentionState":"ok","awaitingApproval":false,"status":"green"}]
3:41:39 AM [vite] (client) [console.warn] [workbench] unimplemented channel performance.get []
3:41:39 AM [vite] (client) [console.warn] [workbench] unimplemented channel attention.report [{"sessionId":"wb-1","attentionState":"ok","awaitingApproval":false,"status":"green"}]
3:41:44 AM [vite] (client) [console.warn] [workbench] unimplemented channel session.switch ["wb-11"]
3:41:44 AM [vite] (client) [console.warn] [workbench] unimplemented channel session.switch ["wb-11"]
