UI Workbench
  checkout: /home/destin/youcoded-dev/worktrees/sessions/helper-approval-wait/youcoded
  open this in a local browser:
    http://localhost:5473/?mode=workbench

  scenarios: &scenario=default|empty|no-providers|refused|stress
  latency:   &latency=0|150|2000   (ms of fake IPC delay; default 150)

npm notice run youcoded@1.2.4 dev:renderer
npm notice run vite --port 5473
(!) Your Vite config uses features that are unsupported by `configLoader: 'native'`, which is planned to become the default in a future major version of Vite:
  - ESM syntax in a file loaded as CommonJS (vite.config.ts:1:1). Use a `.mjs` extension or set `"type": "module"` in the closest package.json
Set `VITE_CONFIG_NATIVE_IGNORE_WARNING=true` to suppress this warning.

  VITE v8.2.2  ready in 121 ms

  ➜  Local:   http://127.0.0.1:5473/
3:35:13 AM [vite] (client) [console.warn] [workbench] unimplemented channel session.noteSelected [null]
3:35:13 AM [vite] (client) [console.warn] [workbench] unimplemented channel zoom.get []
3:35:13 AM [vite] (client) [console.warn] [workbench] unimplemented channel attention.getSummary []
3:35:13 AM [vite] (client) [console.warn] [workbench] unimplemented channel system.notifyStackState [true]
3:35:13 AM [vite] (client) [console.warn] [workbench] unimplemented channel remote.reportHydrate [{"kept":[]}]
3:35:13 AM [vite] (client) [console.warn] [workbench] unimplemented channel remote.getClientCount []
3:35:13 AM [vite] (client) [console.warn] [workbench] unimplemented channel commands.list []
3:35:13 AM [vite] (client) [console.warn] [workbench] unimplemented channel skills.getCuratedDefaults []
3:35:13 AM [vite] (client) [console.warn] [workbench] unimplemented channel window.setIcon [null]
3:35:13 AM [vite] (client) [console.warn] [workbench] unimplemented channel native.getPermissionMode ["wb-2"]
3:35:13 AM [vite] (client) [console.warn] [workbench] unimplemented channel remote.preview []
3:35:13 AM [vite] (client) [console.warn] [workbench] unimplemented channel session.signalReady ["wb-1"]
3:35:13 AM [vite] (client) [console.warn] [workbench] unimplemented channel performance.get []
3:35:13 AM [vite] (client) [console.warn] [workbench] unimplemented channel attention.report [{"sessionId":"wb-1","attentionState":"ok","awaitingApproval":false,"status":"green"}]
3:35:18 AM [vite] (client) [console.warn] [workbench] unimplemented channel session.noteSelected [null]
3:35:18 AM [vite] (client) [console.warn] [workbench] unimplemented channel zoom.get []
3:35:18 AM [vite] (client) [console.warn] [workbench] unimplemented channel attention.getSummary []
3:35:18 AM [vite] (client) [console.warn] [workbench] unimplemented channel system.notifyStackState [true]
3:35:18 AM [vite] (client) [console.warn] [workbench] unimplemented channel remote.reportHydrate [{"kept":[]}]
3:35:18 AM [vite] (client) [console.warn] [workbench] unimplemented channel remote.getClientCount []
3:35:18 AM [vite] (client) [console.warn] [workbench] unimplemented channel commands.list []
3:35:18 AM [vite] (client) [console.warn] [workbench] unimplemented channel skills.getCuratedDefaults []
3:35:18 AM [vite] (client) [console.warn] [workbench] unimplemented channel window.setIcon [null]
3:35:18 AM [vite] (client) [console.warn] [workbench] unimplemented channel native.getPermissionMode ["wb-2"]
3:35:18 AM [vite] (client) [console.warn] [workbench] unimplemented channel remote.preview []
3:35:18 AM [vite] (client) [console.warn] [workbench] unimplemented channel session.signalReady ["wb-1"]
3:35:18 AM [vite] (client) [console.warn] [workbench] unimplemented channel performance.get []
3:35:18 AM [vite] (client) [console.warn] [workbench] unimplemented channel attention.report [{"sessionId":"wb-1","attentionState":"ok","awaitingApproval":false,"status":"green"}]
3:35:24 AM [vite] (client) [console.warn] [workbench] unimplemented channel session.noteSelected [null]
3:35:24 AM [vite] (client) [console.warn] [workbench] unimplemented channel zoom.get []
3:35:24 AM [vite] (client) [console.warn] [workbench] unimplemented channel attention.getSummary []
3:35:24 AM [vite] (client) [console.warn] [workbench] unimplemented channel system.notifyStackState [true]
3:35:24 AM [vite] (client) [console.warn] [workbench] unimplemented channel remote.reportHydrate [{"kept":[]}]
3:35:24 AM [vite] (client) [console.warn] [workbench] unimplemented channel remote.getClientCount []
3:35:24 AM [vite] (client) [console.warn] [workbench] unimplemented channel commands.list []
3:35:24 AM [vite] (client) [console.warn] [workbench] unimplemented channel skills.getCuratedDefaults []
3:35:24 AM [vite] (client) [console.warn] [workbench] unimplemented channel window.setIcon [null]
3:35:24 AM [vite] (client) [console.warn] [workbench] unimplemented channel remote.preview []
3:35:24 AM [vite] (client) [console.warn] [workbench] unimplemented channel performance.get []
3:35:30 AM [vite] (client) [console.warn] [workbench] unimplemented channel session.noteSelected [null]
3:35:30 AM [vite] (client) [console.warn] [workbench] unimplemented channel zoom.get []
3:35:30 AM [vite] (client) [console.warn] [workbench] unimplemented channel attention.getSummary []
3:35:30 AM [vite] (client) [console.warn] [workbench] unimplemented channel system.notifyStackState [true]
3:35:30 AM [vite] (client) [console.warn] [workbench] unimplemented channel remote.reportHydrate [{"kept":[]}]
3:35:30 AM [vite] (client) [console.warn] [workbench] unimplemented channel remote.getClientCount []
3:35:30 AM [vite] (client) [console.warn] [workbench] unimplemented channel commands.list []
3:35:30 AM [vite] (client) [console.warn] [workbench] unimplemented channel skills.getCuratedDefaults []
3:35:30 AM [vite] (client) [console.warn] [workbench] unimplemented channel window.setIcon [null]
3:35:31 AM [vite] (client) [console.warn] [workbench] unimplemented channel native.getPermissionMode ["wb-2"]
3:35:31 AM [vite] (client) [console.warn] [workbench] unimplemented channel remote.preview []
3:35:31 AM [vite] (client) [console.warn] [workbench] unimplemented channel session.signalReady ["wb-1"]
3:35:32 AM [vite] (client) [console.warn] [workbench] unimplemented channel performance.get []
3:35:32 AM [vite] (client) [console.warn] [workbench] unimplemented channel attention.report [{"sessionId":"wb-1","attentionState":"ok","awaitingApproval":false,"status":"green"}]
3:35:37 AM [vite] (client) [console.warn] [workbench] unimplemented channel session.noteSelected [null]
3:35:37 AM [vite] (client) [console.warn] [workbench] unimplemented channel zoom.get []
3:35:37 AM [vite] (client) [console.warn] [workbench] unimplemented channel attention.getSummary []
3:35:37 AM [vite] (client) [console.warn] [workbench] unimplemented channel system.notifyStackState [true]
3:35:37 AM [vite] (client) [console.warn] [workbench] unimplemented channel remote.reportHydrate [{"kept":[]}]
3:35:37 AM [vite] (client) [console.warn] [workbench] unimplemented channel remote.getClientCount []
3:35:37 AM [vite] (client) [console.warn] [workbench] unimplemented channel commands.list []
3:35:37 AM [vite] (client) [console.warn] [workbench] unimplemented channel skills.getCuratedDefaults []
3:35:37 AM [vite] (client) [console.warn] [workbench] unimplemented channel window.setIcon [null]
3:35:37 AM [vite] (client) [console.warn] [workbench] unimplemented channel native.getPermissionMode ["wb-2"]
3:35:38 AM [vite] (client) [console.warn] [workbench] unimplemented channel remote.preview []
3:35:38 AM [vite] (client) [console.warn] [workbench] unimplemented channel session.signalReady ["wb-1"]
3:35:38 AM [vite] (client) [console.warn] [workbench] unimplemented channel performance.get []
3:35:38 AM [vite] (client) [console.warn] [workbench] unimplemented channel attention.report [{"sessionId":"wb-1","attentionState":"ok","awaitingApproval":false,"status":"green"}]
3:35:44 AM [vite] (client) [console.warn] [workbench] unimplemented channel session.noteSelected [null]
3:35:44 AM [vite] (client) [console.warn] [workbench] unimplemented channel zoom.get []
3:35:44 AM [vite] (client) [console.warn] [workbench] unimplemented channel attention.getSummary []
3:35:44 AM [vite] (client) [console.warn] [workbench] unimplemented channel system.notifyStackState [true]
3:35:44 AM [vite] (client) [console.warn] [workbench] unimplemented channel remote.reportHydrate [{"kept":[]}]
3:35:44 AM [vite] (client) [console.warn] [workbench] unimplemented channel remote.getClientCount []
3:35:44 AM [vite] (client) [console.warn] [workbench] unimplemented channel commands.list []
3:35:44 AM [vite] (client) [console.warn] [workbench] unimplemented channel skills.getCuratedDefaults []
3:35:44 AM [vite] (client) [console.warn] [workbench] unimplemented channel window.setIcon [null]
3:35:44 AM [vite] (client) [console.warn] [workbench] unimplemented channel native.getPermissionMode ["wb-2"]
3:35:44 AM [vite] (client) [console.warn] [workbench] unimplemented channel remote.preview []
3:35:45 AM [vite] (client) [console.warn] [workbench] unimplemented channel session.signalReady ["wb-1"]
3:35:45 AM [vite] (client) [console.warn] [workbench] unimplemented channel performance.get []
3:35:46 AM [vite] (client) [console.warn] [workbench] unimplemented channel attention.report [{"sessionId":"wb-1","attentionState":"ok","awaitingApproval":false,"status":"green"}]
3:35:50 AM [vite] (client) [console.warn] [workbench] unimplemented channel session.noteSelected [null]
3:35:50 AM [vite] (client) [console.warn] [workbench] unimplemented channel zoom.get []
3:35:50 AM [vite] (client) [console.warn] [workbench] unimplemented channel attention.getSummary []
3:35:50 AM [vite] (client) [console.warn] [workbench] unimplemented channel system.notifyStackState [true]
3:35:50 AM [vite] (client) [console.warn] [workbench] unimplemented channel remote.reportHydrate [{"kept":[]}]
3:35:50 AM [vite] (client) [console.warn] [workbench] unimplemented channel remote.getClientCount []
3:35:50 AM [vite] (client) [console.warn] [workbench] unimplemented channel commands.list []
3:35:50 AM [vite] (client) [console.warn] [workbench] unimplemented channel skills.getCuratedDefaults []
3:35:50 AM [vite] (client) [console.warn] [workbench] unimplemented channel window.setIcon [null]
3:35:50 AM [vite] (client) [console.warn] [workbench] unimplemented channel native.getPermissionMode ["site-1"]
3:35:50 AM [vite] (client) [console.warn] [workbench] unimplemented channel remote.preview []
3:35:50 AM [vite] (client) [console.warn] [workbench] unimplemented channel session.signalReady ["site-1"]
3:35:50 AM [vite] (client) [console.warn] [workbench] unimplemented channel performance.get []
3:35:50 AM [vite] (client) [console.warn] [workbench] unimplemented channel attention.report [{"sessionId":"site-1","attentionState":"ok","awaitingApproval":false,"status":"gray"}]
3:35:56 AM [vite] (client) [console.warn] [workbench] unimplemented channel window.setIcon [null]
3:36:03 AM [vite] (client) [console.warn] [workbench] unimplemented channel commands.list []
3:36:03 AM [vite] (client) [console.warn] [workbench] unimplemented channel skills.getCuratedDefaults []
3:36:03 AM [vite] (client) [console.warn] [workbench] unimplemented channel window.setIcon [null]
3:36:08 AM [vite] (client) [console.warn] [workbench] unimplemented channel window.setIcon [null]
3:36:14 AM [vite] (client) [console.warn] [workbench] unimplemented channel session.noteSelected [null]
3:36:14 AM [vite] (client) [console.warn] [workbench] unimplemented channel zoom.get []
3:36:14 AM [vite] (client) [console.warn] [workbench] unimplemented channel attention.getSummary []
3:36:14 AM [vite] (client) [console.warn] [workbench] unimplemented channel system.notifyStackState [true]
3:36:14 AM [vite] (client) [console.warn] [workbench] unimplemented channel remote.reportHydrate [{"kept":[]}]
3:36:14 AM [vite] (client) [console.warn] [workbench] unimplemented channel remote.getClientCount []
3:36:14 AM [vite] (client) [console.warn] [workbench] unimplemented channel commands.list []
3:36:14 AM [vite] (client) [console.warn] [workbench] unimplemented channel skills.getCuratedDefaults []
3:36:14 AM [vite] (client) [console.warn] [workbench] unimplemented channel window.setIcon [null]
3:36:15 AM [vite] (client) [console.warn] [workbench] unimplemented channel native.getPermissionMode ["wb-2"]
3:36:15 AM [vite] (client) [console.warn] [workbench] unimplemented channel remote.preview []
3:36:15 AM [vite] (client) [console.warn] [workbench] unimplemented channel session.signalReady ["wb-1"]
3:36:15 AM [vite] (client) [console.warn] [workbench] unimplemented channel performance.get []
3:36:15 AM [vite] (client) [console.warn] [workbench] unimplemented channel attention.report [{"sessionId":"wb-1","attentionState":"ok","awaitingApproval":false,"status":"green"}]
3:36:21 AM [vite] (client) [console.warn] [workbench] unimplemented channel window.setIcon [null]
3:36:27 AM [vite] (client) [console.warn] [workbench] unimplemented channel window.setIcon [null]
3:36:35 AM [vite] (client) [console.warn] [workbench] unimplemented channel session.noteSelected [null]
3:36:35 AM [vite] (client) [console.warn] [workbench] unimplemented channel zoom.get []
3:36:35 AM [vite] (client) [console.warn] [workbench] unimplemented channel attention.getSummary []
3:36:35 AM [vite] (client) [console.warn] [workbench] unimplemented channel system.notifyStackState [true]
3:36:35 AM [vite] (client) [console.warn] [workbench] unimplemented channel remote.reportHydrate [{"kept":[]}]
3:36:35 AM [vite] (client) [console.warn] [workbench] unimplemented channel remote.getClientCount []
3:36:35 AM [vite] (client) [console.warn] [workbench] unimplemented channel commands.list []
3:36:35 AM [vite] (client) [console.warn] [workbench] unimplemented channel skills.getCuratedDefaults []
3:36:35 AM [vite] (client) [console.warn] [workbench] unimplemented channel window.setIcon [null]
3:36:35 AM [vite] (client) [console.warn] [workbench] unimplemented channel native.getPermissionMode ["wb-2"]
3:36:35 AM [vite] (client) [console.warn] [workbench] unimplemented channel remote.preview []
3:36:36 AM [vite] (client) [console.warn] [workbench] unimplemented channel session.signalReady ["wb-1"]
3:36:36 AM [vite] (client) [console.warn] [workbench] unimplemented channel performance.get []
3:36:36 AM [vite] (client) [console.warn] [workbench] unimplemented channel attention.report [{"sessionId":"wb-1","attentionState":"ok","awaitingApproval":false,"status":"green"}]
3:36:39 AM [vite] (client) [console.warn] [workbench] unimplemented channel session.noteSelected [null]
3:36:39 AM [vite] (client) [console.warn] [workbench] unimplemented channel zoom.get []
3:36:39 AM [vite] (client) [console.warn] [workbench] unimplemented channel attention.getSummary []
3:36:39 AM [vite] (client) [console.warn] [workbench] unimplemented channel system.notifyStackState [true]
3:36:39 AM [vite] (client) [console.warn] [workbench] unimplemented channel remote.reportHydrate [{"kept":[]}]
3:36:39 AM [vite] (client) [console.warn] [workbench] unimplemented channel remote.getClientCount []
3:36:39 AM [vite] (client) [console.warn] [workbench] unimplemented channel commands.list []
3:36:39 AM [vite] (client) [console.warn] [workbench] unimplemented channel skills.getCuratedDefaults []
3:36:39 AM [vite] (client) [console.warn] [workbench] unimplemented channel window.setIcon [null]
3:36:39 AM [vite] (client) [console.warn] [workbench] unimplemented channel native.getPermissionMode ["wb-2"]
3:36:39 AM [vite] (client) [console.warn] [workbench] unimplemented channel remote.preview []
3:36:40 AM [vite] (client) [console.warn] [workbench] unimplemented channel session.signalReady ["wb-1"]
3:36:40 AM [vite] (client) [console.warn] [workbench] unimplemented channel performance.get []
3:36:40 AM [vite] (client) [console.warn] [workbench] unimplemented channel attention.report [{"sessionId":"wb-1","attentionState":"ok","awaitingApproval":false,"status":"green"}]
3:36:45 AM [vite] (client) [console.warn] [workbench] unimplemented channel session.noteSelected [null]
3:36:45 AM [vite] (client) [console.warn] [workbench] unimplemented channel zoom.get []
3:36:45 AM [vite] (client) [console.warn] [workbench] unimplemented channel attention.getSummary []
3:36:45 AM [vite] (client) [console.warn] [workbench] unimplemented channel system.notifyStackState [true]
3:36:45 AM [vite] (client) [console.warn] [workbench] unimplemented channel remote.reportHydrate [{"kept":[]}]
3:36:45 AM [vite] (client) [console.warn] [workbench] unimplemented channel remote.getClientCount []
3:36:45 AM [vite] (client) [console.warn] [workbench] unimplemented channel commands.list []
3:36:45 AM [vite] (client) [console.warn] [workbench] unimplemented channel skills.getCuratedDefaults []
3:36:45 AM [vite] (client) [console.warn] [workbench] unimplemented channel window.setIcon [null]
3:36:45 AM [vite] (client) [console.warn] [workbench] unimplemented channel native.getPermissionMode ["wb-2"]
3:36:45 AM [vite] (client) [console.warn] [workbench] unimplemented channel attention.report [{"sessionId":"wb-1","attentionState":"ok","awaitingApproval":false,"status":"green"}]
3:36:52 AM [vite] (client) [console.warn] [workbench] unimplemented channel session.noteSelected [null]
3:36:52 AM [vite] (client) [console.warn] [workbench] unimplemented channel zoom.get []
3:36:52 AM [vite] (client) [console.warn] [workbench] unimplemented channel attention.getSummary []
3:36:52 AM [vite] (client) [console.warn] [workbench] unimplemented channel system.notifyStackState [true]
3:36:52 AM [vite] (client) [console.warn] [workbench] unimplemented channel session.noteSelected [null]
3:36:52 AM [vite] (client) [console.warn] [workbench] unimplemented channel zoom.get []
3:36:52 AM [vite] (client) [console.warn] [workbench] unimplemented channel session.noteSelected [null]
3:36:52 AM [vite] (client) [console.warn] [workbench] unimplemented channel attention.getSummary []
3:36:52 AM [vite] (client) [console.warn] [workbench] unimplemented channel system.notifyStackState [true]
3:36:52 AM [vite] (client) [console.warn] [workbench] unimplemented channel zoom.get []
3:36:52 AM [vite] (client) [console.warn] [workbench] unimplemented channel attention.getSummary []
3:36:52 AM [vite] (client) [console.warn] [workbench] unimplemented channel system.notifyStackState [true]
3:36:52 AM [vite] (client) [console.warn] [workbench] unimplemented channel remote.reportHydrate [{"kept":[]}]
3:36:52 AM [vite] (client) [console.warn] [workbench] unimplemented channel remote.getClientCount []
3:36:52 AM [vite] (client) [console.warn] [workbench] unimplemented channel commands.list []
3:36:52 AM [vite] (client) [console.warn] [workbench] unimplemented channel skills.getCuratedDefaults []
3:36:52 AM [vite] (client) [console.warn] [workbench] unimplemented channel window.setIcon [null]
3:36:52 AM [vite] (client) [console.warn] [workbench] unimplemented channel remote.reportHydrate [{"kept":[]}]
3:36:52 AM [vite] (client) [console.warn] [workbench] unimplemented channel remote.getClientCount []
3:36:52 AM [vite] (client) [console.warn] [workbench] unimplemented channel session.noteSelected [null]
3:36:52 AM [vite] (client) [console.warn] [workbench] unimplemented channel commands.list []
3:36:52 AM [vite] (client) [console.warn] [workbench] unimplemented channel skills.getCuratedDefaults []
3:36:52 AM [vite] (client) [console.warn] [workbench] unimplemented channel zoom.get []
3:36:52 AM [vite] (client) [console.warn] [workbench] unimplemented channel remote.reportHydrate [{"kept":[]}]
3:36:53 AM [vite] (client) [console.warn] [workbench] unimplemented channel remote.getClientCount []
3:36:53 AM [vite] (client) [console.warn] [workbench] unimplemented channel attention.getSummary []
3:36:53 AM [vite] (client) [console.warn] [workbench] unimplemented channel system.notifyStackState [true]
3:36:53 AM [vite] (client) [console.warn] [workbench] unimplemented channel commands.list []
3:36:53 AM [vite] (client) [console.warn] [workbench] unimplemented channel skills.getCuratedDefaults []
3:36:53 AM [vite] (client) [console.warn] [workbench] unimplemented channel window.setIcon [null]
3:36:53 AM [vite] (client) [console.warn] [workbench] unimplemented channel window.setIcon [null]
3:36:53 AM [vite] (client) [console.warn] [workbench] unimplemented channel remote.reportHydrate [{"kept":[]}]
3:36:53 AM [vite] (client) [console.warn] [workbench] unimplemented channel remote.getClientCount []
3:36:53 AM [vite] (client) [console.warn] [workbench] unimplemented channel commands.list []
3:36:53 AM [vite] (client) [console.warn] [workbench] unimplemented channel skills.getCuratedDefaults []
3:36:53 AM [vite] (client) [console.warn] [workbench] unimplemented channel window.setIcon [null]
3:36:53 AM [vite] (client) [console.warn] [workbench] unimplemented channel native.getPermissionMode ["wb-2"]
3:36:53 AM [vite] (client) [console.warn] [workbench] unimplemented channel native.getPermissionMode ["wb-2"]
3:36:53 AM [vite] (client) [console.warn] [workbench] unimplemented channel native.getPermissionMode ["wb-2"]
3:36:53 AM [vite] (client) [console.warn] [workbench] unimplemented channel native.getPermissionMode ["wb-2"]
3:36:53 AM [vite] (client) [console.warn] [workbench] unimplemented channel remote.preview []
3:36:53 AM [vite] (client) [console.warn] [workbench] unimplemented channel remote.preview []
3:36:53 AM [vite] (client) [console.warn] [workbench] unimplemented channel remote.preview []
3:36:53 AM [vite] (client) [console.warn] [workbench] unimplemented channel remote.preview []
3:36:53 AM [vite] (client) [console.warn] [workbench] unimplemented channel session.signalReady ["wb-1"]
3:36:53 AM [vite] (client) [console.warn] [workbench] unimplemented channel session.signalReady ["wb-1"]
3:36:53 AM [vite] (client) [console.warn] [workbench] unimplemented channel session.signalReady ["wb-1"]
3:36:53 AM [vite] (client) [console.warn] [workbench] unimplemented channel session.signalReady ["wb-1"]
3:36:54 AM [vite] (client) [console.warn] [workbench] unimplemented channel performance.get []
3:36:54 AM [vite] (client) [console.warn] [workbench] unimplemented channel performance.get []
3:36:54 AM [vite] (client) [console.warn] [workbench] unimplemented channel performance.get []
3:36:54 AM [vite] (client) [console.warn] [workbench] unimplemented channel performance.get []
3:36:54 AM [vite] (client) [console.warn] [workbench] unimplemented channel attention.report [{"sessionId":"wb-1","attentionState":"ok","awaitingApproval":false,"status":"green"}]
3:36:54 AM [vite] (client) [console.warn] [workbench] unimplemented channel attention.report [{"sessionId":"wb-1","attentionState":"ok","awaitingApproval":false,"status":"green"}]
3:36:54 AM [vite] (client) [console.warn] [workbench] unimplemented channel attention.report [{"sessionId":"wb-1","attentionState":"ok","awaitingApproval":false,"status":"green"}]
3:36:54 AM [vite] (client) [console.warn] [workbench] unimplemented channel attention.report [{"sessionId":"wb-1","attentionState":"ok","awaitingApproval":false,"status":"green"}]
3:36:58 AM [vite] (client) [console.warn] [workbench] unimplemented channel session.switch ["wb-11"]
3:36:58 AM [vite] (client) [console.warn] [workbench] unimplemented channel session.switch ["wb-11"]
3:36:59 AM [vite] (client) [console.warn] [workbench] unimplemented channel session.switch ["wb-11"]
3:36:59 AM [vite] (client) [console.warn] [workbench] unimplemented channel session.switch ["wb-11"]
3:37:02 AM [vite] (client) [console.warn] [workbench] unimplemented channel session.noteSelected [null]
3:37:02 AM [vite] (client) [console.warn] [workbench] unimplemented channel zoom.get []
3:37:02 AM [vite] (client) [console.warn] [workbench] unimplemented channel attention.getSummary []
3:37:02 AM [vite] (client) [console.warn] [workbench] unimplemented channel system.notifyStackState [true]
3:37:02 AM [vite] (client) [console.warn] [workbench] unimplemented channel remote.reportHydrate [{"kept":[]}]
3:37:02 AM [vite] (client) [console.warn] [workbench] unimplemented channel remote.getClientCount []
3:37:02 AM [vite] (client) [console.warn] [workbench] unimplemented channel commands.list []
3:37:02 AM [vite] (client) [console.warn] [workbench] unimplemented channel skills.getCuratedDefaults []
3:37:02 AM [vite] (client) [console.warn] [workbench] unimplemented channel window.setIcon [null]
3:37:02 AM [vite] (client) [console.warn] [workbench] unimplemented channel session.noteSelected [null]
3:37:02 AM [vite] (client) [console.warn] [workbench] unimplemented channel zoom.get []
3:37:02 AM [vite] (client) [console.warn] [workbench] unimplemented channel attention.getSummary []
3:37:02 AM [vite] (client) [console.warn] [workbench] unimplemented channel system.notifyStackState [true]
3:37:02 AM [vite] (client) [console.warn] [workbench] unimplemented channel remote.reportHydrate [{"kept":[]}]
3:37:02 AM [vite] (client) [console.warn] [workbench] unimplemented channel remote.getClientCount []
3:37:02 AM [vite] (client) [console.warn] [workbench] unimplemented channel commands.list []
3:37:02 AM [vite] (client) [console.warn] [workbench] unimplemented channel skills.getCuratedDefaults []
3:37:02 AM [vite] (client) [console.warn] [workbench] unimplemented channel window.setIcon [null]
3:37:02 AM [vite] (client) [console.warn] [workbench] unimplemented channel native.getPermissionMode ["wb-2"]
3:37:03 AM [vite] (client) [console.warn] [workbench] unimplemented channel native.getPermissionMode ["wb-2"]
3:37:03 AM [vite] (client) [console.warn] [workbench] unimplemented channel remote.preview []
3:37:03 AM [vite] (client) [console.warn] [workbench] unimplemented channel remote.preview []
3:37:03 AM [vite] (client) [console.warn] [workbench] unimplemented channel session.signalReady ["wb-1"]
3:37:03 AM [vite] (client) [console.warn] [workbench] unimplemented channel session.signalReady ["wb-1"]
3:37:03 AM [vite] (client) [console.warn] [workbench] unimplemented channel performance.get []
3:37:03 AM [vite] (client) [console.warn] [workbench] unimplemented channel attention.report [{"sessionId":"wb-1","attentionState":"ok","awaitingApproval":false,"status":"green"}]
3:37:03 AM [vite] (client) [console.warn] [workbench] unimplemented channel performance.get []
3:37:03 AM [vite] (client) [console.warn] [workbench] unimplemented channel attention.report [{"sessionId":"wb-1","attentionState":"ok","awaitingApproval":false,"status":"green"}]
3:37:08 AM [vite] (client) [console.warn] [workbench] unimplemented channel session.switch ["wb-11"]
3:37:08 AM [vite] (client) [console.warn] [workbench] unimplemented channel session.switch ["wb-11"]
