UI Workbench
  checkout: /home/destin/youcoded-dev/worktrees/sessions/plugin-project-controls/youcoded
  open this in a local browser:
    http://localhost:5473/?mode=workbench

  scenarios: &scenario=default|empty|no-providers|refused|stress
  latency:   &latency=0|150|2000   (ms of fake IPC delay; default 150)

npm notice run youcoded@1.3.0 dev:renderer
npm notice run vite --port 5473
(!) Your Vite config uses features that are unsupported by `configLoader: 'native'`, which is planned to become the default in a future major version of Vite:
  - ESM syntax in a file loaded as CommonJS (vite.config.ts:1:1). Use a `.mjs` extension or set `"type": "module"` in the closest package.json
Set `VITE_CONFIG_NATIVE_IGNORE_WARNING=true` to suppress this warning.

  VITE v8.2.2  ready in 79 ms

  ➜  Local:   http://127.0.0.1:5473/
6:13:15 AM [vite] (client) [console.warn] [workbench] unimplemented channel session.noteSelected [null]
6:13:15 AM [vite] (client) [console.warn] [workbench] unimplemented channel zoom.get []
6:13:15 AM [vite] (client) [console.warn] [workbench] unimplemented channel attention.getSummary []
6:13:15 AM [vite] (client) [console.warn] [workbench] unimplemented channel system.notifyStackState [true]
6:13:15 AM [vite] (client) [console.warn] [workbench] unimplemented channel remote.reportHydrate [{"kept":[]}]
6:13:15 AM [vite] (client) [console.warn] [workbench] unimplemented channel remote.getClientCount []
6:13:15 AM [vite] (client) [console.warn] [workbench] unimplemented channel commands.list []
6:13:15 AM [vite] (client) [console.warn] [workbench] unimplemented channel skills.getCuratedDefaults []
6:13:15 AM [vite] (client) [console.warn] [workbench] unimplemented channel window.setIcon [null]
6:13:15 AM [vite] (client) [console.warn] [workbench] unimplemented channel native.getPermissionMode ["wb-2"]
6:13:15 AM [vite] (client) [console.warn] [workbench] unimplemented channel remote.preview []
6:13:15 AM [vite] (client) [console.warn] [workbench] unimplemented channel session.signalReady ["wb-1"]
6:13:15 AM [vite] (client) [console.warn] [workbench] unimplemented channel performance.get []
6:13:15 AM [vite] (client) [console.warn] [workbench] unimplemented channel attention.report [{"sessionId":"wb-1","attentionState":"ok","awaitingApproval":false,"status":"green"}]
6:13:20 AM [vite] (client) [console.warn] [workbench] unimplemented channel session.noteSelected [null]
6:13:20 AM [vite] (client) [console.warn] [workbench] unimplemented channel zoom.get []
6:13:20 AM [vite] (client) [console.warn] [workbench] unimplemented channel attention.getSummary []
6:13:20 AM [vite] (client) [console.warn] [workbench] unimplemented channel system.notifyStackState [true]
6:13:20 AM [vite] (client) [console.warn] [workbench] unimplemented channel remote.reportHydrate [{"kept":[]}]
6:13:20 AM [vite] (client) [console.warn] [workbench] unimplemented channel remote.getClientCount []
6:13:20 AM [vite] (client) [console.warn] [workbench] unimplemented channel commands.list []
6:13:20 AM [vite] (client) [console.warn] [workbench] unimplemented channel skills.getCuratedDefaults []
6:13:20 AM [vite] (client) [console.warn] [workbench] unimplemented channel window.setIcon [null]
6:13:20 AM [vite] (client) [console.warn] [workbench] unimplemented channel native.getPermissionMode ["wb-2"]
6:13:20 AM [vite] (client) [console.warn] [workbench] unimplemented channel remote.preview []
6:13:21 AM [vite] (client) [console.warn] [workbench] unimplemented channel session.signalReady ["wb-1"]
6:13:21 AM [vite] (client) [console.warn] [workbench] unimplemented channel performance.get []
6:13:21 AM [vite] (client) [console.warn] [workbench] unimplemented channel attention.report [{"sessionId":"wb-1","attentionState":"ok","awaitingApproval":false,"status":"green"}]
6:13:26 AM [vite] (client) [console.warn] [workbench] unimplemented channel session.noteSelected [null]
6:13:26 AM [vite] (client) [console.warn] [workbench] unimplemented channel zoom.get []
6:13:26 AM [vite] (client) [console.warn] [workbench] unimplemented channel attention.getSummary []
6:13:26 AM [vite] (client) [console.warn] [workbench] unimplemented channel system.notifyStackState [true]
6:13:26 AM [vite] (client) [console.warn] [workbench] unimplemented channel remote.reportHydrate [{"kept":[]}]
6:13:26 AM [vite] (client) [console.warn] [workbench] unimplemented channel remote.getClientCount []
6:13:26 AM [vite] (client) [console.warn] [workbench] unimplemented channel commands.list []
6:13:26 AM [vite] (client) [console.warn] [workbench] unimplemented channel skills.getCuratedDefaults []
6:13:26 AM [vite] (client) [console.warn] [workbench] unimplemented channel window.setIcon [null]
6:13:26 AM [vite] (client) [console.warn] [workbench] unimplemented channel remote.preview []
6:13:26 AM [vite] (client) [console.warn] [workbench] unimplemented channel performance.get []
6:13:32 AM [vite] (client) [console.warn] [workbench] unimplemented channel session.noteSelected [null]
6:13:32 AM [vite] (client) [console.warn] [workbench] unimplemented channel zoom.get []
6:13:32 AM [vite] (client) [console.warn] [workbench] unimplemented channel attention.getSummary []
6:13:32 AM [vite] (client) [console.warn] [workbench] unimplemented channel system.notifyStackState [true]
6:13:32 AM [vite] (client) [console.warn] [workbench] unimplemented channel remote.reportHydrate [{"kept":[]}]
6:13:32 AM [vite] (client) [console.warn] [workbench] unimplemented channel remote.getClientCount []
6:13:32 AM [vite] (client) [console.warn] [workbench] unimplemented channel commands.list []
6:13:32 AM [vite] (client) [console.warn] [workbench] unimplemented channel skills.getCuratedDefaults []
6:13:32 AM [vite] (client) [console.warn] [workbench] unimplemented channel window.setIcon [null]
6:13:32 AM [vite] (client) [console.warn] [workbench] unimplemented channel native.getPermissionMode ["wb-2"]
6:13:33 AM [vite] (client) [console.warn] [workbench] unimplemented channel remote.preview []
6:13:33 AM [vite] (client) [console.warn] [workbench] unimplemented channel session.signalReady ["wb-1"]
6:13:33 AM [vite] (client) [console.warn] [workbench] unimplemented channel performance.get []
6:13:33 AM [vite] (client) [console.warn] [workbench] unimplemented channel attention.report [{"sessionId":"wb-1","attentionState":"ok","awaitingApproval":false,"status":"green"}]
6:13:38 AM [vite] (client) [console.warn] [workbench] unimplemented channel session.noteSelected [null]
6:13:38 AM [vite] (client) [console.warn] [workbench] unimplemented channel zoom.get []
6:13:38 AM [vite] (client) [console.warn] [workbench] unimplemented channel attention.getSummary []
6:13:38 AM [vite] (client) [console.warn] [workbench] unimplemented channel system.notifyStackState [true]
6:13:38 AM [vite] (client) [console.warn] [workbench] unimplemented channel remote.reportHydrate [{"kept":[]}]
6:13:38 AM [vite] (client) [console.warn] [workbench] unimplemented channel remote.getClientCount []
6:13:38 AM [vite] (client) [console.warn] [workbench] unimplemented channel commands.list []
6:13:38 AM [vite] (client) [console.warn] [workbench] unimplemented channel skills.getCuratedDefaults []
6:13:38 AM [vite] (client) [console.warn] [workbench] unimplemented channel window.setIcon [null]
6:13:38 AM [vite] (client) [console.warn] [workbench] unimplemented channel remote.preview []
6:13:38 AM [vite] (client) [console.warn] [workbench] unimplemented channel native.getPermissionMode ["wb-2"]
6:13:38 AM [vite] (client) [console.warn] [workbench] unimplemented channel performance.get []
6:13:39 AM [vite] (client) [console.warn] [workbench] unimplemented channel session.signalReady ["wb-1"]
6:13:39 AM [vite] (client) [console.warn] [workbench] unimplemented channel attention.report [{"sessionId":"wb-1","attentionState":"ok","awaitingApproval":false,"status":"green"}]
6:13:44 AM [vite] (client) [console.warn] [workbench] unimplemented channel session.noteSelected [null]
6:13:44 AM [vite] (client) [console.warn] [workbench] unimplemented channel zoom.get []
6:13:44 AM [vite] (client) [console.warn] [workbench] unimplemented channel attention.getSummary []
6:13:44 AM [vite] (client) [console.warn] [workbench] unimplemented channel system.notifyStackState [true]
6:13:44 AM [vite] (client) [console.warn] [workbench] unimplemented channel remote.reportHydrate [{"kept":[]}]
6:13:44 AM [vite] (client) [console.warn] [workbench] unimplemented channel remote.getClientCount []
6:13:44 AM [vite] (client) [console.warn] [workbench] unimplemented channel commands.list []
6:13:44 AM [vite] (client) [console.warn] [workbench] unimplemented channel skills.getCuratedDefaults []
6:13:44 AM [vite] (client) [console.warn] [workbench] unimplemented channel window.setIcon [null]
6:13:44 AM [vite] (client) [console.warn] [workbench] unimplemented channel native.getPermissionMode ["wb-2"]
6:13:45 AM [vite] (client) [console.warn] [workbench] unimplemented channel remote.preview []
6:13:45 AM [vite] (client) [console.warn] [workbench] unimplemented channel session.signalReady ["wb-1"]
6:13:45 AM [vite] (client) [console.warn] [workbench] unimplemented channel performance.get []
6:13:45 AM [vite] (client) [console.warn] [workbench] unimplemented channel attention.report [{"sessionId":"wb-1","attentionState":"ok","awaitingApproval":false,"status":"green"}]
6:13:50 AM [vite] (client) [console.warn] [workbench] unimplemented channel session.noteSelected [null]
6:13:50 AM [vite] (client) [console.warn] [workbench] unimplemented channel zoom.get []
6:13:50 AM [vite] (client) [console.warn] [workbench] unimplemented channel attention.getSummary []
6:13:50 AM [vite] (client) [console.warn] [workbench] unimplemented channel system.notifyStackState [true]
6:13:50 AM [vite] (client) [console.warn] [workbench] unimplemented channel remote.reportHydrate [{"kept":[]}]
6:13:50 AM [vite] (client) [console.warn] [workbench] unimplemented channel remote.getClientCount []
6:13:50 AM [vite] (client) [console.warn] [workbench] unimplemented channel commands.list []
6:13:50 AM [vite] (client) [console.warn] [workbench] unimplemented channel skills.getCuratedDefaults []
6:13:50 AM [vite] (client) [console.warn] [workbench] unimplemented channel window.setIcon [null]
6:13:51 AM [vite] (client) [console.warn] [workbench] unimplemented channel native.getPermissionMode ["site-1"]
6:13:51 AM [vite] (client) [console.warn] [workbench] unimplemented channel remote.preview []
6:13:51 AM [vite] (client) [console.warn] [workbench] unimplemented channel performance.get []
6:13:51 AM [vite] (client) [console.warn] [workbench] unimplemented channel attention.report [{"sessionId":"site-1","attentionState":"ok","awaitingApproval":false,"status":"gray"}]
6:13:56 AM [vite] (client) [console.warn] [workbench] unimplemented channel window.setIcon [null]
6:14:02 AM [vite] (client) [console.warn] [workbench] unimplemented channel commands.list []
6:14:02 AM [vite] (client) [console.warn] [workbench] unimplemented channel skills.getCuratedDefaults []
6:14:02 AM [vite] (client) [console.warn] [workbench] unimplemented channel window.setIcon [null]
6:14:08 AM [vite] (client) [console.warn] [workbench] unimplemented channel window.setIcon [null]
6:14:15 AM [vite] (client) [console.warn] [workbench] unimplemented channel session.noteSelected [null]
6:14:15 AM [vite] (client) [console.warn] [workbench] unimplemented channel zoom.get []
6:14:15 AM [vite] (client) [console.warn] [workbench] unimplemented channel attention.getSummary []
6:14:15 AM [vite] (client) [console.warn] [workbench] unimplemented channel system.notifyStackState [true]
6:14:15 AM [vite] (client) [console.warn] [workbench] unimplemented channel remote.reportHydrate [{"kept":[]}]
6:14:15 AM [vite] (client) [console.warn] [workbench] unimplemented channel remote.getClientCount []
6:14:15 AM [vite] (client) [console.warn] [workbench] unimplemented channel commands.list []
6:14:15 AM [vite] (client) [console.warn] [workbench] unimplemented channel skills.getCuratedDefaults []
6:14:15 AM [vite] (client) [console.warn] [workbench] unimplemented channel window.setIcon [null]
6:14:15 AM [vite] (client) [console.warn] [workbench] unimplemented channel native.getPermissionMode ["wb-2"]
6:14:15 AM [vite] (client) [console.warn] [workbench] unimplemented channel remote.preview []
6:14:15 AM [vite] (client) [console.warn] [workbench] unimplemented channel session.signalReady ["wb-1"]
6:14:15 AM [vite] (client) [console.warn] [workbench] unimplemented channel performance.get []
6:14:15 AM [vite] (client) [console.warn] [workbench] unimplemented channel attention.report [{"sessionId":"wb-1","attentionState":"ok","awaitingApproval":false,"status":"green"}]
6:14:21 AM [vite] (client) [console.warn] [workbench] unimplemented channel window.setIcon [null]
6:14:27 AM [vite] (client) [console.warn] [workbench] unimplemented channel window.setIcon [null]
6:14:33 AM [vite] (client) [console.warn] [workbench] unimplemented channel session.noteSelected [null]
6:14:33 AM [vite] (client) [console.warn] [workbench] unimplemented channel zoom.get []
6:14:33 AM [vite] (client) [console.warn] [workbench] unimplemented channel attention.getSummary []
6:14:33 AM [vite] (client) [console.warn] [workbench] unimplemented channel system.notifyStackState [true]
6:14:33 AM [vite] (client) [console.warn] [workbench] unimplemented channel remote.reportHydrate [{"kept":[]}]
6:14:33 AM [vite] (client) [console.warn] [workbench] unimplemented channel remote.getClientCount []
6:14:33 AM [vite] (client) [console.warn] [workbench] unimplemented channel commands.list []
6:14:33 AM [vite] (client) [console.warn] [workbench] unimplemented channel skills.getCuratedDefaults []
6:14:33 AM [vite] (client) [console.warn] [workbench] unimplemented channel window.setIcon [null]
6:14:33 AM [vite] (client) [console.warn] [workbench] unimplemented channel native.getPermissionMode ["wb-2"]
6:14:33 AM [vite] (client) [console.warn] [workbench] unimplemented channel remote.preview []
6:14:33 AM [vite] (client) [console.warn] [workbench] unimplemented channel session.signalReady ["wb-1"]
6:14:33 AM [vite] (client) [console.warn] [workbench] unimplemented channel performance.get []
6:14:33 AM [vite] (client) [console.warn] [workbench] unimplemented channel attention.report [{"sessionId":"wb-1","attentionState":"ok","awaitingApproval":false,"status":"green"}]
6:14:39 AM [vite] (client) [console.warn] [workbench] unimplemented channel session.noteSelected [null]
6:14:39 AM [vite] (client) [console.warn] [workbench] unimplemented channel zoom.get []
6:14:39 AM [vite] (client) [console.warn] [workbench] unimplemented channel attention.getSummary []
6:14:39 AM [vite] (client) [console.warn] [workbench] unimplemented channel system.notifyStackState [true]
6:14:39 AM [vite] (client) [console.warn] [workbench] unimplemented channel remote.reportHydrate [{"kept":[]}]
6:14:39 AM [vite] (client) [console.warn] [workbench] unimplemented channel remote.getClientCount []
6:14:39 AM [vite] (client) [console.warn] [workbench] unimplemented channel commands.list []
6:14:39 AM [vite] (client) [console.warn] [workbench] unimplemented channel skills.getCuratedDefaults []
6:14:39 AM [vite] (client) [console.warn] [workbench] unimplemented channel window.setIcon [null]
6:14:39 AM [vite] (client) [console.warn] [workbench] unimplemented channel native.getPermissionMode ["wb-2"]
6:14:39 AM [vite] (client) [console.warn] [workbench] unimplemented channel remote.preview []
6:14:39 AM [vite] (client) [console.warn] [workbench] unimplemented channel session.signalReady ["wb-1"]
6:14:39 AM [vite] (client) [console.warn] [workbench] unimplemented channel performance.get []
6:14:39 AM [vite] (client) [console.warn] [workbench] unimplemented channel attention.report [{"sessionId":"wb-1","attentionState":"ok","awaitingApproval":false,"status":"green"}]
6:14:45 AM [vite] (client) [console.warn] [workbench] unimplemented channel session.noteSelected [null]
6:14:45 AM [vite] (client) [console.warn] [workbench] unimplemented channel zoom.get []
6:14:45 AM [vite] (client) [console.warn] [workbench] unimplemented channel attention.getSummary []
6:14:45 AM [vite] (client) [console.warn] [workbench] unimplemented channel system.notifyStackState [true]
6:14:45 AM [vite] (client) [console.warn] [workbench] unimplemented channel remote.reportHydrate [{"kept":[]}]
6:14:45 AM [vite] (client) [console.warn] [workbench] unimplemented channel remote.getClientCount []
6:14:45 AM [vite] (client) [console.warn] [workbench] unimplemented channel commands.list []
6:14:45 AM [vite] (client) [console.warn] [workbench] unimplemented channel skills.getCuratedDefaults []
6:14:45 AM [vite] (client) [console.warn] [workbench] unimplemented channel window.setIcon [null]
6:14:45 AM [vite] (client) [console.warn] [workbench] unimplemented channel native.getPermissionMode ["wb-2"]
6:14:45 AM [vite] (client) [console.warn] [workbench] unimplemented channel attention.report [{"sessionId":"wb-1","attentionState":"ok","awaitingApproval":false,"status":"green"}]
6:14:52 AM [vite] (client) [console.warn] [workbench] unimplemented channel session.noteSelected [null]
6:14:52 AM [vite] (client) [console.warn] [workbench] unimplemented channel zoom.get []
6:14:52 AM [vite] (client) [console.warn] [workbench] unimplemented channel attention.getSummary []
6:14:52 AM [vite] (client) [console.warn] [workbench] unimplemented channel system.notifyStackState [true]
6:14:52 AM [vite] (client) [console.warn] [workbench] unimplemented channel remote.reportHydrate [{"kept":[]}]
6:14:52 AM [vite] (client) [console.warn] [workbench] unimplemented channel remote.getClientCount []
6:14:52 AM [vite] (client) [console.warn] [workbench] unimplemented channel commands.list []
6:14:52 AM [vite] (client) [console.warn] [workbench] unimplemented channel skills.getCuratedDefaults []
6:14:52 AM [vite] (client) [console.warn] [workbench] unimplemented channel window.setIcon [null]
6:14:52 AM [vite] (client) [console.warn] [workbench] unimplemented channel session.noteSelected [null]
6:14:52 AM [vite] (client) [console.warn] [workbench] unimplemented channel zoom.get []
6:14:52 AM [vite] (client) [console.warn] [workbench] unimplemented channel attention.getSummary []
6:14:52 AM [vite] (client) [console.warn] [workbench] unimplemented channel system.notifyStackState [true]
6:14:52 AM [vite] (client) [console.warn] [workbench] unimplemented channel session.noteSelected [null]
6:14:52 AM [vite] (client) [console.warn] [workbench] unimplemented channel zoom.get []
6:14:52 AM [vite] (client) [console.warn] [workbench] unimplemented channel attention.getSummary []
6:14:52 AM [vite] (client) [console.warn] [workbench] unimplemented channel system.notifyStackState [true]
6:14:52 AM [vite] (client) [console.warn] [workbench] unimplemented channel remote.reportHydrate [{"kept":[]}]
6:14:52 AM [vite] (client) [console.warn] [workbench] unimplemented channel remote.getClientCount []
6:14:52 AM [vite] (client) [console.warn] [workbench] unimplemented channel commands.list []
6:14:52 AM [vite] (client) [console.warn] [workbench] unimplemented channel skills.getCuratedDefaults []
6:14:52 AM [vite] (client) [console.warn] [workbench] unimplemented channel window.setIcon [null]
6:14:52 AM [vite] (client) [console.warn] [workbench] unimplemented channel remote.reportHydrate [{"kept":[]}]
6:14:52 AM [vite] (client) [console.warn] [workbench] unimplemented channel remote.getClientCount []
6:14:52 AM [vite] (client) [console.warn] [workbench] unimplemented channel session.noteSelected [null]
6:14:52 AM [vite] (client) [console.warn] [workbench] unimplemented channel zoom.get []
6:14:52 AM [vite] (client) [console.warn] [workbench] unimplemented channel commands.list []
6:14:52 AM [vite] (client) [console.warn] [workbench] unimplemented channel skills.getCuratedDefaults []
6:14:52 AM [vite] (client) [console.warn] [workbench] unimplemented channel attention.getSummary []
6:14:52 AM [vite] (client) [console.warn] [workbench] unimplemented channel system.notifyStackState [true]
6:14:52 AM [vite] (client) [console.warn] [workbench] unimplemented channel session.noteSelected [null]
6:14:52 AM [vite] (client) [console.warn] [workbench] unimplemented channel zoom.get []
6:14:52 AM [vite] (client) [console.warn] [workbench] unimplemented channel window.setIcon [null]
6:14:52 AM [vite] (client) [console.warn] [workbench] unimplemented channel attention.getSummary []
6:14:52 AM [vite] (client) [console.warn] [workbench] unimplemented channel system.notifyStackState [true]
6:14:52 AM [vite] (client) [console.warn] [workbench] unimplemented channel remote.reportHydrate [{"kept":[]}]
6:14:52 AM [vite] (client) [console.warn] [workbench] unimplemented channel remote.reportHydrate [{"kept":[]}]
6:14:52 AM [vite] (client) [console.warn] [workbench] unimplemented channel remote.getClientCount []
6:14:52 AM [vite] (client) [console.warn] [workbench] unimplemented channel remote.getClientCount []
6:14:52 AM [vite] (client) [console.warn] [workbench] unimplemented channel commands.list []
6:14:52 AM [vite] (client) [console.warn] [workbench] unimplemented channel skills.getCuratedDefaults []
6:14:52 AM [vite] (client) [console.warn] [workbench] unimplemented channel commands.list []
6:14:52 AM [vite] (client) [console.warn] [workbench] unimplemented channel skills.getCuratedDefaults []
6:14:52 AM [vite] (client) [console.warn] [workbench] unimplemented channel window.setIcon [null]
6:14:52 AM [vite] (client) [console.warn] [workbench] unimplemented channel window.setIcon [null]
6:14:52 AM [vite] (client) [console.warn] [workbench] unimplemented channel session.noteSelected [null]
6:14:52 AM [vite] (client) [console.warn] [workbench] unimplemented channel zoom.get []
6:14:52 AM [vite] (client) [console.warn] [workbench] unimplemented channel attention.getSummary []
6:14:52 AM [vite] (client) [console.warn] [workbench] unimplemented channel system.notifyStackState [true]
6:14:52 AM [vite] (client) [console.warn] [workbench] unimplemented channel remote.reportHydrate [{"kept":[]}]
6:14:52 AM [vite] (client) [console.warn] [workbench] unimplemented channel session.noteSelected [null]
6:14:52 AM [vite] (client) [console.warn] [workbench] unimplemented channel remote.getClientCount []
6:14:52 AM [vite] (client) [console.warn] [workbench] unimplemented channel zoom.get []
6:14:52 AM [vite] (client) [console.warn] [workbench] unimplemented channel attention.getSummary []
6:14:52 AM [vite] (client) [console.warn] [workbench] unimplemented channel commands.list []
6:14:52 AM [vite] (client) [console.warn] [workbench] unimplemented channel system.notifyStackState [true]
6:14:52 AM [vite] (client) [console.warn] [workbench] unimplemented channel skills.getCuratedDefaults []
6:14:52 AM [vite] (client) [console.warn] [workbench] unimplemented channel window.setIcon [null]
6:14:52 AM [vite] (client) [console.warn] [workbench] unimplemented channel remote.reportHydrate [{"kept":[]}]
6:14:52 AM [vite] (client) [console.warn] [workbench] unimplemented channel remote.getClientCount []
6:14:52 AM [vite] (client) [console.warn] [workbench] unimplemented channel commands.list []
6:14:52 AM [vite] (client) [console.warn] [workbench] unimplemented channel skills.getCuratedDefaults []
6:14:52 AM [vite] (client) [console.warn] [workbench] unimplemented channel window.setIcon [null]
6:14:52 AM [vite] (client) [console.warn] [workbench] unimplemented channel session.noteSelected [null]
6:14:52 AM [vite] (client) [console.warn] [workbench] unimplemented channel zoom.get []
6:14:52 AM [vite] (client) [console.warn] [workbench] unimplemented channel native.getPermissionMode ["wb-2"]
6:14:52 AM [vite] (client) [console.warn] [workbench] unimplemented channel attention.getSummary []
6:14:52 AM [vite] (client) [console.warn] [workbench] unimplemented channel system.notifyStackState [true]
6:14:52 AM [vite] (client) [console.warn] [workbench] unimplemented channel session.noteSelected [null]
6:14:52 AM [vite] (client) [console.warn] [workbench] unimplemented channel zoom.get []
6:14:52 AM [vite] (client) [console.warn] [workbench] unimplemented channel attention.getSummary []
6:14:52 AM [vite] (client) [console.warn] [workbench] unimplemented channel system.notifyStackState [true]
6:14:52 AM [vite] (client) [console.warn] [workbench] unimplemented channel session.noteSelected [null]
6:14:52 AM [vite] (client) [console.warn] [workbench] unimplemented channel zoom.get []
6:14:52 AM [vite] (client) [console.warn] [workbench] unimplemented channel attention.getSummary []
6:14:52 AM [vite] (client) [console.warn] [workbench] unimplemented channel system.notifyStackState [true]
6:14:52 AM [vite] (client) [console.warn] [workbench] unimplemented channel remote.reportHydrate [{"kept":[]}]
6:14:52 AM [vite] (client) [console.warn] [workbench] unimplemented channel remote.getClientCount []
6:14:52 AM [vite] (client) [console.warn] [workbench] unimplemented channel remote.reportHydrate [{"kept":[]}]
6:14:52 AM [vite] (client) [console.warn] [workbench] unimplemented channel remote.getClientCount []
6:14:52 AM [vite] (client) [console.warn] [workbench] unimplemented channel commands.list []
6:14:52 AM [vite] (client) [console.warn] [workbench] unimplemented channel skills.getCuratedDefaults []
6:14:52 AM [vite] (client) [console.warn] [workbench] unimplemented channel commands.list []
6:14:52 AM [vite] (client) [console.warn] [workbench] unimplemented channel skills.getCuratedDefaults []
6:14:52 AM [vite] (client) [console.warn] [workbench] unimplemented channel window.setIcon [null]
6:14:52 AM [vite] (client) [console.warn] [workbench] unimplemented channel window.setIcon [null]
6:14:52 AM [vite] (client) [console.warn] [workbench] unimplemented channel remote.reportHydrate [{"kept":[]}]
6:14:52 AM [vite] (client) [console.warn] [workbench] unimplemented channel remote.getClientCount []
6:14:52 AM [vite] (client) [console.warn] [workbench] unimplemented channel commands.list []
6:14:52 AM [vite] (client) [console.warn] [workbench] unimplemented channel skills.getCuratedDefaults []
6:14:52 AM [vite] (client) [console.warn] [workbench] unimplemented channel window.setIcon [null]
6:14:52 AM [vite] (client) [console.warn] [workbench] unimplemented channel session.noteSelected [null]
6:14:52 AM [vite] (client) [console.warn] [workbench] unimplemented channel zoom.get []
6:14:52 AM [vite] (client) [console.warn] [workbench] unimplemented channel attention.getSummary []
6:14:52 AM [vite] (client) [console.warn] [workbench] unimplemented channel system.notifyStackState [true]
6:14:52 AM [vite] (client) [console.warn] [workbench] unimplemented channel remote.reportHydrate [{"kept":[]}]
6:14:52 AM [vite] (client) [console.warn] [workbench] unimplemented channel remote.getClientCount []
6:14:52 AM [vite] (client) [console.warn] [workbench] unimplemented channel commands.list []
6:14:52 AM [vite] (client) [console.warn] [workbench] unimplemented channel skills.getCuratedDefaults []
6:14:52 AM [vite] (client) [console.warn] [workbench] unimplemented channel native.getPermissionMode ["wb-2"]
6:14:52 AM [vite] (client) [console.warn] [workbench] unimplemented channel window.setIcon [null]
6:14:52 AM [vite] (client) [console.warn] [workbench] unimplemented channel native.getPermissionMode ["wb-2"]
6:14:52 AM [vite] (client) [console.warn] [workbench] unimplemented channel native.getPermissionMode ["wb-2"]
6:14:52 AM [vite] (client) [console.warn] [workbench] unimplemented channel native.getPermissionMode ["wb-2"]
6:14:52 AM [vite] (client) [console.warn] [workbench] unimplemented channel remote.preview []
6:14:52 AM [vite] (client) [console.warn] [workbench] unimplemented channel native.getPermissionMode ["wb-2"]
6:14:52 AM [vite] (client) [console.warn] [workbench] unimplemented channel native.getPermissionMode ["wb-2"]
6:14:52 AM [vite] (client) [console.warn] [workbench] unimplemented channel remote.preview []
6:14:52 AM [vite] (client) [console.warn] [workbench] unimplemented channel remote.preview []
6:14:52 AM [vite] (client) [console.warn] [workbench] unimplemented channel native.getPermissionMode ["wb-2"]
6:14:52 AM [vite] (client) [console.warn] [workbench] unimplemented channel session.signalReady ["wb-1"]
6:14:52 AM [vite] (client) [console.warn] [workbench] unimplemented channel native.getPermissionMode ["wb-2"]
6:14:52 AM [vite] (client) [console.warn] [workbench] unimplemented channel performance.get []
6:14:52 AM [vite] (client) [console.warn] [workbench] unimplemented channel remote.preview []
6:14:52 AM [vite] (client) [console.warn] [workbench] unimplemented channel remote.preview []
6:14:52 AM [vite] (client) [console.warn] [workbench] unimplemented channel remote.preview []
6:14:53 AM [vite] (client) [console.warn] [workbench] unimplemented channel native.getPermissionMode ["wb-2"]
6:14:53 AM [vite] (client) [console.warn] [workbench] unimplemented channel performance.get []
6:14:53 AM [vite] (client) [console.warn] [workbench] unimplemented channel native.getPermissionMode ["wb-2"]
6:14:53 AM [vite] (client) [console.warn] [workbench] unimplemented channel attention.report [{"sessionId":"wb-1","attentionState":"ok","awaitingApproval":false,"status":"green"}]
6:14:53 AM [vite] (client) [console.warn] [workbench] unimplemented channel session.signalReady ["wb-1"]
6:14:53 AM [vite] (client) [console.warn] [workbench] unimplemented channel session.signalReady ["wb-1"]
6:14:53 AM [vite] (client) [console.warn] [workbench] unimplemented channel performance.get []
6:14:53 AM [vite] (client) [console.warn] [workbench] unimplemented channel remote.preview []
6:14:53 AM [vite] (client) [console.warn] [workbench] unimplemented channel remote.preview []
6:14:53 AM [vite] (client) [console.warn] [workbench] unimplemented channel performance.get []
6:14:53 AM [vite] (client) [console.warn] [workbench] unimplemented channel attention.report [{"sessionId":"wb-1","attentionState":"ok","awaitingApproval":false,"status":"green"}]
6:14:53 AM [vite] (client) [console.warn] [workbench] unimplemented channel session.signalReady ["wb-1"]
6:14:53 AM [vite] (client) [console.warn] [workbench] unimplemented channel attention.report [{"sessionId":"wb-1","attentionState":"ok","awaitingApproval":false,"status":"green"}]
6:14:53 AM [vite] (client) [console.warn] [workbench] unimplemented channel session.signalReady ["wb-1"]
6:14:53 AM [vite] (client) [console.warn] [workbench] unimplemented channel remote.preview []
6:14:53 AM [vite] (client) [console.warn] [workbench] unimplemented channel performance.get []
6:14:53 AM [vite] (client) [console.warn] [workbench] unimplemented channel performance.get []
6:14:53 AM [vite] (client) [console.warn] [workbench] unimplemented channel remote.preview []
6:14:53 AM [vite] (client) [console.warn] [workbench] unimplemented channel attention.report [{"sessionId":"wb-1","attentionState":"ok","awaitingApproval":false,"status":"green"}]
6:14:53 AM [vite] (client) [console.warn] [workbench] unimplemented channel attention.report [{"sessionId":"wb-1","attentionState":"ok","awaitingApproval":false,"status":"green"}]
6:14:53 AM [vite] (client) [console.warn] [workbench] unimplemented channel remote.preview []
6:14:53 AM [vite] (client) [console.warn] [workbench] unimplemented channel session.signalReady ["wb-1"]
6:14:53 AM [vite] (client) [console.warn] [workbench] unimplemented channel session.signalReady ["wb-1"]
6:14:53 AM [vite] (client) [console.warn] [workbench] unimplemented channel performance.get []
6:14:53 AM [vite] (client) [console.warn] [workbench] unimplemented channel performance.get []
6:14:53 AM [vite] (client) [console.warn] [workbench] unimplemented channel session.signalReady ["wb-1"]
6:14:53 AM [vite] (client) [console.warn] [workbench] unimplemented channel attention.report [{"sessionId":"wb-1","attentionState":"ok","awaitingApproval":false,"status":"green"}]
6:14:53 AM [vite] (client) [console.warn] [workbench] unimplemented channel attention.report [{"sessionId":"wb-1","attentionState":"ok","awaitingApproval":false,"status":"green"}]
6:14:53 AM [vite] (client) [console.warn] [workbench] unimplemented channel performance.get []
6:14:53 AM [vite] (client) [console.warn] [workbench] unimplemented channel session.signalReady ["wb-1"]
6:14:53 AM [vite] (client) [console.warn] [workbench] unimplemented channel session.signalReady ["wb-1"]
6:14:53 AM [vite] (client) [console.warn] [workbench] unimplemented channel performance.get []
6:14:53 AM [vite] (client) [console.warn] [workbench] unimplemented channel attention.report [{"sessionId":"wb-1","attentionState":"ok","awaitingApproval":false,"status":"green"}]
6:14:53 AM [vite] (client) [console.warn] [workbench] unimplemented channel session.signalReady ["wb-1"]
6:14:53 AM [vite] (client) [console.warn] [workbench] unimplemented channel attention.report [{"sessionId":"wb-1","attentionState":"ok","awaitingApproval":false,"status":"green"}]
6:14:53 AM [vite] (client) [console.warn] [workbench] unimplemented channel attention.report [{"sessionId":"wb-1","attentionState":"ok","awaitingApproval":false,"status":"green"}]
6:14:53 AM [vite] (client) [console.warn] [workbench] unimplemented channel performance.get []
6:14:53 AM [vite] (client) [console.warn] [workbench] unimplemented channel attention.report [{"sessionId":"wb-1","attentionState":"ok","awaitingApproval":false,"status":"green"}]
6:14:57 AM [vite] (client) [console.warn] [workbench] unimplemented channel integrations.list []
6:14:57 AM [vite] (client) [console.warn] [workbench] unimplemented channel integrations.list []
6:14:57 AM [vite] (client) [console.warn] [workbench] unimplemented channel integrations.list []
6:14:58 AM [vite] (client) [console.warn] [workbench] unimplemented channel session.noteSelected [null]
6:14:58 AM [vite] (client) [console.warn] [workbench] unimplemented channel zoom.get []
6:14:58 AM [vite] (client) [console.warn] [workbench] unimplemented channel attention.getSummary []
6:14:58 AM [vite] (client) [console.warn] [workbench] unimplemented channel system.notifyStackState [true]
6:14:58 AM [vite] (client) [console.warn] [workbench] unimplemented channel remote.reportHydrate [{"kept":[]}]
6:14:58 AM [vite] (client) [console.warn] [workbench] unimplemented channel remote.getClientCount []
6:14:58 AM [vite] (client) [console.warn] [workbench] unimplemented channel commands.list []
6:14:58 AM [vite] (client) [console.warn] [workbench] unimplemented channel skills.getCuratedDefaults []
6:14:58 AM [vite] (client) [console.warn] [workbench] unimplemented channel window.setIcon [null]
6:14:58 AM [vite] (client) [console.warn] [workbench] unimplemented channel session.noteSelected [null]
6:14:58 AM [vite] (client) [console.warn] [workbench] unimplemented channel zoom.get []
6:14:58 AM [vite] (client) [console.warn] [workbench] unimplemented channel attention.getSummary []
6:14:58 AM [vite] (client) [console.warn] [workbench] unimplemented channel system.notifyStackState [true]
6:14:58 AM [vite] (client) [console.warn] [workbench] unimplemented channel remote.reportHydrate [{"kept":[]}]
6:14:58 AM [vite] (client) [console.warn] [workbench] unimplemented channel remote.getClientCount []
6:14:58 AM [vite] (client) [console.warn] [workbench] unimplemented channel commands.list []
6:14:58 AM [vite] (client) [console.warn] [workbench] unimplemented channel skills.getCuratedDefaults []
6:14:58 AM [vite] (client) [console.warn] [workbench] unimplemented channel window.setIcon [null]
6:14:58 AM [vite] (client) [console.warn] [workbench] unimplemented channel native.getPermissionMode ["wb-2"]
6:14:59 AM [vite] (client) [console.warn] [workbench] unimplemented channel remote.preview []
6:14:59 AM [vite] (client) [console.warn] [workbench] unimplemented channel native.getPermissionMode ["wb-2"]
6:14:59 AM [vite] (client) [console.warn] [workbench] unimplemented channel session.signalReady ["wb-1"]
6:14:59 AM [vite] (client) [console.warn] [workbench] unimplemented channel performance.get []
6:14:59 AM [vite] (client) [console.warn] [workbench] unimplemented channel attention.report [{"sessionId":"wb-1","attentionState":"ok","awaitingApproval":false,"status":"green"}]
6:14:59 AM [vite] (client) [console.warn] [workbench] unimplemented channel remote.preview []
6:14:59 AM [vite] (client) [console.warn] [workbench] unimplemented channel session.signalReady ["wb-1"]
6:14:59 AM [vite] (client) [console.warn] [workbench] unimplemented channel performance.get []
6:14:59 AM [vite] (client) [console.warn] [workbench] unimplemented channel attention.report [{"sessionId":"wb-1","attentionState":"ok","awaitingApproval":false,"status":"green"}]
6:14:59 AM [vite] (client) [console.warn] [workbench] unimplemented channel session.noteSelected [null]
6:14:59 AM [vite] (client) [console.warn] [workbench] unimplemented channel zoom.get []
6:14:59 AM [vite] (client) [console.warn] [workbench] unimplemented channel attention.getSummary []
6:14:59 AM [vite] (client) [console.warn] [workbench] unimplemented channel system.notifyStackState [true]
6:14:59 AM [vite] (client) [console.warn] [workbench] unimplemented channel remote.reportHydrate [{"kept":[]}]
6:14:59 AM [vite] (client) [console.warn] [workbench] unimplemented channel remote.getClientCount []
6:14:59 AM [vite] (client) [console.warn] [workbench] unimplemented channel commands.list []
6:14:59 AM [vite] (client) [console.warn] [workbench] unimplemented channel skills.getCuratedDefaults []
6:14:59 AM [vite] (client) [console.warn] [workbench] unimplemented channel window.setIcon [null]
6:15:00 AM [vite] (client) [console.warn] [workbench] unimplemented channel native.getPermissionMode ["wb-2"]
6:15:00 AM [vite] (client) [console.warn] [workbench] unimplemented channel remote.preview []
6:15:00 AM [vite] (client) [console.warn] [workbench] unimplemented channel session.signalReady ["wb-1"]
6:15:00 AM [vite] (client) [console.warn] [workbench] unimplemented channel performance.get []
6:15:00 AM [vite] (client) [console.warn] [workbench] unimplemented channel attention.report [{"sessionId":"wb-1","attentionState":"ok","awaitingApproval":false,"status":"green"}]
6:15:01 AM [vite] (client) [console.warn] [workbench] unimplemented channel session.noteSelected [null]
6:15:01 AM [vite] (client) [console.warn] [workbench] unimplemented channel zoom.get []
6:15:01 AM [vite] (client) [console.warn] [workbench] unimplemented channel attention.getSummary []
6:15:01 AM [vite] (client) [console.warn] [workbench] unimplemented channel system.notifyStackState [true]
6:15:01 AM [vite] (client) [console.warn] [workbench] unimplemented channel remote.reportHydrate [{"kept":[]}]
6:15:01 AM [vite] (client) [console.warn] [workbench] unimplemented channel remote.getClientCount []
6:15:01 AM [vite] (client) [console.warn] [workbench] unimplemented channel commands.list []
6:15:01 AM [vite] (client) [console.warn] [workbench] unimplemented channel skills.getCuratedDefaults []
6:15:01 AM [vite] (client) [console.warn] [workbench] unimplemented channel window.setIcon [null]
6:15:01 AM [vite] (client) [console.warn] [workbench] unimplemented channel native.getPermissionMode ["wb-2"]
6:15:01 AM [vite] (client) [console.warn] [workbench] unimplemented channel remote.preview []
6:15:01 AM [vite] (client) [console.warn] [workbench] unimplemented channel session.signalReady ["wb-1"]
6:15:01 AM [vite] (client) [console.warn] [workbench] unimplemented channel performance.get []
6:15:01 AM [vite] (client) [console.warn] [workbench] unimplemented channel attention.report [{"sessionId":"wb-1","attentionState":"ok","awaitingApproval":false,"status":"green"}]
6:15:05 AM [vite] (client) [console.warn] [workbench] unimplemented channel session.noteSelected [null]
6:15:05 AM [vite] (client) [console.warn] [workbench] unimplemented channel zoom.get []
6:15:05 AM [vite] (client) [console.warn] [workbench] unimplemented channel attention.getSummary []
6:15:05 AM [vite] (client) [console.warn] [workbench] unimplemented channel system.notifyStackState [true]
6:15:05 AM [vite] (client) [console.warn] [workbench] unimplemented channel remote.reportHydrate [{"kept":[]}]
6:15:05 AM [vite] (client) [console.warn] [workbench] unimplemented channel remote.getClientCount []
6:15:05 AM [vite] (client) [console.warn] [workbench] unimplemented channel commands.list []
6:15:05 AM [vite] (client) [console.warn] [workbench] unimplemented channel skills.getCuratedDefaults []
6:15:05 AM [vite] (client) [console.warn] [workbench] unimplemented channel window.setIcon [null]
6:15:05 AM [vite] (client) [console.warn] [workbench] unimplemented channel native.getPermissionMode ["wb-2"]
6:15:05 AM [vite] (client) [console.warn] [workbench] unimplemented channel remote.preview []
6:15:05 AM [vite] (client) [console.warn] [workbench] unimplemented channel session.signalReady ["wb-1"]
6:15:05 AM [vite] (client) [console.warn] [workbench] unimplemented channel performance.get []
6:15:05 AM [vite] (client) [console.warn] [workbench] unimplemented channel attention.report [{"sessionId":"wb-1","attentionState":"ok","awaitingApproval":false,"status":"green"}]
6:15:06 AM [vite] (client) [console.warn] [workbench] unimplemented channel integrations.list []
6:15:14 AM [vite] (client) [console.warn] [workbench] unimplemented channel session.noteSelected [null]
6:15:14 AM [vite] (client) [console.warn] [workbench] unimplemented channel zoom.get []
6:15:14 AM [vite] (client) [console.warn] [workbench] unimplemented channel attention.getSummary []
6:15:14 AM [vite] (client) [console.warn] [workbench] unimplemented channel system.notifyStackState [true]
6:15:14 AM [vite] (client) [console.warn] [workbench] unimplemented channel remote.reportHydrate [{"kept":[]}]
6:15:14 AM [vite] (client) [console.warn] [workbench] unimplemented channel remote.getClientCount []
6:15:14 AM [vite] (client) [console.warn] [workbench] unimplemented channel commands.list []
6:15:14 AM [vite] (client) [console.warn] [workbench] unimplemented channel skills.getCuratedDefaults []
6:15:14 AM [vite] (client) [console.warn] [workbench] unimplemented channel window.setIcon [null]
6:15:14 AM [vite] (client) [console.warn] [workbench] unimplemented channel native.getPermissionMode ["wb-2"]
6:15:14 AM [vite] (client) [console.warn] [workbench] unimplemented channel remote.preview []
6:15:14 AM [vite] (client) [console.warn] [workbench] unimplemented channel session.signalReady ["wb-1"]
6:15:14 AM [vite] (client) [console.warn] [workbench] unimplemented channel performance.get []
6:15:14 AM [vite] (client) [console.warn] [workbench] unimplemented channel attention.report [{"sessionId":"wb-1","attentionState":"ok","awaitingApproval":false,"status":"green"}]
6:15:20 AM [vite] (client) [console.warn] [workbench] unimplemented channel session.noteSelected [null]
6:15:20 AM [vite] (client) [console.warn] [workbench] unimplemented channel zoom.get []
6:15:20 AM [vite] (client) [console.warn] [workbench] unimplemented channel attention.getSummary []
6:15:20 AM [vite] (client) [console.warn] [workbench] unimplemented channel system.notifyStackState [true]
6:15:20 AM [vite] (client) [console.warn] [workbench] unimplemented channel remote.reportHydrate [{"kept":[]}]
6:15:20 AM [vite] (client) [console.warn] [workbench] unimplemented channel remote.getClientCount []
6:15:20 AM [vite] (client) [console.warn] [workbench] unimplemented channel commands.list []
6:15:20 AM [vite] (client) [console.warn] [workbench] unimplemented channel skills.getCuratedDefaults []
6:15:20 AM [vite] (client) [console.warn] [workbench] unimplemented channel window.setIcon [null]
6:15:20 AM [vite] (client) [console.warn] [workbench] unimplemented channel native.getPermissionMode ["wb-2"]
6:15:20 AM [vite] (client) [console.warn] [workbench] unimplemented channel remote.preview []
6:15:20 AM [vite] (client) [console.warn] [workbench] unimplemented channel session.signalReady ["wb-1"]
6:15:20 AM [vite] (client) [console.warn] [workbench] unimplemented channel performance.get []
6:15:20 AM [vite] (client) [console.warn] [workbench] unimplemented channel attention.report [{"sessionId":"wb-1","attentionState":"ok","awaitingApproval":false,"status":"green"}]
6:15:25 AM [vite] (client) [console.warn] [workbench] unimplemented channel session.noteSelected [null]
6:15:25 AM [vite] (client) [console.warn] [workbench] unimplemented channel zoom.get []
6:15:25 AM [vite] (client) [console.warn] [workbench] unimplemented channel attention.getSummary []
6:15:25 AM [vite] (client) [console.warn] [workbench] unimplemented channel system.notifyStackState [true]
6:15:25 AM [vite] (client) [console.warn] [workbench] unimplemented channel remote.reportHydrate [{"kept":[]}]
6:15:25 AM [vite] (client) [console.warn] [workbench] unimplemented channel remote.getClientCount []
6:15:25 AM [vite] (client) [console.warn] [workbench] unimplemented channel commands.list []
6:15:25 AM [vite] (client) [console.warn] [workbench] unimplemented channel skills.getCuratedDefaults []
6:15:25 AM [vite] (client) [console.warn] [workbench] unimplemented channel window.setIcon [null]
6:15:25 AM [vite] (client) [console.warn] [workbench] unimplemented channel native.getPermissionMode ["wb-2"]
6:15:25 AM [vite] (client) [console.warn] [workbench] unimplemented channel remote.preview []
6:15:26 AM [vite] (client) [console.warn] [workbench] unimplemented channel session.signalReady ["wb-1"]
6:15:26 AM [vite] (client) [console.warn] [workbench] unimplemented channel performance.get []
6:15:26 AM [vite] (client) [console.warn] [workbench] unimplemented channel attention.report [{"sessionId":"wb-1","attentionState":"ok","awaitingApproval":false,"status":"green"}]
6:15:32 AM [vite] (client) [console.warn] [workbench] unimplemented channel session.noteSelected [null]
6:15:32 AM [vite] (client) [console.warn] [workbench] unimplemented channel zoom.get []
6:15:32 AM [vite] (client) [console.warn] [workbench] unimplemented channel attention.getSummary []
6:15:32 AM [vite] (client) [console.warn] [workbench] unimplemented channel system.notifyStackState [true]
6:15:32 AM [vite] (client) [console.warn] [workbench] unimplemented channel remote.reportHydrate [{"kept":[]}]
6:15:32 AM [vite] (client) [console.warn] [workbench] unimplemented channel remote.getClientCount []
6:15:32 AM [vite] (client) [console.warn] [workbench] unimplemented channel commands.list []
6:15:32 AM [vite] (client) [console.warn] [workbench] unimplemented channel skills.getCuratedDefaults []
6:15:32 AM [vite] (client) [console.warn] [workbench] unimplemented channel window.setIcon [null]
6:15:32 AM [vite] (client) [console.warn] [workbench] unimplemented channel native.getPermissionMode ["wb-2"]
6:15:32 AM [vite] (client) [console.warn] [workbench] unimplemented channel remote.preview []
6:15:32 AM [vite] (client) [console.warn] [workbench] unimplemented channel session.signalReady ["wb-1"]
6:15:32 AM [vite] (client) [console.warn] [workbench] unimplemented channel performance.get []
6:15:32 AM [vite] (client) [console.warn] [workbench] unimplemented channel attention.report [{"sessionId":"wb-1","attentionState":"ok","awaitingApproval":false,"status":"green"}]
6:15:38 AM [vite] (client) [console.warn] [workbench] unimplemented channel session.noteSelected [null]
6:15:38 AM [vite] (client) [console.warn] [workbench] unimplemented channel zoom.get []
6:15:38 AM [vite] (client) [console.warn] [workbench] unimplemented channel attention.getSummary []
6:15:38 AM [vite] (client) [console.warn] [workbench] unimplemented channel system.notifyStackState [true]
6:15:38 AM [vite] (client) [console.warn] [workbench] unimplemented channel remote.reportHydrate [{"kept":[]}]
6:15:38 AM [vite] (client) [console.warn] [workbench] unimplemented channel remote.getClientCount []
6:15:38 AM [vite] (client) [console.warn] [workbench] unimplemented channel commands.list []
6:15:38 AM [vite] (client) [console.warn] [workbench] unimplemented channel skills.getCuratedDefaults []
6:15:38 AM [vite] (client) [console.warn] [workbench] unimplemented channel window.setIcon [null]
6:15:38 AM [vite] (client) [console.warn] [workbench] unimplemented channel native.getPermissionMode ["wb-2"]
6:15:38 AM [vite] (client) [console.warn] [workbench] unimplemented channel remote.preview []
6:15:38 AM [vite] (client) [console.warn] [workbench] unimplemented channel session.signalReady ["wb-1"]
6:15:38 AM [vite] (client) [console.warn] [workbench] unimplemented channel performance.get []
6:15:38 AM [vite] (client) [console.warn] [workbench] unimplemented channel attention.report [{"sessionId":"wb-1","attentionState":"ok","awaitingApproval":false,"status":"green"}]
6:15:41 AM [vite] (client) [console.warn] [workbench] unimplemented channel integrations.list []
6:15:44 AM [vite] (client) [console.warn] [workbench] unimplemented channel session.noteSelected [null]
6:15:44 AM [vite] (client) [console.warn] [workbench] unimplemented channel zoom.get []
6:15:44 AM [vite] (client) [console.warn] [workbench] unimplemented channel attention.getSummary []
6:15:44 AM [vite] (client) [console.warn] [workbench] unimplemented channel system.notifyStackState [true]
6:15:44 AM [vite] (client) [console.warn] [workbench] unimplemented channel remote.reportHydrate [{"kept":[]}]
6:15:44 AM [vite] (client) [console.warn] [workbench] unimplemented channel remote.getClientCount []
6:15:44 AM [vite] (client) [console.warn] [workbench] unimplemented channel commands.list []
6:15:44 AM [vite] (client) [console.warn] [workbench] unimplemented channel skills.getCuratedDefaults []
6:15:44 AM [vite] (client) [console.warn] [workbench] unimplemented channel window.setIcon [null]
6:15:44 AM [vite] (client) [console.warn] [workbench] unimplemented channel native.getPermissionMode ["wb-2"]
6:15:44 AM [vite] (client) [console.warn] [workbench] unimplemented channel remote.preview []
6:15:44 AM [vite] (client) [console.warn] [workbench] unimplemented channel session.signalReady ["wb-1"]
6:15:44 AM [vite] (client) [console.warn] [workbench] unimplemented channel performance.get []
6:15:44 AM [vite] (client) [console.warn] [workbench] unimplemented channel attention.report [{"sessionId":"wb-1","attentionState":"ok","awaitingApproval":false,"status":"green"}]
6:15:46 AM [vite] (client) [console.warn] [workbench] unimplemented channel session.switch ["wb-5"]
6:15:47 AM [vite] (client) [console.warn] [workbench] unimplemented channel native.sessionsList []
6:15:51 AM [vite] (client) [console.warn] [workbench] unimplemented channel session.noteSelected [null]
6:15:51 AM [vite] (client) [console.warn] [workbench] unimplemented channel zoom.get []
6:15:51 AM [vite] (client) [console.warn] [workbench] unimplemented channel attention.getSummary []
6:15:51 AM [vite] (client) [console.warn] [workbench] unimplemented channel system.notifyStackState [true]
6:15:51 AM [vite] (client) [console.warn] [workbench] unimplemented channel remote.reportHydrate [{"kept":[]}]
6:15:51 AM [vite] (client) [console.warn] [workbench] unimplemented channel remote.getClientCount []
6:15:51 AM [vite] (client) [console.warn] [workbench] unimplemented channel commands.list []
6:15:51 AM [vite] (client) [console.warn] [workbench] unimplemented channel skills.getCuratedDefaults []
6:15:51 AM [vite] (client) [console.warn] [workbench] unimplemented channel window.setIcon [null]
6:15:51 AM [vite] (client) [console.warn] [workbench] unimplemented channel native.getPermissionMode ["wb-2"]
6:15:51 AM [vite] (client) [console.warn] [workbench] unimplemented channel remote.preview []
6:15:51 AM [vite] (client) [console.warn] [workbench] unimplemented channel session.signalReady ["wb-1"]
6:15:51 AM [vite] (client) [console.warn] [workbench] unimplemented channel performance.get []
6:15:51 AM [vite] (client) [console.warn] [workbench] unimplemented channel attention.report [{"sessionId":"wb-1","attentionState":"ok","awaitingApproval":false,"status":"green"}]
6:15:59 AM [vite] (client) [console.warn] [workbench] unimplemented channel session.noteSelected [null]
6:15:59 AM [vite] (client) [console.warn] [workbench] unimplemented channel zoom.get []
6:15:59 AM [vite] (client) [console.warn] [workbench] unimplemented channel attention.getSummary []
6:15:59 AM [vite] (client) [console.warn] [workbench] unimplemented channel system.notifyStackState [true]
6:15:59 AM [vite] (client) [console.warn] [workbench] unimplemented channel remote.reportHydrate [{"kept":[]}]
6:15:59 AM [vite] (client) [console.warn] [workbench] unimplemented channel remote.getClientCount []
6:15:59 AM [vite] (client) [console.warn] [workbench] unimplemented channel commands.list []
6:15:59 AM [vite] (client) [console.warn] [workbench] unimplemented channel skills.getCuratedDefaults []
6:15:59 AM [vite] (client) [console.warn] [workbench] unimplemented channel window.setIcon [null]
6:15:59 AM [vite] (client) [console.warn] [workbench] unimplemented channel native.getPermissionMode ["wb-2"]
6:15:59 AM [vite] (client) [console.warn] [workbench] unimplemented channel remote.preview []
6:15:59 AM [vite] (client) [console.warn] [workbench] unimplemented channel session.signalReady ["wb-1"]
6:15:59 AM [vite] (client) [console.warn] [workbench] unimplemented channel performance.get []
6:15:59 AM [vite] (client) [console.warn] [workbench] unimplemented channel attention.report [{"sessionId":"wb-1","attentionState":"ok","awaitingApproval":false,"status":"green"}]
